<?xml version="1.0"?>
<link_info>
   <banner>TMS320C55x Linker PC v4.4.1</banner>
   <copyright>Copyright (c) 1996-2012 Texas Instruments Incorporated</copyright>
   <link_time>0x5e684ae7</link_time>
   <output_file>biosproj1.out</output_file>
   <entry_point>
      <name>_c_int00</name>
      <address>0xb749</address>
   </entry_point>
   <input_file_list>
      <input_file id="fl-2">
         <path>.\</path>
         <kind>object</kind>
         <file>aic3204.obj</file>
         <name>aic3204.obj</name>
      </input_file>
      <input_file id="fl-3">
         <path>.\</path>
         <kind>object</kind>
         <file>audioProcessing.obj</file>
         <name>audioProcessing.obj</name>
      </input_file>
      <input_file id="fl-4">
         <path>.\</path>
         <kind>object</kind>
         <file>ezdsp5502.obj</file>
         <name>ezdsp5502.obj</name>
      </input_file>
      <input_file id="fl-5">
         <path>.\</path>
         <kind>object</kind>
         <file>ezdsp5502_gpio.obj</file>
         <name>ezdsp5502_gpio.obj</name>
      </input_file>
      <input_file id="fl-6">
         <path>.\</path>
         <kind>object</kind>
         <file>ezdsp5502_i2c.obj</file>
         <name>ezdsp5502_i2c.obj</name>
      </input_file>
      <input_file id="fl-7">
         <path>.\</path>
         <kind>object</kind>
         <file>ezdsp5502_i2cgpio.obj</file>
         <name>ezdsp5502_i2cgpio.obj</name>
      </input_file>
      <input_file id="fl-8">
         <path>.\</path>
         <kind>object</kind>
         <file>ezdsp5502_mcbsp.obj</file>
         <name>ezdsp5502_mcbsp.obj</name>
      </input_file>
      <input_file id="fl-9">
         <path>.\</path>
         <kind>object</kind>
         <file>hellocfg.obj</file>
         <name>hellocfg.obj</name>
      </input_file>
      <input_file id="fl-a">
         <path>.\</path>
         <kind>object</kind>
         <file>hellocfg_c.obj</file>
         <name>hellocfg_c.obj</name>
      </input_file>
      <input_file id="fl-b">
         <path>.\</path>
         <kind>object</kind>
         <file>main.obj</file>
         <name>main.obj</name>
      </input_file>
      <input_file id="fl-c">
         <path>.\</path>
         <kind>object</kind>
         <file>myfir.obj</file>
         <name>myfir.obj</name>
      </input_file>
      <input_file id="fl-d">
         <path>.\</path>
         <kind>object</kind>
         <file>nco.obj</file>
         <name>nco.obj</name>
      </input_file>
      <input_file id="fl-2d">
         <path>C:\ti\bios_5_42_01_09\packages\ti\bios\lib\</path>
         <kind>archive</kind>
         <file>bios.a55L</file>
         <name>biosdata.o55L</name>
      </input_file>
      <input_file id="fl-2e">
         <path>C:\ti\bios_5_42_01_09\packages\ti\bios\lib\</path>
         <kind>archive</kind>
         <file>bios.a55L</file>
         <name>knl_swit.o55L</name>
      </input_file>
      <input_file id="fl-2f">
         <path>C:\ti\bios_5_42_01_09\packages\ti\bios\lib\</path>
         <kind>archive</kind>
         <file>bios.a55L</file>
         <name>swi.o55L</name>
      </input_file>
      <input_file id="fl-30">
         <path>C:\ti\bios_5_42_01_09\packages\ti\bios\lib\</path>
         <kind>archive</kind>
         <file>bios5502.a55L</file>
         <name>clk5502_htime.o55L</name>
      </input_file>
      <input_file id="fl-31">
         <path>C:\ti\bios_5_42_01_09\packages\ti\bios\lib\</path>
         <kind>archive</kind>
         <file>bios.a55L</file>
         <name>clk_run.o55L</name>
      </input_file>
      <input_file id="fl-32">
         <path>C:\ti\bios_5_42_01_09\packages\ti\bios\lib\</path>
         <kind>archive</kind>
         <file>bios.a55L</file>
         <name>fxn_c.o55L</name>
      </input_file>
      <input_file id="fl-33">
         <path>C:\ti\bios_5_42_01_09\packages\ti\bios\lib\</path>
         <kind>archive</kind>
         <file>bios.a55L</file>
         <name>idl_stub.o55L</name>
      </input_file>
      <input_file id="fl-34">
         <path>C:\ti\bios_5_42_01_09\packages\ti\bios\lib\</path>
         <kind>archive</kind>
         <file>bios.a55L</file>
         <name>utl_doab.o55L</name>
      </input_file>
      <input_file id="fl-35">
         <path>C:\ti\bios_5_42_01_09\packages\ti\bios\lib\</path>
         <kind>archive</kind>
         <file>bios.a55L</file>
         <name>utl_doer.o55L</name>
      </input_file>
      <input_file id="fl-36">
         <path>C:\ti\bios_5_42_01_09\packages\ti\bios\lib\</path>
         <kind>archive</kind>
         <file>bios.a55L</file>
         <name>utl_putc.o55L</name>
      </input_file>
      <input_file id="fl-37">
         <path>C:\ti\bios_5_42_01_09\packages\ti\bios\lib\</path>
         <kind>archive</kind>
         <file>bios.a55L</file>
         <name>utl_halt.o55L</name>
      </input_file>
      <input_file id="fl-38">
         <path>C:\ti\bios_5_42_01_09\packages\ti\bios\lib\</path>
         <kind>archive</kind>
         <file>bios5502.a55L</file>
         <name>clk_isr.o55L</name>
      </input_file>
      <input_file id="fl-39">
         <path>C:\ti\bios_5_42_01_09\packages\ti\bios\lib\</path>
         <kind>archive</kind>
         <file>bios.a55L</file>
         <name>clk_itime.o55L</name>
      </input_file>
      <input_file id="fl-3a">
         <path>C:\ti\bios_5_42_01_09\packages\ti\bios\lib\</path>
         <kind>archive</kind>
         <file>bios.a55L</file>
         <name>fxn.o55L</name>
      </input_file>
      <input_file id="fl-3b">
         <path>C:\ti\bios_5_42_01_09\packages\ti\bios\lib\</path>
         <kind>archive</kind>
         <file>bios.a55L</file>
         <name>boot.o55L</name>
      </input_file>
      <input_file id="fl-3c">
         <path>C:\ti\bios_5_42_01_09\packages\ti\bios\lib\</path>
         <kind>archive</kind>
         <file>bios.a55L</file>
         <name>trc.o55L</name>
      </input_file>
      <input_file id="fl-3d">
         <path>C:\ti\bios_5_42_01_09\packages\ti\bios\lib\</path>
         <kind>archive</kind>
         <file>bios.a55L</file>
         <name>hwi_disp_asm.o55L</name>
      </input_file>
      <input_file id="fl-3e">
         <path>C:\ti\bios_5_42_01_09\packages\ti\bios\lib\</path>
         <kind>archive</kind>
         <file>bios.a55L</file>
         <name>idl_busy.o55L</name>
      </input_file>
      <input_file id="fl-3f">
         <path>C:\ti\bios_5_42_01_09\packages\ti\bios\lib\</path>
         <kind>archive</kind>
         <file>bios.a55L</file>
         <name>idl.o55L</name>
      </input_file>
      <input_file id="fl-40">
         <path>C:\ti\bios_5_42_01_09\packages\ti\bios\lib\</path>
         <kind>archive</kind>
         <file>lnkrtdx.a55L</file>
         <name>rtdx.o55L</name>
      </input_file>
      <input_file id="fl-41">
         <path>C:\ti\bios_5_42_01_09\packages\ti\bios\lib\</path>
         <kind>archive</kind>
         <file>bios.a55L</file>
         <name>log.o55L</name>
      </input_file>
      <input_file id="fl-42">
         <path>C:\ti\bios_5_42_01_09\packages\ti\bios\lib\</path>
         <kind>archive</kind>
         <file>bios.a55L</file>
         <name>pip.o55L</name>
      </input_file>
      <input_file id="fl-43">
         <path>C:\ti\bios_5_42_01_09\packages\ti\bios\lib\</path>
         <kind>archive</kind>
         <file>bios.a55L</file>
         <name>prd.o55L</name>
      </input_file>
      <input_file id="fl-44">
         <path>C:\ti\bios_5_42_01_09\packages\ti\bios\lib\</path>
         <kind>archive</kind>
         <file>bios.a55L</file>
         <name>rta.o55L</name>
      </input_file>
      <input_file id="fl-45">
         <path>C:\ti\bios_5_42_01_09\packages\ti\bios\lib\</path>
         <kind>archive</kind>
         <file>bios.a55L</file>
         <name>sts.o55L</name>
      </input_file>
      <input_file id="fl-46">
         <path>C:\ti\bios_5_42_01_09\packages\ti\bios\lib\</path>
         <kind>archive</kind>
         <file>bios.a55L</file>
         <name>c55_enable.o55L</name>
      </input_file>
      <input_file id="fl-47">
         <path>C:\ti\bios_5_42_01_09\packages\ti\bios\lib\</path>
         <kind>archive</kind>
         <file>bios.a55L</file>
         <name>c55_c.o55L</name>
      </input_file>
      <input_file id="fl-48">
         <path>C:\ti\bios_5_42_01_09\packages\ti\bios\lib\</path>
         <kind>archive</kind>
         <file>bios.a55L</file>
         <name>clk_data.o55L</name>
      </input_file>
      <input_file id="fl-49">
         <path>C:\ti\bios_5_42_01_09\packages\ti\bios\lib\</path>
         <kind>archive</kind>
         <file>bios.a55L</file>
         <name>clk_data2.o55L</name>
      </input_file>
      <input_file id="fl-4a">
         <path>C:\ti\bios_5_42_01_09\packages\ti\bios\lib\</path>
         <kind>archive</kind>
         <file>bios5502.a55L</file>
         <name>clk5502_start.o55L</name>
      </input_file>
      <input_file id="fl-4b">
         <path>C:\ti\bios_5_42_01_09\packages\ti\bios\lib\</path>
         <kind>archive</kind>
         <file>bios5502.a55L</file>
         <name>clk5502_startHtime.o55L</name>
      </input_file>
      <input_file id="fl-4c">
         <path>C:\ti\bios_5_42_01_09\packages\ti\bios\lib\</path>
         <kind>archive</kind>
         <file>bios5502.a55L</file>
         <name>clk5502_wdog.o55L</name>
      </input_file>
      <input_file id="fl-4d">
         <path>C:\Windows\system32\config\systemprofile\Desktop\ecen498_spring_2020\ezdsp5502_v1\C55xxCSL\lib\</path>
         <kind>archive</kind>
         <file>csl5502x.lib</file>
         <name>csl.obj</name>
      </input_file>
      <input_file id="fl-4e">
         <path>C:\Windows\system32\config\systemprofile\Desktop\ecen498_spring_2020\ezdsp5502_v1\C55xxCSL\lib\</path>
         <kind>archive</kind>
         <file>csl5502x.lib</file>
         <name>csl_gpiodat.obj</name>
      </input_file>
      <input_file id="fl-4f">
         <path>C:\Windows\system32\config\systemprofile\Desktop\ecen498_spring_2020\ezdsp5502_v1\C55xxCSL\lib\</path>
         <kind>archive</kind>
         <file>csl5502x.lib</file>
         <name>csl_csldat.obj</name>
      </input_file>
      <input_file id="fl-50">
         <path>C:\ti\bios_5_42_01_09\packages\ti\bios\lib\</path>
         <kind>archive</kind>
         <file>bios.a55L</file>
         <name>gbl_vers.o55L</name>
      </input_file>
      <input_file id="fl-51">
         <path>C:\ti\bios_5_42_01_09\packages\ti\bios\lib\</path>
         <kind>archive</kind>
         <file>bios.a55L</file>
         <name>hwi_xable.o55L</name>
      </input_file>
      <input_file id="fl-52">
         <path>C:\Windows\system32\config\systemprofile\Desktop\ecen498_spring_2020\ezdsp5502_v1\C55xxCSL\lib\</path>
         <kind>archive</kind>
         <file>csl5502x.lib</file>
         <name>i2c_read.obj</name>
      </input_file>
      <input_file id="fl-53">
         <path>C:\Windows\system32\config\systemprofile\Desktop\ecen498_spring_2020\ezdsp5502_v1\C55xxCSL\lib\</path>
         <kind>archive</kind>
         <file>csl5502x.lib</file>
         <name>i2c_write.obj</name>
      </input_file>
      <input_file id="fl-54">
         <path>C:\ti\bios_5_42_01_09\packages\ti\bios\lib\</path>
         <kind>archive</kind>
         <file>bios.a55L</file>
         <name>idl_cal.o55L</name>
      </input_file>
      <input_file id="fl-55">
         <path>C:\ti\bios_5_42_01_09\packages\ti\bios\lib\</path>
         <kind>archive</kind>
         <file>bios5502.a55L</file>
         <name>clk5502_meas.o55L</name>
      </input_file>
      <input_file id="fl-56">
         <path>C:\Windows\system32\config\systemprofile\Desktop\ecen498_spring_2020\ezdsp5502_v1\C55xxCSL\lib\</path>
         <kind>archive</kind>
         <file>csl5502x.lib</file>
         <name>irq_gdisab.obj</name>
      </input_file>
      <input_file id="fl-57">
         <path>C:\Windows\system32\config\systemprofile\Desktop\ecen498_spring_2020\ezdsp5502_v1\C55xxCSL\lib\</path>
         <kind>archive</kind>
         <file>csl5502x.lib</file>
         <name>irq_grest.obj</name>
      </input_file>
      <input_file id="fl-58">
         <path>C:\ti\bios_5_42_01_09\packages\ti\bios\lib\</path>
         <kind>archive</kind>
         <file>bios.a55L</file>
         <name>knl_exit.o55L</name>
      </input_file>
      <input_file id="fl-59">
         <path>C:\ti\bios_5_42_01_09\packages\ti\bios\lib\</path>
         <kind>archive</kind>
         <file>bios.a55L</file>
         <name>knl_chec.o55L</name>
      </input_file>
      <input_file id="fl-5a">
         <path>C:\ti\bios_5_42_01_09\packages\ti\bios\lib\</path>
         <kind>archive</kind>
         <file>bios.a55L</file>
         <name>knl.o55L</name>
      </input_file>
      <input_file id="fl-5b">
         <path>C:\ti\bios_5_42_01_09\packages\ti\bios\lib\</path>
         <kind>archive</kind>
         <file>bios.a55L</file>
         <name>knl_run.o55L</name>
      </input_file>
      <input_file id="fl-5c">
         <path>C:\ti\bios_5_42_01_09\packages\ti\bios\lib\</path>
         <kind>archive</kind>
         <file>bios.a55L</file>
         <name>knl_tick.o55L</name>
      </input_file>
      <input_file id="fl-5d">
         <path>C:\ti\bios_5_42_01_09\packages\ti\bios\lib\</path>
         <kind>archive</kind>
         <file>bios.a55L</file>
         <name>knl_post.o55L</name>
      </input_file>
      <input_file id="fl-5e">
         <path>C:\ti\bios_5_42_01_09\packages\ti\bios\lib\</path>
         <kind>archive</kind>
         <file>bios.a55L</file>
         <name>knl_ipos.o55L</name>
      </input_file>
      <input_file id="fl-5f">
         <path>C:\ti\bios_5_42_01_09\packages\ti\bios\lib\</path>
         <kind>archive</kind>
         <file>bios.a55L</file>
         <name>mbx.o55L</name>
      </input_file>
      <input_file id="fl-60">
         <path>C:\Windows\system32\config\systemprofile\Desktop\ecen498_spring_2020\ezdsp5502_v1\C55xxCSL\lib\</path>
         <kind>archive</kind>
         <file>csl5502x.lib</file>
         <name>mcbsp_cls.obj</name>
      </input_file>
      <input_file id="fl-61">
         <path>C:\Windows\system32\config\systemprofile\Desktop\ecen498_spring_2020\ezdsp5502_v1\C55xxCSL\lib\</path>
         <kind>archive</kind>
         <file>csl5502x.lib</file>
         <name>mcbsp_cfg.obj</name>
      </input_file>
      <input_file id="fl-62">
         <path>C:\Windows\system32\config\systemprofile\Desktop\ecen498_spring_2020\ezdsp5502_v1\C55xxCSL\lib\</path>
         <kind>archive</kind>
         <file>csl5502x.lib</file>
         <name>mcbsp_open.obj</name>
      </input_file>
      <input_file id="fl-63">
         <path>C:\Windows\system32\config\systemprofile\Desktop\ecen498_spring_2020\ezdsp5502_v1\C55xxCSL\lib\</path>
         <kind>archive</kind>
         <file>csl5502x.lib</file>
         <name>csl_mcbspdat.obj</name>
      </input_file>
      <input_file id="fl-64">
         <path>C:\Windows\system32\config\systemprofile\Desktop\ecen498_spring_2020\ezdsp5502_v1\C55xxCSL\lib\</path>
         <kind>archive</kind>
         <file>csl5502x.lib</file>
         <name>mcbsp_rst.obj</name>
      </input_file>
      <input_file id="fl-65">
         <path>C:\Windows\system32\config\systemprofile\Desktop\ecen498_spring_2020\ezdsp5502_v1\C55xxCSL\lib\</path>
         <kind>archive</kind>
         <file>csl5502x.lib</file>
         <name>mcbsp_start.obj</name>
      </input_file>
      <input_file id="fl-66">
         <path>C:\ti\bios_5_42_01_09\packages\ti\bios\lib\</path>
         <kind>archive</kind>
         <file>bios.a55L</file>
         <name>mem_asm.o55L</name>
      </input_file>
      <input_file id="fl-67">
         <path>C:\ti\bios_5_42_01_09\packages\ti\bios\lib\</path>
         <kind>archive</kind>
         <file>bios.a55L</file>
         <name>mem_init.o55L</name>
      </input_file>
      <input_file id="fl-68">
         <path>C:\ti\bios_5_42_01_09\packages\ti\bios\lib\</path>
         <kind>archive</kind>
         <file>bios.a55L</file>
         <name>obj_init.o55L</name>
      </input_file>
      <input_file id="fl-69">
         <path>C:\ti\bios_5_42_01_09\packages\ti\bios\lib\</path>
         <kind>archive</kind>
         <file>bios.a55L</file>
         <name>rtdx_data.o55L</name>
      </input_file>
      <input_file id="fl-6a">
         <path>C:\ti\bios_5_42_01_09\packages\ti\rtdx\lib\c5500\</path>
         <kind>archive</kind>
         <file>rtdxx.lib</file>
         <name>buffer2.o55L</name>
      </input_file>
      <input_file id="fl-6b">
         <path>C:\ti\bios_5_42_01_09\packages\ti\rtdx\lib\c5500\</path>
         <kind>archive</kind>
         <file>rtdxx.lib</file>
         <name>buffer1.o55L</name>
      </input_file>
      <input_file id="fl-6c">
         <path>C:\ti\bios_5_42_01_09\packages\ti\rtdx\lib\c5500\</path>
         <kind>archive</kind>
         <file>rtdxx.lib</file>
         <name>rtdx_mon.o55L</name>
      </input_file>
      <input_file id="fl-6d">
         <path>C:\ti\bios_5_42_01_09\packages\ti\rtdx\lib\c5500\</path>
         <kind>archive</kind>
         <file>rtdxx.lib</file>
         <name>intr_tgt.o55L</name>
      </input_file>
      <input_file id="fl-6e">
         <path>C:\ti\bios_5_42_01_09\packages\ti\bios\lib\</path>
         <kind>archive</kind>
         <file>bios.a55L</file>
         <name>sem_pend_counting.o55L</name>
      </input_file>
      <input_file id="fl-6f">
         <path>C:\ti\bios_5_42_01_09\packages\ti\bios\lib\</path>
         <kind>archive</kind>
         <file>bios.a55L</file>
         <name>sem_pend.o55L</name>
      </input_file>
      <input_file id="fl-70">
         <path>C:\ti\bios_5_42_01_09\packages\ti\bios\lib\</path>
         <kind>archive</kind>
         <file>bios.a55L</file>
         <name>sem_post_asm.o55L</name>
      </input_file>
      <input_file id="fl-71">
         <path>C:\ti\bios_5_42_01_09\packages\ti\bios\lib\</path>
         <kind>archive</kind>
         <file>bios.a55L</file>
         <name>sem_post.o55L</name>
      </input_file>
      <input_file id="fl-72">
         <path>C:\ti\bios_5_42_01_09\packages\ti\bios\lib\</path>
         <kind>archive</kind>
         <file>bios.a55L</file>
         <name>sts_set.o55L</name>
      </input_file>
      <input_file id="fl-73">
         <path>C:\ti\bios_5_42_01_09\packages\ti\bios\lib\</path>
         <kind>archive</kind>
         <file>bios.a55L</file>
         <name>tsk.o55L</name>
      </input_file>
      <input_file id="fl-74">
         <path>C:\ti\bios_5_42_01_09\packages\ti\bios\lib\</path>
         <kind>archive</kind>
         <file>bios.a55L</file>
         <name>tsk_exit.o55L</name>
      </input_file>
      <input_file id="fl-75">
         <path>C:\ti\bios_5_42_01_09\packages\ti\bios\lib\</path>
         <kind>archive</kind>
         <file>bios.a55L</file>
         <name>sys_exit.o55L</name>
      </input_file>
      <input_file id="fl-76">
         <path>C:\ti\bios_5_42_01_09\packages\ti\bios\lib\</path>
         <kind>archive</kind>
         <file>bios.a55L</file>
         <name>sys.o55L</name>
      </input_file>
      <input_file id="fl-77">
         <path>C:\ti\bios_5_42_01_09\packages\ti\bios\lib\</path>
         <kind>archive</kind>
         <file>bios.a55L</file>
         <name>tsk_init.o55L</name>
      </input_file>
      <input_file id="fl-78">
         <path>C:\ti\bios_5_42_01_09\packages\ti\bios\lib\</path>
         <kind>archive</kind>
         <file>bios.a55L</file>
         <name>tsk_setu.o55L</name>
      </input_file>
      <input_file id="fl-79">
         <path>C:\ti\bios_5_42_01_09\packages\ti\bios\lib\</path>
         <kind>archive</kind>
         <file>bios.a55L</file>
         <name>tsk_stup.o55L</name>
      </input_file>
      <input_file id="fl-7a">
         <path>C:\ti\bios_5_42_01_09\packages\ti\bios\lib\</path>
         <kind>archive</kind>
         <file>bios.a55L</file>
         <name>lck.o55L</name>
      </input_file>
      <input_file id="fl-7b">
         <path>C:\ti\bios_5_42_01_09\packages\ti\bios\lib\</path>
         <kind>archive</kind>
         <file>bios.a55L</file>
         <name>sys_abor.o55L</name>
      </input_file>
      <input_file id="fl-7c">
         <path>C:\Windows\system32\config\systemprofile\Desktop\ecen498_spring_2020\ezdsp5502_v1\C55xxCSL\lib\</path>
         <kind>archive</kind>
         <file>csl5502x.lib</file>
         <name>_csl_init.obj</name>
      </input_file>
      <input_file id="fl-7d">
         <path>C:\ti\bios_5_42_01_09\packages\ti\bios\lib\</path>
         <kind>archive</kind>
         <file>bios.a55L</file>
         <name>sem_dopo.o55L</name>
      </input_file>
      <input_file id="fl-7e">
         <path>C:\ti\ccsv6\tools\compiler\c5500_4.4.1\lib\</path>
         <kind>archive</kind>
         <file>rts55x.lib</file>
         <name>fixdli.obj</name>
      </input_file>
      <input_file id="fl-7f">
         <path>C:\ti\ccsv6\tools\compiler\c5500_4.4.1\lib\</path>
         <kind>archive</kind>
         <file>rts55x.lib</file>
         <name>mpyd.obj</name>
      </input_file>
      <input_file id="fl-80">
         <path>C:\ti\ccsv6\tools\compiler\c5500_4.4.1\lib\</path>
         <kind>archive</kind>
         <file>rts55x.lib</file>
         <name>frcmpyd.obj</name>
      </input_file>
      <input_file id="fl-81">
         <path>C:\ti\ccsv6\tools\compiler\c5500_4.4.1\lib\</path>
         <kind>archive</kind>
         <file>rts55x.lib</file>
         <name>_lock.obj</name>
      </input_file>
      <input_file id="fl-82">
         <path>C:\ti\ccsv6\tools\compiler\c5500_4.4.1\lib\</path>
         <kind>archive</kind>
         <file>rts55x.lib</file>
         <name>atexit.obj</name>
      </input_file>
      <input_file id="fl-83">
         <path>C:\ti\ccsv6\tools\compiler\c5500_4.4.1\lib\</path>
         <kind>archive</kind>
         <file>rts55x.lib</file>
         <name>sinit.obj</name>
      </input_file>
      <input_file id="fl-84">
         <path>C:\ti\ccsv6\tools\compiler\c5500_4.4.1\lib\</path>
         <kind>archive</kind>
         <file>rts55x.lib</file>
         <name>exit.obj</name>
      </input_file>
      <input_file id="fl-85">
         <path>C:\ti\bios_5_42_01_09\packages\ti\bios\lib\</path>
         <kind>archive</kind>
         <file>bios.a55L</file>
         <name>autoinit.o55L</name>
      </input_file>
      <input_file id="fl-86">
         <path>C:\ti\ccsv6\tools\compiler\c5500_4.4.1\lib\</path>
         <kind>archive</kind>
         <file>rts55x.lib</file>
         <name>memcpy.obj</name>
      </input_file>
      <input_file id="fl-87">
         <path>C:\ti\ccsv6\tools\compiler\c5500_4.4.1\lib\</path>
         <kind>archive</kind>
         <file>rts55x.lib</file>
         <name>memset.obj</name>
      </input_file>
      <input_file id="fl-88">
         <path>C:\ti\bios_5_42_01_09\packages\ti\bios\lib\</path>
         <kind>archive</kind>
         <file>bios.a55L</file>
         <name>rta_andn.o55L</name>
      </input_file>
   </input_file_list>
   <object_component_list>
      <object_component id="oc-9a">
         <name>.vers</name>
         <load_address>0x0</load_address>
         <run_address>0x0</run_address>
         <size>0x78</size>
         <input_file_ref idref="fl-9"/>
      </object_component>
      <object_component id="oc-86">
         <name>.clk</name>
         <uninitialized>true</uninitialized>
         <run_address>0xc3c8</run_address>
         <size>0x8</size>
         <input_file_ref idref="fl-9"/>
      </object_component>
      <object_component id="oc-8c">
         <name>.swi</name>
         <uninitialized>true</uninitialized>
         <run_address>0xc2b8</run_address>
         <size>0x50</size>
         <input_file_ref idref="fl-9"/>
      </object_component>
      <object_component id="oc-8f">
         <name>.tsk</name>
         <uninitialized>true</uninitialized>
         <run_address>0xbec4</run_address>
         <size>0x160</size>
         <input_file_ref idref="fl-9"/>
      </object_component>
      <object_component id="oc-94">
         <name>.idl</name>
         <uninitialized>true</uninitialized>
         <run_address>0xc364</run_address>
         <size>0x14</size>
         <input_file_ref idref="fl-9"/>
      </object_component>
      <object_component id="oc-93">
         <name>.idlcal</name>
         <uninitialized>true</uninitialized>
         <run_address>0xc378</run_address>
         <size>0x14</size>
         <input_file_ref idref="fl-9"/>
      </object_component>
      <object_component id="oc-4e">
         <name>.bss</name>
         <uninitialized>true</uninitialized>
         <run_address>0x5c9c</run_address>
         <size>0x28</size>
         <input_file_ref idref="fl-9"/>
      </object_component>
      <object_component id="oc-5e">
         <name>.bss</name>
         <uninitialized>true</uninitialized>
         <run_address>0x5530</run_address>
         <size>0x3b2</size>
         <input_file_ref idref="fl-3"/>
      </object_component>
      <object_component id="oc-6b">
         <name>.bss</name>
         <uninitialized>true</uninitialized>
         <run_address>0x5cd4</run_address>
         <size>0x10</size>
         <input_file_ref idref="fl-5"/>
      </object_component>
      <object_component id="oc-7b">
         <name>.bss</name>
         <uninitialized>true</uninitialized>
         <run_address>0x5d24</run_address>
         <size>0x4</size>
         <input_file_ref idref="fl-8"/>
      </object_component>
      <object_component id="oc-a1">
         <name>.bss</name>
         <uninitialized>true</uninitialized>
         <run_address>0x5d14</run_address>
         <size>0x6</size>
         <input_file_ref idref="fl-b"/>
      </object_component>
      <object_component id="oc-ad">
         <name>.bss</name>
         <uninitialized>true</uninitialized>
         <run_address>0x5128</run_address>
         <size>0x408</size>
         <input_file_ref idref="fl-d"/>
      </object_component>
      <object_component id="oc-d4">
         <name>.bss</name>
         <uninitialized>true</uninitialized>
         <run_address>0x5ce4</run_address>
         <size>0xc</size>
         <input_file_ref idref="fl-36"/>
      </object_component>
      <object_component id="oc-124">
         <name>.bss</name>
         <uninitialized>true</uninitialized>
         <run_address>0x5cfc</run_address>
         <size>0x8</size>
         <input_file_ref idref="fl-48"/>
      </object_component>
      <object_component id="oc-128">
         <name>.bss</name>
         <uninitialized>true</uninitialized>
         <run_address>0x5d1c</run_address>
         <size>0x4</size>
         <input_file_ref idref="fl-49"/>
      </object_component>
      <object_component id="oc-15a">
         <name>.bss</name>
         <uninitialized>true</uninitialized>
         <run_address>0x5a68</run_address>
         <size>0x114</size>
         <input_file_ref idref="fl-5a"/>
      </object_component>
      <object_component id="oc-163">
         <name>.bss</name>
         <uninitialized>true</uninitialized>
         <run_address>0x5cc4</run_address>
         <size>0x10</size>
         <input_file_ref idref="fl-5c"/>
      </object_component>
      <object_component id="oc-17c">
         <name>.bss</name>
         <uninitialized>true</uninitialized>
         <run_address>0x5d20</run_address>
         <size>0x4</size>
         <input_file_ref idref="fl-66"/>
      </object_component>
      <object_component id="oc-184">
         <name>.bss</name>
         <uninitialized>true</uninitialized>
         <run_address>0x5c2c</run_address>
         <size>0x46</size>
         <input_file_ref idref="fl-68"/>
      </object_component>
      <object_component id="oc-18e">
         <name>.bss</name>
         <uninitialized>true</uninitialized>
         <run_address>0x5cf0</run_address>
         <size>0xc</size>
         <input_file_ref idref="fl-6b"/>
      </object_component>
      <object_component id="oc-1aa">
         <name>.bss</name>
         <uninitialized>true</uninitialized>
         <run_address>0x5b7c</run_address>
         <size>0x60</size>
         <input_file_ref idref="fl-73"/>
      </object_component>
      <object_component id="oc-1b8">
         <name>.bss</name>
         <uninitialized>true</uninitialized>
         <run_address>0x5c74</run_address>
         <size>0x28</size>
         <input_file_ref idref="fl-76"/>
      </object_component>
      <object_component id="oc-1c6">
         <name>.bss</name>
         <uninitialized>true</uninitialized>
         <run_address>0x5bdc</run_address>
         <size>0x50</size>
         <input_file_ref idref="fl-79"/>
      </object_component>
      <object_component id="oc-1e7">
         <name>.bss</name>
         <uninitialized>true</uninitialized>
         <run_address>0x5d04</run_address>
         <size>0x8</size>
         <input_file_ref idref="fl-81"/>
      </object_component>
      <object_component id="oc-1ed">
         <name>.bss</name>
         <uninitialized>true</uninitialized>
         <run_address>0x58e4</run_address>
         <size>0x184</size>
         <input_file_ref idref="fl-82"/>
      </object_component>
      <object_component id="oc-1f3">
         <name>.bss</name>
         <uninitialized>true</uninitialized>
         <run_address>0x5d28</run_address>
         <size>0x4</size>
         <input_file_ref idref="fl-83"/>
      </object_component>
      <object_component id="oc-1f9">
         <name>.bss</name>
         <uninitialized>true</uninitialized>
         <run_address>0x5d0c</run_address>
         <size>0x8</size>
         <input_file_ref idref="fl-84"/>
      </object_component>
      <object_component id="oc-f1">
         <name>.hwi_disp_sec</name>
         <uninitialized>true</uninitialized>
         <run_address>0xbd44</run_address>
         <size>0x180</size>
         <input_file_ref idref="fl-3d"/>
      </object_component>
      <object_component id="oc-b4">
         <name>.sysdata</name>
         <uninitialized>true</uninitialized>
         <run_address>0xba0c</run_address>
         <size>0x160</size>
         <input_file_ref idref="fl-2d"/>
      </object_component>
      <object_component id="oc-f6">
         <name>.sysdata</name>
         <uninitialized>true</uninitialized>
         <run_address>0xbba4</run_address>
         <size>0x4</size>
         <input_file_ref idref="fl-3e"/>
      </object_component>
      <object_component id="oc-100">
         <name>.sysdata</name>
         <uninitialized>true</uninitialized>
         <run_address>0xbb98</run_address>
         <size>0xc</size>
         <input_file_ref idref="fl-40"/>
      </object_component>
      <object_component id="oc-112">
         <name>.sysdata</name>
         <uninitialized>true</uninitialized>
         <run_address>0xbb6c</run_address>
         <size>0x2c</size>
         <input_file_ref idref="fl-44"/>
      </object_component>
      <object_component id="oc-81">
         <name>.mem</name>
         <uninitialized>true</uninitialized>
         <run_address>0xa26e</run_address>
         <size>0x2</size>
         <input_file_ref idref="fl-9"/>
      </object_component>
      <object_component id="oc-50">
         <name>.bios</name>
         <load_address>0xc0</load_address>
         <run_address>0xc0</run_address>
         <size>0x3d4</size>
         <input_file_ref idref="fl-2f"/>
      </object_component>
      <object_component id="oc-102">
         <name>.bios</name>
         <load_address>0x494</load_address>
         <run_address>0x494</run_address>
         <size>0x3a3</size>
         <input_file_ref idref="fl-40"/>
      </object_component>
      <object_component id="oc-f2">
         <name>.bios</name>
         <load_address>0x837</load_address>
         <run_address>0x837</run_address>
         <size>0x35f</size>
         <input_file_ref idref="fl-3d"/>
      </object_component>
      <object_component id="oc-134">
         <name>.bios</name>
         <load_address>0xb96</load_address>
         <run_address>0xb96</run_address>
         <size>0x2</size>
         <input_file_ref idref="fl-4c"/>
      </object_component>
      <object_component id="oc-19a">
         <name>.bios</name>
         <load_address>0xb98</load_address>
         <run_address>0xb98</run_address>
         <size>0x18b</size>
         <input_file_ref idref="fl-6f"/>
      </object_component>
      <object_component id="oc-10e">
         <name>.bios</name>
         <load_address>0xd23</load_address>
         <run_address>0xd23</run_address>
         <size>0x186</size>
         <input_file_ref idref="fl-43"/>
      </object_component>
      <object_component id="oc-15f">
         <name>.bios</name>
         <load_address>0xeac</load_address>
         <run_address>0xeac</run_address>
         <size>0x185</size>
         <input_file_ref idref="fl-5b"/>
      </object_component>
      <object_component id="oc-165">
         <name>.bios</name>
         <load_address>0x1034</load_address>
         <run_address>0x1034</run_address>
         <size>0x144</size>
         <input_file_ref idref="fl-5c"/>
      </object_component>
      <object_component id="oc-114">
         <name>.bios</name>
         <load_address>0x1178</load_address>
         <run_address>0x1178</run_address>
         <size>0x130</size>
         <input_file_ref idref="fl-44"/>
      </object_component>
      <object_component id="oc-10a">
         <name>.bios</name>
         <load_address>0x12a8</load_address>
         <run_address>0x12a8</run_address>
         <size>0x119</size>
         <input_file_ref idref="fl-42"/>
      </object_component>
      <object_component id="oc-4c">
         <name>.bios</name>
         <load_address>0x13c1</load_address>
         <run_address>0x13c1</run_address>
         <size>0x10e</size>
         <input_file_ref idref="fl-2e"/>
      </object_component>
      <object_component id="oc-171">
         <name>.bios</name>
         <load_address>0x14d0</load_address>
         <run_address>0x14d0</run_address>
         <size>0x10d</size>
         <input_file_ref idref="fl-5f"/>
      </object_component>
      <object_component id="oc-1d6">
         <name>.bios</name>
         <load_address>0x15e0</load_address>
         <run_address>0x15e0</run_address>
         <size>0x104</size>
         <input_file_ref idref="fl-7d"/>
      </object_component>
      <object_component id="oc-1b0">
         <name>.bios</name>
         <load_address>0x16e4</load_address>
         <run_address>0x16e4</run_address>
         <size>0xf8</size>
         <input_file_ref idref="fl-74"/>
      </object_component>
      <object_component id="oc-1c1">
         <name>.bios</name>
         <load_address>0x17dc</load_address>
         <run_address>0x17dc</run_address>
         <size>0xf6</size>
         <input_file_ref idref="fl-78"/>
      </object_component>
      <object_component id="oc-1c8">
         <name>.bios</name>
         <load_address>0x18d4</load_address>
         <run_address>0x18d4</run_address>
         <size>0xbf</size>
         <input_file_ref idref="fl-79"/>
      </object_component>
      <object_component id="oc-120">
         <name>.bios</name>
         <load_address>0x1993</load_address>
         <run_address>0x1993</run_address>
         <size>0xa2</size>
         <input_file_ref idref="fl-47"/>
      </object_component>
      <object_component id="oc-156">
         <name>.bios</name>
         <load_address>0x1a35</load_address>
         <run_address>0x1a35</run_address>
         <size>0x8d</size>
         <input_file_ref idref="fl-59"/>
      </object_component>
      <object_component id="oc-dc">
         <name>.bios</name>
         <load_address>0x1ac2</load_address>
         <run_address>0x1ac2</run_address>
         <size>0x8d</size>
         <input_file_ref idref="fl-38"/>
      </object_component>
      <object_component id="oc-19e">
         <name>.bios</name>
         <load_address>0x1b4f</load_address>
         <run_address>0x1b4f</run_address>
         <size>0x82</size>
         <input_file_ref idref="fl-70"/>
      </object_component>
      <object_component id="oc-12c">
         <name>.bios</name>
         <load_address>0x1bd1</load_address>
         <run_address>0x1bd1</run_address>
         <size>0x6b</size>
         <input_file_ref idref="fl-4a"/>
      </object_component>
      <object_component id="oc-152">
         <name>.bios</name>
         <load_address>0x1c3c</load_address>
         <run_address>0x1c3c</run_address>
         <size>0x5f</size>
         <input_file_ref idref="fl-58"/>
      </object_component>
      <object_component id="oc-16d">
         <name>.bios</name>
         <load_address>0x1c9c</load_address>
         <run_address>0x1c9c</run_address>
         <size>0x5b</size>
         <input_file_ref idref="fl-5e"/>
      </object_component>
      <object_component id="oc-1cd">
         <name>.bios</name>
         <load_address>0x1cf8</load_address>
         <run_address>0x1cf8</run_address>
         <size>0x58</size>
         <input_file_ref idref="fl-7a"/>
      </object_component>
      <object_component id="oc-106">
         <name>.bios</name>
         <load_address>0x1d50</load_address>
         <run_address>0x1d50</run_address>
         <size>0x51</size>
         <input_file_ref idref="fl-41"/>
      </object_component>
      <object_component id="oc-196">
         <name>.bios</name>
         <load_address>0x1da1</load_address>
         <run_address>0x1da1</run_address>
         <size>0x4e</size>
         <input_file_ref idref="fl-6e"/>
      </object_component>
      <object_component id="oc-1a2">
         <name>.bios</name>
         <load_address>0x1df0</load_address>
         <run_address>0x1df0</run_address>
         <size>0x48</size>
         <input_file_ref idref="fl-71"/>
      </object_component>
      <object_component id="oc-118">
         <name>.bios</name>
         <load_address>0x1e38</load_address>
         <run_address>0x1e38</run_address>
         <size>0x48</size>
         <input_file_ref idref="fl-45"/>
      </object_component>
      <object_component id="oc-1b4">
         <name>.bios</name>
         <load_address>0x1e80</load_address>
         <run_address>0x1e80</run_address>
         <size>0x48</size>
         <input_file_ref idref="fl-75"/>
      </object_component>
      <object_component id="oc-f8">
         <name>.bios</name>
         <load_address>0x1ec8</load_address>
         <run_address>0x1ec8</run_address>
         <size>0x47</size>
         <input_file_ref idref="fl-3e"/>
      </object_component>
      <object_component id="oc-148">
         <name>.bios</name>
         <load_address>0x1f0f</load_address>
         <run_address>0x1f0f</run_address>
         <size>0x46</size>
         <input_file_ref idref="fl-54"/>
      </object_component>
      <object_component id="oc-20b">
         <name>.bios</name>
         <load_address>0x1f55</load_address>
         <run_address>0x1f55</run_address>
         <size>0x43</size>
         <input_file_ref idref="fl-88"/>
      </object_component>
      <object_component id="oc-14c">
         <name>.bios</name>
         <load_address>0x1f98</load_address>
         <run_address>0x1f98</run_address>
         <size>0x40</size>
         <input_file_ref idref="fl-55"/>
      </object_component>
      <object_component id="oc-51">
         <name>.bios</name>
         <load_address>0x1fd8</load_address>
         <run_address>0x1fd8</run_address>
         <size>0x36</size>
         <input_file_ref idref="fl-36"/>
      </object_component>
      <object_component id="oc-169">
         <name>.bios</name>
         <load_address>0x2010</load_address>
         <run_address>0x2010</run_address>
         <size>0x34</size>
         <input_file_ref idref="fl-5d"/>
      </object_component>
      <object_component id="oc-130">
         <name>.bios</name>
         <load_address>0x2044</load_address>
         <run_address>0x2044</run_address>
         <size>0x2c</size>
         <input_file_ref idref="fl-4b"/>
      </object_component>
      <object_component id="oc-e4">
         <name>.bios</name>
         <load_address>0x2070</load_address>
         <run_address>0x2070</run_address>
         <size>0x25</size>
         <input_file_ref idref="fl-3a"/>
      </object_component>
      <object_component id="oc-57">
         <name>.bios</name>
         <load_address>0x2095</load_address>
         <run_address>0x2095</run_address>
         <size>0x24</size>
         <input_file_ref idref="fl-33"/>
      </object_component>
      <object_component id="oc-4d">
         <name>.bios</name>
         <load_address>0x20bc</load_address>
         <run_address>0x20bc</run_address>
         <size>0x23</size>
         <input_file_ref idref="fl-34"/>
      </object_component>
      <object_component id="oc-55">
         <name>.bios</name>
         <load_address>0x20e0</load_address>
         <run_address>0x20e0</run_address>
         <size>0x20</size>
         <input_file_ref idref="fl-35"/>
      </object_component>
      <object_component id="oc-e0">
         <name>.bios</name>
         <load_address>0x2100</load_address>
         <run_address>0x2100</run_address>
         <size>0x1f</size>
         <input_file_ref idref="fl-39"/>
      </object_component>
      <object_component id="oc-142">
         <name>.bios</name>
         <load_address>0x2120</load_address>
         <run_address>0x2120</run_address>
         <size>0x1a</size>
         <input_file_ref idref="fl-51"/>
      </object_component>
      <object_component id="oc-53">
         <name>.bios</name>
         <load_address>0x213a</load_address>
         <run_address>0x213a</run_address>
         <size>0x17</size>
         <input_file_ref idref="fl-31"/>
      </object_component>
      <object_component id="oc-1d1">
         <name>.bios</name>
         <load_address>0x2154</load_address>
         <run_address>0x2154</run_address>
         <size>0x17</size>
         <input_file_ref idref="fl-7b"/>
      </object_component>
      <object_component id="oc-52">
         <name>.bios</name>
         <load_address>0x216b</load_address>
         <run_address>0x216b</run_address>
         <size>0xf</size>
         <input_file_ref idref="fl-30"/>
      </object_component>
      <object_component id="oc-fc">
         <name>.bios</name>
         <load_address>0x217a</load_address>
         <run_address>0x217a</run_address>
         <size>0xc</size>
         <input_file_ref idref="fl-3f"/>
      </object_component>
      <object_component id="oc-54">
         <name>.bios</name>
         <load_address>0x2188</load_address>
         <run_address>0x2188</run_address>
         <size>0x8</size>
         <input_file_ref idref="fl-37"/>
      </object_component>
      <object_component id="oc-1a6">
         <name>.bios</name>
         <load_address>0x2190</load_address>
         <run_address>0x2190</run_address>
         <size>0x7</size>
         <input_file_ref idref="fl-72"/>
      </object_component>
      <object_component id="oc-13e">
         <name>.bios</name>
         <load_address>0x2197</load_address>
         <run_address>0x2197</run_address>
         <size>0x6</size>
         <input_file_ref idref="fl-50"/>
      </object_component>
      <object_component id="oc-56">
         <name>.bios</name>
         <load_address>0x21a0</load_address>
         <run_address>0x21a0</run_address>
         <size>0x2</size>
         <input_file_ref idref="fl-32"/>
      </object_component>
      <object_component id="oc-58">
         <name>.text</name>
         <load_address>0x21a4</load_address>
         <run_address>0x21a4</run_address>
         <size>0x559</size>
         <input_file_ref idref="fl-2"/>
      </object_component>
      <object_component id="oc-6a">
         <name>.text</name>
         <load_address>0x26fd</load_address>
         <run_address>0x26fd</run_address>
         <size>0x3af</size>
         <input_file_ref idref="fl-5"/>
      </object_component>
      <object_component id="oc-5d">
         <name>.text</name>
         <load_address>0x2aac</load_address>
         <run_address>0x2aac</run_address>
         <size>0x2cb</size>
         <input_file_ref idref="fl-3"/>
      </object_component>
      <object_component id="oc-17a">
         <name>.text:MCBSP_reset</name>
         <load_address>0x2d78</load_address>
         <run_address>0x2d78</run_address>
         <size>0x261</size>
         <input_file_ref idref="fl-64"/>
      </object_component>
      <object_component id="oc-147">
         <name>.text:I2C_write</name>
         <load_address>0x2fdc</load_address>
         <run_address>0x2fdc</run_address>
         <size>0x18e</size>
         <input_file_ref idref="fl-53"/>
      </object_component>
      <object_component id="oc-146">
         <name>.text:I2C_read</name>
         <load_address>0x316c</load_address>
         <run_address>0x316c</run_address>
         <size>0x15d</size>
         <input_file_ref idref="fl-52"/>
      </object_component>
      <object_component id="oc-75">
         <name>.text</name>
         <load_address>0x32c9</load_address>
         <run_address>0x32c9</run_address>
         <size>0x14e</size>
         <input_file_ref idref="fl-7"/>
      </object_component>
      <object_component id="oc-1de">
         <name>.text</name>
         <load_address>0x3417</load_address>
         <run_address>0x3417</run_address>
         <size>0x14c</size>
         <input_file_ref idref="fl-7f"/>
      </object_component>
      <object_component id="oc-176">
         <name>.text:MCBSP_config</name>
         <load_address>0x3564</load_address>
         <run_address>0x3564</run_address>
         <size>0x130</size>
         <input_file_ref idref="fl-61"/>
      </object_component>
      <object_component id="oc-177">
         <name>.text:MCBSP_open</name>
         <load_address>0x3694</load_address>
         <run_address>0x3694</run_address>
         <size>0xee</size>
         <input_file_ref idref="fl-62"/>
      </object_component>
      <object_component id="oc-7a">
         <name>.text</name>
         <load_address>0x3782</load_address>
         <run_address>0x3782</run_address>
         <size>0xab</size>
         <input_file_ref idref="fl-8"/>
      </object_component>
      <object_component id="oc-a0">
         <name>.text</name>
         <load_address>0x382d</load_address>
         <run_address>0x382d</run_address>
         <size>0xa6</size>
         <input_file_ref idref="fl-b"/>
      </object_component>
      <object_component id="oc-70">
         <name>.text</name>
         <load_address>0x38d3</load_address>
         <run_address>0x38d3</run_address>
         <size>0x92</size>
         <input_file_ref idref="fl-6"/>
      </object_component>
      <object_component id="oc-17b">
         <name>.text:MCBSP_start</name>
         <load_address>0x3968</load_address>
         <run_address>0x3968</run_address>
         <size>0x82</size>
         <input_file_ref idref="fl-65"/>
      </object_component>
      <object_component id="oc-1e2">
         <name>.text</name>
         <load_address>0x39ea</load_address>
         <run_address>0x39ea</run_address>
         <size>0x76</size>
         <input_file_ref idref="fl-80"/>
      </object_component>
      <object_component id="oc-1f2">
         <name>.text</name>
         <load_address>0x3a60</load_address>
         <run_address>0x3a60</run_address>
         <size>0x75</size>
         <input_file_ref idref="fl-83"/>
      </object_component>
      <object_component id="oc-a7">
         <name>.text</name>
         <load_address>0x3ad5</load_address>
         <run_address>0x3ad5</run_address>
         <size>0x74</size>
         <input_file_ref idref="fl-c"/>
      </object_component>
      <object_component id="oc-1ec">
         <name>.text</name>
         <load_address>0x3b49</load_address>
         <run_address>0x3b49</run_address>
         <size>0x6f</size>
         <input_file_ref idref="fl-82"/>
      </object_component>
      <object_component id="oc-1da">
         <name>.text</name>
         <load_address>0x3bb8</load_address>
         <run_address>0x3bb8</run_address>
         <size>0x6f</size>
         <input_file_ref idref="fl-7e"/>
      </object_component>
      <object_component id="oc-11c">
         <name>.text</name>
         <load_address>0x3c28</load_address>
         <run_address>0x3c28</run_address>
         <size>0x67</size>
         <input_file_ref idref="fl-46"/>
      </object_component>
      <object_component id="oc-1c5">
         <name>.text</name>
         <load_address>0x3c90</load_address>
         <run_address>0x3c90</run_address>
         <size>0x5c</size>
         <input_file_ref idref="fl-79"/>
      </object_component>
      <object_component id="oc-65">
         <name>.text</name>
         <load_address>0x3cec</load_address>
         <run_address>0x3cec</run_address>
         <size>0x57</size>
         <input_file_ref idref="fl-4"/>
      </object_component>
      <object_component id="oc-203">
         <name>.text</name>
         <load_address>0x3d43</load_address>
         <run_address>0x3d43</run_address>
         <size>0x3f</size>
         <input_file_ref idref="fl-86"/>
      </object_component>
      <object_component id="oc-1f8">
         <name>.text</name>
         <load_address>0x3d82</load_address>
         <run_address>0x3d82</run_address>
         <size>0x3e</size>
         <input_file_ref idref="fl-84"/>
      </object_component>
      <object_component id="oc-ac">
         <name>.text</name>
         <load_address>0x3dc0</load_address>
         <run_address>0x3dc0</run_address>
         <size>0x37</size>
         <input_file_ref idref="fl-d"/>
      </object_component>
      <object_component id="oc-175">
         <name>.text:MCBSP_close</name>
         <load_address>0x3df8</load_address>
         <run_address>0x3df8</run_address>
         <size>0x36</size>
         <input_file_ref idref="fl-60"/>
      </object_component>
      <object_component id="oc-1e6">
         <name>.text</name>
         <load_address>0x3e2e</load_address>
         <run_address>0x3e2e</run_address>
         <size>0x12</size>
         <input_file_ref idref="fl-81"/>
      </object_component>
      <object_component id="oc-207">
         <name>.text</name>
         <load_address>0x3e40</load_address>
         <run_address>0x3e40</run_address>
         <size>0x11</size>
         <input_file_ref idref="fl-87"/>
      </object_component>
      <object_component id="oc-150">
         <name>.text:IRQ_globalDisable</name>
         <load_address>0x3e54</load_address>
         <run_address>0x3e54</run_address>
         <size>0xf</size>
         <input_file_ref idref="fl-56"/>
      </object_component>
      <object_component id="oc-1d5">
         <name>.text:_CSL_init</name>
         <load_address>0x3e64</load_address>
         <run_address>0x3e64</run_address>
         <size>0xd</size>
         <input_file_ref idref="fl-7c"/>
      </object_component>
      <object_component id="oc-139">
         <name>.text:CSL_init</name>
         <load_address>0x3e74</load_address>
         <run_address>0x3e74</run_address>
         <size>0xc</size>
         <input_file_ref idref="fl-4d"/>
      </object_component>
      <object_component id="oc-151">
         <name>.text:IRQ_globalRestore</name>
         <load_address>0x3e80</load_address>
         <run_address>0x3e80</run_address>
         <size>0xc</size>
         <input_file_ref idref="fl-57"/>
      </object_component>
      <object_component id="oc-1fc">
         <name>.text:CIO_breakpoint</name>
         <load_address>0x3e8c</load_address>
         <run_address>0x3e8c</run_address>
         <size>0x7</size>
         <input_file_ref idref="fl-84"/>
      </object_component>
      <object_component id="oc-138">
         <name>.text</name>
         <load_address>0x3e94</load_address>
         <run_address>0x3e94</run_address>
         <size>0x2</size>
         <input_file_ref idref="fl-4d"/>
      </object_component>
      <object_component id="oc-99">
         <name>.sysinit</name>
         <load_address>0xb400</load_address>
         <run_address>0xb400</run_address>
         <size>0x13d</size>
         <input_file_ref idref="fl-9"/>
      </object_component>
      <object_component id="oc-180">
         <name>.sysinit</name>
         <load_address>0xb540</load_address>
         <run_address>0xb540</run_address>
         <size>0x111</size>
         <input_file_ref idref="fl-67"/>
      </object_component>
      <object_component id="oc-1bd">
         <name>.sysinit</name>
         <load_address>0xb654</load_address>
         <run_address>0xb654</run_address>
         <size>0x84</size>
         <input_file_ref idref="fl-77"/>
      </object_component>
      <object_component id="oc-1ff">
         <name>.sysinit</name>
         <load_address>0xb6d8</load_address>
         <run_address>0xb6d8</run_address>
         <size>0x71</size>
         <input_file_ref idref="fl-85"/>
      </object_component>
      <object_component id="oc-4f">
         <name>.sysinit</name>
         <load_address>0xb749</load_address>
         <run_address>0xb749</run_address>
         <size>0x6f</size>
         <input_file_ref idref="fl-3b"/>
      </object_component>
      <object_component id="oc-186">
         <name>.sysinit</name>
         <load_address>0xb7b8</load_address>
         <run_address>0xb7b8</run_address>
         <size>0x2</size>
         <input_file_ref idref="fl-68"/>
      </object_component>
      <object_component id="oc-ed">
         <name>.trcdata</name>
         <load_address>0xc3d0</load_address>
         <run_address>0xc3d0</run_address>
         <size>0x6</size>
         <input_file_ref idref="fl-3c"/>
      </object_component>
      <object_component id="oc-223">
         <name>.rtdx_text:_RTDX_write_next</name>
         <load_address>0x992c</load_address>
         <run_address>0x992c</run_address>
         <size>0x1db</size>
         <input_file_ref idref="fl-6b"/>
      </object_component>
      <object_component id="oc-21e">
         <name>.rtdx_text:_RTDX_Buffer_WriteCB</name>
         <load_address>0x9b07</load_address>
         <run_address>0x9b07</run_address>
         <size>0x17c</size>
         <input_file_ref idref="fl-6b"/>
      </object_component>
      <object_component id="oc-217">
         <name>.rtdx_text:_RTDX_Init_RT_Monitor</name>
         <load_address>0x9c83</load_address>
         <run_address>0x9c83</run_address>
         <size>0x10f</size>
         <input_file_ref idref="fl-6c"/>
      </object_component>
      <object_component id="oc-212">
         <name>.rtdx_text:_RTDX_Poll</name>
         <load_address>0x9d92</load_address>
         <run_address>0x9d92</run_address>
         <size>0xec</size>
         <input_file_ref idref="fl-6c"/>
      </object_component>
      <object_component id="oc-222">
         <name>.rtdx_text:_claim</name>
         <load_address>0x9e7e</load_address>
         <run_address>0x9e7e</run_address>
         <size>0xb5</size>
         <input_file_ref idref="fl-6b"/>
      </object_component>
      <object_component id="oc-21b">
         <name>.rtdx_text:_StartXFer</name>
         <load_address>0x9f33</load_address>
         <run_address>0x9f33</run_address>
         <size>0x93</size>
         <input_file_ref idref="fl-6c"/>
      </object_component>
      <object_component id="oc-224">
         <name>.rtdx_text:_RTDX_Mon_Queue</name>
         <load_address>0x9fc6</load_address>
         <run_address>0x9fc6</run_address>
         <size>0x88</size>
         <input_file_ref idref="fl-6c"/>
      </object_component>
      <object_component id="oc-213">
         <name>.rtdx_text:_RTDX_H2TPoll</name>
         <load_address>0xa04e</load_address>
         <run_address>0xa04e</run_address>
         <size>0x65</size>
         <input_file_ref idref="fl-6c"/>
      </object_component>
      <object_component id="oc-216">
         <name>.rtdx_text:_RTDX_Buffer_Initialize</name>
         <load_address>0xa0b3</load_address>
         <run_address>0xa0b3</run_address>
         <size>0x53</size>
         <input_file_ref idref="fl-6b"/>
      </object_component>
      <object_component id="oc-21d">
         <name>.rtdx_text:_RTDX_Buffer_ReadCB</name>
         <load_address>0xa106</load_address>
         <run_address>0xa106</run_address>
         <size>0x4b</size>
         <input_file_ref idref="fl-6a"/>
      </object_component>
      <object_component id="oc-220">
         <name>.rtdx_text:_RTDX_Final_RT_Monitor</name>
         <load_address>0xa151</load_address>
         <run_address>0xa151</run_address>
         <size>0x3c</size>
         <input_file_ref idref="fl-6c"/>
      </object_component>
      <object_component id="oc-221">
         <name>.rtdx_text:_RTDX_Buffer_Size</name>
         <load_address>0xa18d</load_address>
         <run_address>0xa18d</run_address>
         <size>0x3b</size>
         <input_file_ref idref="fl-6b"/>
      </object_component>
      <object_component id="oc-218">
         <name>.rtdx_text:_RTDX_Mask_IER</name>
         <load_address>0xa1c8</load_address>
         <run_address>0xa1c8</run_address>
         <size>0x2a</size>
         <input_file_ref idref="fl-6d"/>
      </object_component>
      <object_component id="oc-214">
         <name>.rtdx_text:_RTDX_Buffer_Read</name>
         <load_address>0xa1f2</load_address>
         <run_address>0xa1f2</run_address>
         <size>0x22</size>
         <input_file_ref idref="fl-6a"/>
      </object_component>
      <object_component id="oc-21c">
         <name>.rtdx_text:_RTDX_Set_IER</name>
         <load_address>0xa214</load_address>
         <run_address>0xa214</run_address>
         <size>0x1e</size>
         <input_file_ref idref="fl-6d"/>
      </object_component>
      <object_component id="oc-215">
         <name>.rtdx_text:_RTDX_Buffer_Write</name>
         <load_address>0xa232</load_address>
         <run_address>0xa232</run_address>
         <size>0x1c</size>
         <input_file_ref idref="fl-6b"/>
      </object_component>
      <object_component id="oc-219">
         <name>.rtdx_text:_Allow_EmuAccess</name>
         <load_address>0xa24e</load_address>
         <run_address>0xa24e</run_address>
         <size>0x17</size>
         <input_file_ref idref="fl-6c"/>
      </object_component>
      <object_component id="oc-21a">
         <name>.rtdx_text:_Disallow_EmuAccess</name>
         <load_address>0xa265</load_address>
         <run_address>0xa265</run_address>
         <size>0x4</size>
         <input_file_ref idref="fl-6c"/>
      </object_component>
      <object_component id="oc-21f">
         <name>.rtdx_text:_Wait</name>
         <load_address>0xa269</load_address>
         <run_address>0xa269</run_address>
         <size>0x4</size>
         <input_file_ref idref="fl-6c"/>
      </object_component>
      <object_component id="oc-98">
         <name>.mbx</name>
         <uninitialized>true</uninitialized>
         <run_address>0xc250</run_address>
         <size>0x68</size>
         <input_file_ref idref="fl-9"/>
      </object_component>
      <object_component id="oc-85">
         <name>.sys</name>
         <uninitialized>true</uninitialized>
         <run_address>0xc3ac</run_address>
         <size>0x10</size>
         <input_file_ref idref="fl-9"/>
      </object_component>
      <object_component id="oc-82">
         <name>.cinit</name>
         <load_address>0x3e98</load_address>
         <run_address>0x3e98</run_address>
         <size>0x83a</size>
         <input_file_ref idref="fl-9"/>
      </object_component>
      <object_component id="oc-af">
         <name>.cinit</name>
         <load_address>0x46d2</load_address>
         <run_address>0x46d2</run_address>
         <size>0x41a</size>
         <input_file_ref idref="fl-d"/>
      </object_component>
      <object_component id="oc-b5">
         <name>.cinit</name>
         <load_address>0x4aec</load_address>
         <run_address>0x4aec</run_address>
         <size>0x15e</size>
         <input_file_ref idref="fl-2d"/>
      </object_component>
      <object_component id="oc-15b">
         <name>.cinit</name>
         <load_address>0x4c4a</load_address>
         <run_address>0x4c4a</run_address>
         <size>0x140</size>
         <input_file_ref idref="fl-5a"/>
      </object_component>
      <object_component id="oc-178">
         <name>.cinit</name>
         <load_address>0x4d8a</load_address>
         <run_address>0x4d8a</run_address>
         <size>0xd2</size>
         <input_file_ref idref="fl-63"/>
      </object_component>
      <object_component id="oc-1ab">
         <name>.cinit</name>
         <load_address>0x4e5c</load_address>
         <run_address>0x4e5c</run_address>
         <size>0x62</size>
         <input_file_ref idref="fl-73"/>
      </object_component>
      <object_component id="oc-1c7">
         <name>.cinit</name>
         <load_address>0x4ebe</load_address>
         <run_address>0x4ebe</run_address>
         <size>0x5c</size>
         <input_file_ref idref="fl-79"/>
      </object_component>
      <object_component id="oc-13c">
         <name>.cinit</name>
         <load_address>0x4f1a</load_address>
         <run_address>0x4f1a</run_address>
         <size>0x4a</size>
         <input_file_ref idref="fl-4f"/>
      </object_component>
      <object_component id="oc-13a">
         <name>.cinit</name>
         <load_address>0x4f64</load_address>
         <run_address>0x4f64</run_address>
         <size>0x46</size>
         <input_file_ref idref="fl-4e"/>
      </object_component>
      <object_component id="oc-60">
         <name>.cinit</name>
         <load_address>0x4faa</load_address>
         <run_address>0x4faa</run_address>
         <size>0x40</size>
         <input_file_ref idref="fl-3"/>
      </object_component>
      <object_component id="oc-113">
         <name>.cinit</name>
         <load_address>0x4fea</load_address>
         <run_address>0x4fea</run_address>
         <size>0x32</size>
         <input_file_ref idref="fl-44"/>
      </object_component>
      <object_component id="oc-18f">
         <name>.cinit</name>
         <load_address>0x501c</load_address>
         <run_address>0x501c</run_address>
         <size>0x2e</size>
         <input_file_ref idref="fl-6b"/>
      </object_component>
      <object_component id="oc-d5">
         <name>.cinit</name>
         <load_address>0x504a</load_address>
         <run_address>0x504a</run_address>
         <size>0x1e</size>
         <input_file_ref idref="fl-36"/>
      </object_component>
      <object_component id="oc-a3">
         <name>.cinit</name>
         <load_address>0x5068</load_address>
         <run_address>0x5068</run_address>
         <size>0x18</size>
         <input_file_ref idref="fl-b"/>
      </object_component>
      <object_component id="oc-164">
         <name>.cinit</name>
         <load_address>0x5080</load_address>
         <run_address>0x5080</run_address>
         <size>0x16</size>
         <input_file_ref idref="fl-5c"/>
      </object_component>
      <object_component id="oc-185">
         <name>.cinit</name>
         <load_address>0x5096</load_address>
         <run_address>0x5096</run_address>
         <size>0x14</size>
         <input_file_ref idref="fl-68"/>
      </object_component>
      <object_component id="oc-1b9">
         <name>.cinit</name>
         <load_address>0x50aa</load_address>
         <run_address>0x50aa</run_address>
         <size>0x14</size>
         <input_file_ref idref="fl-76"/>
      </object_component>
      <object_component id="oc-1e9">
         <name>.cinit</name>
         <load_address>0x50be</load_address>
         <run_address>0x50be</run_address>
         <size>0x14</size>
         <input_file_ref idref="fl-81"/>
      </object_component>
      <object_component id="oc-1fb">
         <name>.cinit</name>
         <load_address>0x50d2</load_address>
         <run_address>0x50d2</run_address>
         <size>0x14</size>
         <input_file_ref idref="fl-84"/>
      </object_component>
      <object_component id="oc-101">
         <name>.cinit</name>
         <load_address>0x50e6</load_address>
         <run_address>0x50e6</run_address>
         <size>0x12</size>
         <input_file_ref idref="fl-40"/>
      </object_component>
      <object_component id="oc-1ef">
         <name>.cinit</name>
         <load_address>0x50f8</load_address>
         <run_address>0x50f8</run_address>
         <size>0x10</size>
         <input_file_ref idref="fl-82"/>
      </object_component>
      <object_component id="oc-f7">
         <name>.cinit</name>
         <load_address>0x5108</load_address>
         <run_address>0x5108</run_address>
         <size>0xa</size>
         <input_file_ref idref="fl-3e"/>
      </object_component>
      <object_component id="oc-b9">
         <name>.cinit</name>
         <load_address>0x5112</load_address>
         <run_address>0x5112</run_address>
         <size>0xa</size>
         <input_file_ref idref="fl-2e"/>
      </object_component>
      <object_component id="oc-1f5">
         <name>.cinit</name>
         <load_address>0x511c</load_address>
         <run_address>0x511c</run_address>
         <size>0xa</size>
         <input_file_ref idref="fl-83"/>
      </object_component>
      <object_component id="oc-192">
         <name>.pinit</name>
         <load_address>0xc3bc</load_address>
         <run_address>0xc3bc</run_address>
         <size>0x4</size>
         <input_file_ref idref="fl-6b"/>
      </object_component>
      <object_component id="oc-195">
         <name>.pinit</name>
         <load_address>0xc3c0</load_address>
         <run_address>0xc3c0</run_address>
         <size>0x4</size>
         <input_file_ref idref="fl-6c"/>
      </object_component>
      <object_component id="oc-80">
         <name>.gblinit</name>
         <load_address>0xc16c</load_address>
         <run_address>0xc16c</run_address>
         <size>0x72</size>
         <input_file_ref idref="fl-9"/>
      </object_component>
      <object_component id="oc-83">
         <name>.rtdx_data</name>
         <uninitialized>true</uninitialized>
         <run_address>0xb7bc</run_address>
         <size>0x204</size>
         <input_file_ref idref="fl-9"/>
      </object_component>
      <object_component id="oc-18a">
         <name>.rtdx_data</name>
         <uninitialized>true</uninitialized>
         <run_address>0xba04</run_address>
         <size>0x8</size>
         <input_file_ref idref="fl-69"/>
      </object_component>
      <object_component id="oc-190">
         <name>.rtdx_data</name>
         <uninitialized>true</uninitialized>
         <run_address>0xb9e4</run_address>
         <size>0x20</size>
         <input_file_ref idref="fl-6b"/>
      </object_component>
      <object_component id="oc-193">
         <name>.rtdx_data</name>
         <uninitialized>true</uninitialized>
         <run_address>0xb9c0</run_address>
         <size>0x24</size>
         <input_file_ref idref="fl-6c"/>
      </object_component>
      <object_component id="oc-8e">
         <name>.TSK_idle$stk</name>
         <uninitialized>true</uninitialized>
         <run_address>0x712c</run_address>
         <size>0xa00</size>
         <input_file_ref idref="fl-9"/>
      </object_component>
      <object_component id="oc-90">
         <name>.audioTSK$stk</name>
         <uninitialized>true</uninitialized>
         <run_address>0x7b2c</run_address>
         <size>0xa00</size>
         <input_file_ref idref="fl-9"/>
      </object_component>
      <object_component id="oc-91">
         <name>.buttonTSK$stk</name>
         <uninitialized>true</uninitialized>
         <run_address>0x852c</run_address>
         <size>0xa00</size>
         <input_file_ref idref="fl-9"/>
      </object_component>
      <object_component id="oc-92">
         <name>.fftTSK$stk</name>
         <uninitialized>true</uninitialized>
         <run_address>0x8f2c</run_address>
         <size>0xa00</size>
         <input_file_ref idref="fl-9"/>
      </object_component>
      <object_component id="oc-1c9">
         <name>.const</name>
         <load_address>0xbba8</load_address>
         <run_address>0xbba8</run_address>
         <size>0x9e</size>
         <input_file_ref idref="fl-79"/>
      </object_component>
      <object_component id="oc-cc">
         <name>.const</name>
         <load_address>0xbc48</load_address>
         <run_address>0xbc48</run_address>
         <size>0x46</size>
         <input_file_ref idref="fl-34"/>
      </object_component>
      <object_component id="oc-d0">
         <name>.const</name>
         <load_address>0xbc90</load_address>
         <run_address>0xbc90</run_address>
         <size>0x44</size>
         <input_file_ref idref="fl-35"/>
      </object_component>
      <object_component id="oc-211">
         <name>.const:_$P$T0$1</name>
         <load_address>0xbcd4</load_address>
         <run_address>0xbcd4</run_address>
         <size>0x36</size>
         <input_file_ref idref="fl-8"/>
      </object_component>
      <object_component id="oc-210">
         <name>.const:_$P$T0$1</name>
         <load_address>0xbd0a</load_address>
         <run_address>0xbd0a</run_address>
         <size>0x14</size>
         <input_file_ref idref="fl-6"/>
      </object_component>
      <object_component id="oc-194">
         <name>.const</name>
         <load_address>0xbd20</load_address>
         <run_address>0xbd20</run_address>
         <size>0xc</size>
         <input_file_ref idref="fl-6c"/>
      </object_component>
      <object_component id="oc-61">
         <name>.const</name>
         <load_address>0xbd2c</load_address>
         <run_address>0xbd2c</run_address>
         <size>0x8</size>
         <input_file_ref idref="fl-3"/>
      </object_component>
      <object_component id="oc-191">
         <name>.const</name>
         <load_address>0xbd34</load_address>
         <run_address>0xbd34</run_address>
         <size>0x8</size>
         <input_file_ref idref="fl-6b"/>
      </object_component>
      <object_component id="oc-b0">
         <name>.const</name>
         <load_address>0xbd3c</load_address>
         <run_address>0xbd3c</run_address>
         <size>0x4</size>
         <input_file_ref idref="fl-d"/>
      </object_component>
      <object_component id="oc-1ac">
         <name>.const</name>
         <load_address>0xbd40</load_address>
         <run_address>0xbd40</run_address>
         <size>0x2</size>
         <input_file_ref idref="fl-73"/>
      </object_component>
      <object_component id="oc-84">
         <name>.printf</name>
         <load_address>0xbd42</load_address>
         <run_address>0xbd42</run_address>
         <size>0x15e</size>
         <input_file_ref idref="fl-9"/>
      </object_component>
      <object_component id="oc-95">
         <name>.LOG_system$buf</name>
         <uninitialized>true</uninitialized>
         <run_address>0xa400</run_address>
         <size>0x400</size>
         <input_file_ref idref="fl-9"/>
      </object_component>
      <object_component id="oc-97">
         <name>.trace$buf</name>
         <uninitialized>true</uninitialized>
         <run_address>0xa800</run_address>
         <size>0x800</size>
         <input_file_ref idref="fl-9"/>
      </object_component>
      <object_component id="oc-87">
         <name>.hst1</name>
         <uninitialized>true</uninitialized>
         <run_address>0xc39c</run_address>
         <size>0x10</size>
         <input_file_ref idref="fl-9"/>
      </object_component>
      <object_component id="oc-8a">
         <name>.hst0</name>
         <uninitialized>true</uninitialized>
         <run_address>0xc0ec</run_address>
         <size>0x80</size>
         <input_file_ref idref="fl-9"/>
      </object_component>
      <object_component id="oc-e9">
         <name>.args</name>
         <load_address>0xc38c</load_address>
         <run_address>0xc38c</run_address>
         <size>0x0</size>
         <input_file_ref idref="fl-3b"/>
      </object_component>
      <object_component id="oc-37">
         <name>audioMBX$queElems</name>
         <uninitialized>true</uninitialized>
         <run_address>0xa270</run_address>
         <size>0x0</size>
      </object_component>
      <object_component id="oc-3a">
         <name>_SYS_PUTCBEG</name>
         <load_address>0xb000</load_address>
         <run_address>0xb000</run_address>
         <size>0x0</size>
      </object_component>
      <object_component id="oc-3c">
         <name>_SYS_PUTCEND</name>
         <load_address>0xb400</load_address>
         <run_address>0xb400</run_address>
         <size>0x0</size>
      </object_component>
      <object_component id="oc-88">
         <name>.hst</name>
         <uninitialized>true</uninitialized>
         <run_address>0xc308</run_address>
         <size>0x34</size>
         <input_file_ref idref="fl-9"/>
      </object_component>
      <object_component id="oc-96">
         <name>.log</name>
         <uninitialized>true</uninitialized>
         <run_address>0xc33c</run_address>
         <size>0x28</size>
         <input_file_ref idref="fl-9"/>
      </object_component>
      <object_component id="oc-89">
         <name>.pip</name>
         <uninitialized>true</uninitialized>
         <run_address>0xc024</run_address>
         <size>0xc8</size>
         <input_file_ref idref="fl-9"/>
      </object_component>
      <object_component id="oc-8d">
         <name>.sts</name>
         <uninitialized>true</uninitialized>
         <run_address>0xc1e0</run_address>
         <size>0x70</size>
         <input_file_ref idref="fl-9"/>
      </object_component>
      <object_component id="oc-43">
         <name>GBL_sysstackbeg</name>
         <uninitialized>true</uninitialized>
         <run_address>0x5d2c</run_address>
         <size>0x0</size>
      </object_component>
      <object_component id="oc-20f">
         <name>.sysstack</name>
         <uninitialized>true</uninitialized>
         <run_address>0x5d2c</run_address>
         <size>0x0</size>
         <input_file_ref idref="fl-3b"/>
      </object_component>
      <object_component id="oc-267">
         <name>.sysstack</name>
         <uninitialized>true</uninitialized>
         <run_address>0x5d2c</run_address>
         <size>0x0</size>
      </object_component>
      <object_component id="oc-46">
         <name>GBL_stackbeg</name>
         <uninitialized>true</uninitialized>
         <run_address>0x5f2c</run_address>
         <size>0x0</size>
      </object_component>
      <object_component id="oc-e8">
         <name>.stack</name>
         <uninitialized>true</uninitialized>
         <run_address>0x5f2c</run_address>
         <size>0x0</size>
         <input_file_ref idref="fl-3b"/>
      </object_component>
      <object_component id="oc-266">
         <name>.stack</name>
         <uninitialized>true</uninitialized>
         <run_address>0x5f2c</run_address>
         <size>0x0</size>
      </object_component>
      <object_component id="oc-8b">
         <name>.hwi_vec</name>
         <load_address>0xff00</load_address>
         <run_address>0xff00</run_address>
         <size>0x100</size>
         <input_file_ref idref="fl-9"/>
      </object_component>
      <object_component id="oc-59">
         <name>.debug_info</name>
         <load_address>0x0</load_address>
         <run_address>0x0</run_address>
         <size>0x1664</size>
         <input_file_ref idref="fl-2"/>
      </object_component>
      <object_component id="oc-5f">
         <name>.debug_info</name>
         <load_address>0x1664</load_address>
         <run_address>0x1664</run_address>
         <size>0x101c</size>
         <input_file_ref idref="fl-3"/>
      </object_component>
      <object_component id="oc-66">
         <name>.debug_info</name>
         <load_address>0x2680</load_address>
         <run_address>0x2680</run_address>
         <size>0x7ec</size>
         <input_file_ref idref="fl-4"/>
      </object_component>
      <object_component id="oc-6c">
         <name>.debug_info</name>
         <load_address>0x2e6c</load_address>
         <run_address>0x2e6c</run_address>
         <size>0x114b</size>
         <input_file_ref idref="fl-5"/>
      </object_component>
      <object_component id="oc-71">
         <name>.debug_info</name>
         <load_address>0x3fb7</load_address>
         <run_address>0x3fb7</run_address>
         <size>0xa09</size>
         <input_file_ref idref="fl-6"/>
      </object_component>
      <object_component id="oc-76">
         <name>.debug_info</name>
         <load_address>0x49c0</load_address>
         <run_address>0x49c0</run_address>
         <size>0xc13</size>
         <input_file_ref idref="fl-7"/>
      </object_component>
      <object_component id="oc-7c">
         <name>.debug_info</name>
         <load_address>0x55d3</load_address>
         <run_address>0x55d3</run_address>
         <size>0x1102</size>
         <input_file_ref idref="fl-8"/>
      </object_component>
      <object_component id="oc-9b">
         <name>.debug_info</name>
         <load_address>0x66d5</load_address>
         <run_address>0x66d5</run_address>
         <size>0x227</size>
         <input_file_ref idref="fl-9"/>
      </object_component>
      <object_component id="oc-9e">
         <name>.debug_info</name>
         <load_address>0x68fc</load_address>
         <run_address>0x68fc</run_address>
         <size>0x4b5</size>
         <input_file_ref idref="fl-a"/>
      </object_component>
      <object_component id="oc-a2">
         <name>.debug_info</name>
         <load_address>0x6db1</load_address>
         <run_address>0x6db1</run_address>
         <size>0x8ae</size>
         <input_file_ref idref="fl-b"/>
      </object_component>
      <object_component id="oc-a8">
         <name>.debug_info</name>
         <load_address>0x765f</load_address>
         <run_address>0x765f</run_address>
         <size>0x834</size>
         <input_file_ref idref="fl-c"/>
      </object_component>
      <object_component id="oc-ae">
         <name>.debug_info</name>
         <load_address>0x7e93</load_address>
         <run_address>0x7e93</run_address>
         <size>0x5a9</size>
         <input_file_ref idref="fl-d"/>
      </object_component>
      <object_component id="oc-b7">
         <name>.debug_info</name>
         <load_address>0x843c</load_address>
         <run_address>0x843c</run_address>
         <size>0x80</size>
         <input_file_ref idref="fl-2d"/>
      </object_component>
      <object_component id="oc-bb">
         <name>.debug_info</name>
         <load_address>0x84bc</load_address>
         <run_address>0x84bc</run_address>
         <size>0x194</size>
         <input_file_ref idref="fl-2e"/>
      </object_component>
      <object_component id="oc-be">
         <name>.debug_info</name>
         <load_address>0x8650</load_address>
         <run_address>0x8650</run_address>
         <size>0x34b</size>
         <input_file_ref idref="fl-2f"/>
      </object_component>
      <object_component id="oc-c1">
         <name>.debug_info</name>
         <load_address>0x899b</load_address>
         <run_address>0x899b</run_address>
         <size>0xc9</size>
         <input_file_ref idref="fl-30"/>
      </object_component>
      <object_component id="oc-c4">
         <name>.debug_info</name>
         <load_address>0x8a64</load_address>
         <run_address>0x8a64</run_address>
         <size>0xf8</size>
         <input_file_ref idref="fl-31"/>
      </object_component>
      <object_component id="oc-c7">
         <name>.debug_info</name>
         <load_address>0x8b5c</load_address>
         <run_address>0x8b5c</run_address>
         <size>0x3ec</size>
         <input_file_ref idref="fl-32"/>
      </object_component>
      <object_component id="oc-ca">
         <name>.debug_info</name>
         <load_address>0x8f48</load_address>
         <run_address>0x8f48</run_address>
         <size>0xd4</size>
         <input_file_ref idref="fl-33"/>
      </object_component>
      <object_component id="oc-ce">
[...]
      </symbol>
      <symbol id="sm-641">
         <name>_CSL_GpioData</name>
         <value>0xc4e8</value>
         <object_component_ref idref="oc-13b"/>
      </symbol>
      <symbol id="sm-647">
         <name>_CSL_SysData</name>
         <value>0xc4a4</value>
         <object_component_ref idref="oc-13d"/>
      </symbol>
      <symbol id="sm-651">
         <name>GBL_A_VERSION</name>
         <value>0x5205</value>
      </symbol>
      <symbol id="sm-652">
         <name>_GBL_getVersion</name>
         <value>0x2197</value>
         <object_component_ref idref="oc-13e"/>
      </symbol>
      <symbol id="sm-65c">
         <name>_HWI_restore</name>
         <value>0x2134</value>
         <object_component_ref idref="oc-142"/>
      </symbol>
      <symbol id="sm-65d">
         <name>_HWI_enable</name>
         <value>0x2130</value>
         <object_component_ref idref="oc-142"/>
      </symbol>
      <symbol id="sm-65e">
         <name>_HWI_disable</name>
         <value>0x2120</value>
         <object_component_ref idref="oc-142"/>
      </symbol>
      <symbol id="sm-666">
         <name>_I2C_read</name>
         <value>0x316c</value>
         <object_component_ref idref="oc-146"/>
      </symbol>
      <symbol id="sm-670">
         <name>_I2C_write</name>
         <value>0x2fdc</value>
         <object_component_ref idref="oc-147"/>
      </symbol>
      <symbol id="sm-67a">
         <name>_IDL_calibrate</name>
         <value>0x1f0f</value>
         <object_component_ref idref="oc-148"/>
      </symbol>
      <symbol id="sm-684">
         <name>_CLK_measure</name>
         <value>0x1f98</value>
         <object_component_ref idref="oc-14c"/>
      </symbol>
      <symbol id="sm-688">
         <name>_IRQ_globalDisable</name>
         <value>0x3e54</value>
         <object_component_ref idref="oc-150"/>
      </symbol>
      <symbol id="sm-68c">
         <name>_IRQ_globalRestore</name>
         <value>0x3e80</value>
         <object_component_ref idref="oc-151"/>
      </symbol>
      <symbol id="sm-696">
         <name>_KNL_exit</name>
         <value>0x1c7c</value>
         <object_component_ref idref="oc-152"/>
      </symbol>
      <symbol id="sm-697">
         <name>_KNL_enter</name>
         <value>0x1c3c</value>
         <object_component_ref idref="oc-152"/>
      </symbol>
      <symbol id="sm-6a1">
         <name>_KNL_max</name>
         <value>0x1aad</value>
         <object_component_ref idref="oc-156"/>
      </symbol>
      <symbol id="sm-6a2">
         <name>_KNL_check</name>
         <value>0x1a35</value>
         <object_component_ref idref="oc-156"/>
      </symbol>
      <symbol id="sm-6a3">
         <name>_KNL_idle</name>
         <value>0x1a90</value>
         <object_component_ref idref="oc-156"/>
      </symbol>
      <symbol id="sm-6af">
         <name>_KNL_maxqueue</name>
         <value>0x5b64</value>
         <object_component_ref idref="oc-15a"/>
      </symbol>
      <symbol id="sm-6b0">
         <name>_KNL_inactive</name>
         <value>0x5b18</value>
         <object_component_ref idref="oc-15a"/>
      </symbol>
      <symbol id="sm-6b1">
         <name>_KNL_tswitchfxn</name>
         <value>0x5b68</value>
         <object_component_ref idref="oc-15a"/>
      </symbol>
      <symbol id="sm-6b2">
         <name>_KNL_setpri</name>
         <value>0x5b14</value>
         <object_component_ref idref="oc-15a"/>
      </symbol>
      <symbol id="sm-6b3">
         <name>_KNL_swiptr</name>
         <value>0x5b5c</value>
         <object_component_ref idref="oc-15a"/>
      </symbol>
      <symbol id="sm-6b4">
         <name>_KNL_dummy</name>
         <value>0x5b20</value>
         <object_component_ref idref="oc-15a"/>
      </symbol>
      <symbol id="sm-6b5">
         <name>_KNL_curtask</name>
         <value>0x5b50</value>
         <object_component_ref idref="oc-15a"/>
      </symbol>
      <symbol id="sm-6b6">
         <name>_KNL_curqueue</name>
         <value>0x5b60</value>
         <object_component_ref idref="oc-15a"/>
      </symbol>
      <symbol id="sm-6b7">
         <name>_KNL_wList</name>
         <value>0x5b0c</value>
         <object_component_ref idref="oc-15a"/>
      </symbol>
      <symbol id="sm-6b8">
         <name>_KNL_curtime</name>
         <value>0x5b58</value>
         <object_component_ref idref="oc-15a"/>
      </symbol>
      <symbol id="sm-6b9">
         <name>_KNL_set</name>
         <value>0x5a6a</value>
         <object_component_ref idref="oc-15a"/>
      </symbol>
      <symbol id="sm-6ba">
         <name>_KNL_alarm</name>
         <value>0x5b10</value>
         <object_component_ref idref="oc-15a"/>
      </symbol>
      <symbol id="sm-6bb">
         <name>_KNL_prevtask</name>
         <value>0x5b54</value>
         <object_component_ref idref="oc-15a"/>
      </symbol>
      <symbol id="sm-6bc">
         <name>_KNL_queues</name>
         <value>0x5a6c</value>
         <object_component_ref idref="oc-15a"/>
      </symbol>
      <symbol id="sm-6bd">
         <name>_KNL_idlefxn</name>
         <value>0x5b78</value>
         <object_component_ref idref="oc-15a"/>
      </symbol>
      <symbol id="sm-6be">
         <name>_KNL_priority</name>
         <value>0x5b1c</value>
         <object_component_ref idref="oc-15a"/>
      </symbol>
      <symbol id="sm-6bf">
         <name>_KNL_treadyfxn</name>
         <value>0x5b74</value>
         <object_component_ref idref="oc-15a"/>
      </symbol>
      <symbol id="sm-6c0">
         <name>_KNL_tcreatefxn</name>
         <value>0x5b6c</value>
         <object_component_ref idref="oc-15a"/>
      </symbol>
      <symbol id="sm-6c1">
         <name>_KNL_wFlag</name>
         <value>0x5a68</value>
         <object_component_ref idref="oc-15a"/>
      </symbol>
      <symbol id="sm-6c2">
         <name>_KNL_tdeletefxn</name>
         <value>0x5b70</value>
         <object_component_ref idref="oc-15a"/>
      </symbol>
      <symbol id="sm-6cc">
         <name>_KNL_run</name>
         <value>0xeac</value>
         <object_component_ref idref="oc-15f"/>
      </symbol>
      <symbol id="sm-6da">
         <name>_KNL_tick</name>
         <value>0x1168</value>
         <object_component_ref idref="oc-165"/>
      </symbol>
      <symbol id="sm-6e4">
         <name>_KNL_post</name>
         <value>0x2010</value>
         <object_component_ref idref="oc-169"/>
      </symbol>
      <symbol id="sm-6ee">
         <name>_KNL_ipost</name>
         <value>0x1c9c</value>
         <object_component_ref idref="oc-16d"/>
      </symbol>
      <symbol id="sm-6f8">
         <name>_MBX_pend</name>
         <value>0x14d0</value>
         <object_component_ref idref="oc-171"/>
      </symbol>
      <symbol id="sm-6f9">
         <name>_MBX_post</name>
         <value>0x1558</value>
         <object_component_ref idref="oc-171"/>
      </symbol>
      <symbol id="sm-6fd">
         <name>_MCBSP_close</name>
         <value>0x3df8</value>
         <object_component_ref idref="oc-175"/>
      </symbol>
      <symbol id="sm-701">
         <name>_MCBSP_config</name>
         <value>0x3564</value>
         <object_component_ref idref="oc-176"/>
      </symbol>
      <symbol id="sm-706">
         <name>_MCBSP_open</name>
         <value>0x3694</value>
         <object_component_ref idref="oc-177"/>
      </symbol>
      <symbol id="sm-70c">
         <name>_CSL_McbspData</name>
         <value>0xc3d8</value>
         <object_component_ref idref="oc-179"/>
      </symbol>
      <symbol id="sm-710">
         <name>_MCBSP_reset</name>
         <value>0x2d78</value>
         <object_component_ref idref="oc-17a"/>
      </symbol>
      <symbol id="sm-714">
         <name>_MCBSP_start</name>
         <value>0x3968</value>
         <object_component_ref idref="oc-17b"/>
      </symbol>
      <symbol id="sm-71e">
         <name>_MEM</name>
         <value>0x5d20</value>
         <object_component_ref idref="oc-17c"/>
      </symbol>
      <symbol id="sm-728">
         <name>_MEM_init</name>
         <value>0xb540</value>
         <object_component_ref idref="oc-180"/>
      </symbol>
      <symbol id="sm-736">
         <name>_OBJ_table</name>
         <value>0x5c2c</value>
         <object_component_ref idref="oc-184"/>
      </symbol>
      <symbol id="sm-737">
         <name>_OBJ_init</name>
         <value>0xb7b8</value>
         <object_component_ref idref="oc-186"/>
      </symbol>
      <symbol id="sm-738">
         <name>_OBJ_segtab</name>
         <value>0x5c64</value>
         <object_component_ref idref="oc-184"/>
      </symbol>
      <symbol id="sm-742">
         <name>_RTDX_Buffer_Start</name>
         <value>0xba04</value>
         <object_component_ref idref="oc-18a"/>
      </symbol>
      <symbol id="sm-743">
         <name>_RTDX_Buffer_End</name>
         <value>0xba08</value>
         <object_component_ref idref="oc-18a"/>
      </symbol>
      <symbol id="sm-749">
         <name>_RTDX_Buffer_ReadCB</name>
         <value>0xa106</value>
         <object_component_ref idref="oc-21d"/>
      </symbol>
      <symbol id="sm-74a">
         <name>_RTDX_Buffer_Read</name>
         <value>0xa1f2</value>
         <object_component_ref idref="oc-214"/>
      </symbol>
      <symbol id="sm-762">
         <name>_rtdx_buffer_state</name>
         <value>0xb9e4</value>
         <object_component_ref idref="oc-190"/>
      </symbol>
      <symbol id="sm-763">
         <name>_RTDX_Buffer_WriteCB</name>
         <value>0x9b07</value>
         <object_component_ref idref="oc-21e"/>
      </symbol>
      <symbol id="sm-764">
         <name>_rtdxNullChanCnt</name>
         <value>0x5cf8</value>
         <object_component_ref idref="oc-18e"/>
      </symbol>
      <symbol id="sm-765">
         <name>_RTDX_writing</name>
         <value>0xb9f0</value>
         <object_component_ref idref="oc-190"/>
      </symbol>
      <symbol id="sm-766">
         <name>_RTDX_Buffer_Initialize</name>
         <value>0xa0b3</value>
         <object_component_ref idref="oc-216"/>
      </symbol>
      <symbol id="sm-767">
         <name>_RTDX_Buffer_Write</name>
         <value>0xa232</value>
         <object_component_ref idref="oc-215"/>
      </symbol>
      <symbol id="sm-768">
         <name>_rtdxNullFuncCnt</name>
         <value>0x5cfa</value>
         <object_component_ref idref="oc-18e"/>
      </symbol>
      <symbol id="sm-769">
         <name>_RTDX_Buffer_Size</name>
         <value>0xa18d</value>
         <object_component_ref idref="oc-221"/>
      </symbol>
      <symbol id="sm-783">
         <name>_RTDX_LMM</name>
         <value>0x1</value>
      </symbol>
      <symbol id="sm-784">
         <name>_RTDX_Mon_Queue</name>
         <value>0x9fc6</value>
         <object_component_ref idref="oc-224"/>
      </symbol>
      <symbol id="sm-785">
         <name>_rtdx_mon_state</name>
         <value>0xb9c0</value>
         <object_component_ref idref="oc-193"/>
      </symbol>
      <symbol id="sm-786">
         <name>_RTDX_JTAGONLY</name>
         <value>0x3</value>
      </symbol>
      <symbol id="sm-787">
         <name>_RTDX_Final_RT_Monitor</name>
         <value>0xa151</value>
         <object_component_ref idref="oc-220"/>
      </symbol>
      <symbol id="sm-788">
         <name>_RTDX_Poll</name>
         <value>0x9d92</value>
         <object_component_ref idref="oc-212"/>
      </symbol>
      <symbol id="sm-789">
         <name>_RTDX_H2TPoll</name>
         <value>0xa04e</value>
         <object_component_ref idref="oc-213"/>
      </symbol>
      <symbol id="sm-78a">
         <name>_RTDX_Init_RT_Monitor</name>
         <value>0x9c83</value>
         <object_component_ref idref="oc-217"/>
      </symbol>
      <symbol id="sm-790">
         <name>_RTDX_Set_IER</name>
         <value>0xa214</value>
         <object_component_ref idref="oc-21c"/>
      </symbol>
      <symbol id="sm-791">
         <name>_RTDX_Mask_IER</name>
         <value>0xa1c8</value>
         <object_component_ref idref="oc-218"/>
      </symbol>
      <symbol id="sm-79b">
         <name>_SEM_pend</name>
         <value>0x1da1</value>
         <object_component_ref idref="oc-196"/>
      </symbol>
      <symbol id="sm-7a5">
         <name>_SEM_pendEnterKnl</name>
         <value>0xb98</value>
         <object_component_ref idref="oc-19a"/>
      </symbol>
      <symbol id="sm-7af">
         <name>_SEM_postBinary</name>
         <value>0x1b4f</value>
         <object_component_ref idref="oc-19e"/>
      </symbol>
      <symbol id="sm-7b0">
         <name>_SEM_post</name>
         <value>0x1b4f</value>
         <object_component_ref idref="oc-19e"/>
      </symbol>
      <symbol id="sm-7ba">
         <name>_SEM_postEnterKnl</name>
         <value>0x1df0</value>
         <object_component_ref idref="oc-1a2"/>
      </symbol>
      <symbol id="sm-7c4">
         <name>_STS_set</name>
         <value>0x2190</value>
         <object_component_ref idref="oc-1a6"/>
      </symbol>
      <symbol id="sm-7d2">
         <name>_TSK_nTasks</name>
         <value>0x5b7c</value>
         <object_component_ref idref="oc-1aa"/>
      </symbol>
      <symbol id="sm-7d3">
         <name>_TSK_config</name>
         <value>0x5b9c</value>
         <object_component_ref idref="oc-1aa"/>
      </symbol>
      <symbol id="sm-7d4">
         <name>_TSK</name>
         <value>0x5bb8</value>
         <object_component_ref idref="oc-1aa"/>
      </symbol>
      <symbol id="sm-7d5">
         <name>_TSK_timerSem</name>
         <value>0x5bbc</value>
         <object_component_ref idref="oc-1aa"/>
      </symbol>
      <symbol id="sm-7d6">
         <name>_TSK_pid</name>
         <value>0x5b7e</value>
         <object_component_ref idref="oc-1aa"/>
      </symbol>
      <symbol id="sm-7d7">
         <name>_TSK_ATTRS</name>
         <value>0x5b80</value>
         <object_component_ref idref="oc-1aa"/>
      </symbol>
      <symbol id="sm-7e1">
         <name>_TSK_exit</name>
         <value>0x16e4</value>
         <object_component_ref idref="oc-1b0"/>
      </symbol>
      <symbol id="sm-7eb">
         <name>_SYS_exit</name>
         <value>0x1e80</value>
         <object_component_ref idref="oc-1b4"/>
      </symbol>
      <symbol id="sm-7f7">
         <name>_SYS_exitStack</name>
         <value>0x5c74</value>
         <object_component_ref idref="oc-1b8"/>
      </symbol>
      <symbol id="sm-7f8">
         <name>_SYS_exitStackPtr</name>
         <value>0x5c94</value>
         <object_component_ref idref="oc-1b8"/>
      </symbol>
      <symbol id="sm-7f9">
         <name>_SYS_exitStackTop</name>
         <value>0x5c98</value>
         <object_component_ref idref="oc-1b8"/>
      </symbol>
      <symbol id="sm-803">
         <name>_TSK_init</name>
         <value>0xb654</value>
         <object_component_ref idref="oc-1bd"/>
      </symbol>
      <symbol id="sm-80d">
         <name>_TSK_setup</name>
         <value>0x17dc</value>
         <object_component_ref idref="oc-1c1"/>
      </symbol>
      <symbol id="sm-81f">
         <name>__MEM_mutex</name>
         <value>0x5c04</value>
         <object_component_ref idref="oc-1c6"/>
      </symbol>
      <symbol id="sm-820">
         <name>_TSK_startup</name>
         <value>0x1930</value>
         <object_component_ref idref="oc-1c8"/>
      </symbol>
      <symbol id="sm-821">
         <name>__TSK_mutex</name>
         <value>0x5bdc</value>
         <object_component_ref idref="oc-1c6"/>
      </symbol>
      <symbol id="sm-82b">
         <name>_LCK_pend</name>
         <value>0x1d18</value>
         <object_component_ref idref="oc-1cd"/>
      </symbol>
      <symbol id="sm-82c">
         <name>_LCK_post</name>
         <value>0x1cf8</value>
         <object_component_ref idref="oc-1cd"/>
      </symbol>
      <symbol id="sm-836">
         <name>_SYS_abort</name>
         <value>0x2154</value>
         <object_component_ref idref="oc-1d1"/>
      </symbol>
      <symbol id="sm-83a">
         <name>__CSL_init</name>
         <value>0x3e64</value>
         <object_component_ref idref="oc-1d5"/>
      </symbol>
      <symbol id="sm-844">
         <name>__SEM_dopost</name>
         <value>0x15e0</value>
         <object_component_ref idref="oc-1d6"/>
      </symbol>
      <symbol id="sm-84e">
         <name>__fixdli</name>
         <value>0x3bb8</value>
         <object_component_ref idref="oc-1da"/>
      </symbol>
      <symbol id="sm-858">
         <name>__mpyd</name>
         <value>0x3417</value>
         <object_component_ref idref="oc-1de"/>
      </symbol>
      <symbol id="sm-862">
         <name>__frcmpyd</name>
         <value>0x39ea</value>
         <object_component_ref idref="oc-1e2"/>
      </symbol>
      <symbol id="sm-870">
         <name>__unlock</name>
         <value>0x5d08</value>
         <object_component_ref idref="oc-1e7"/>
      </symbol>
      <symbol id="sm-871">
         <name>__lock</name>
         <value>0x5d04</value>
         <object_component_ref idref="oc-1e7"/>
      </symbol>
      <symbol id="sm-872">
         <name>__register_lock</name>
         <value>0x3e36</value>
         <object_component_ref idref="oc-1e6"/>
      </symbol>
      <symbol id="sm-873">
         <name>__nop</name>
         <value>0x3e3e</value>
         <object_component_ref idref="oc-1e6"/>
      </symbol>
      <symbol id="sm-874">
         <name>__register_unlock</name>
         <value>0x3e2e</value>
         <object_component_ref idref="oc-1e6"/>
      </symbol>
      <symbol id="sm-882">
         <name>_atexit</name>
         <value>0x3b49</value>
         <object_component_ref idref="oc-1ec"/>
      </symbol>
      <symbol id="sm-883">
         <name>___atexit_func_id__</name>
         <value>0x58e4</value>
         <object_component_ref idref="oc-1ed"/>
      </symbol>
      <symbol id="sm-891">
         <name>_dtors</name>
         <value>0x5d28</value>
         <object_component_ref idref="oc-1f3"/>
      </symbol>
      <symbol id="sm-892">
         <name>_call_dtors</name>
         <value>0x3a60</value>
         <object_component_ref idref="oc-1f2"/>
      </symbol>
      <symbol id="sm-893">
         <name>___add_dtor</name>
         <value>0x3ab6</value>
         <object_component_ref idref="oc-1f2"/>
      </symbol>
      <symbol id="sm-8a3">
         <name>C$$EXIT</name>
         <value>0x3e8d</value>
         <object_component_ref idref="oc-1fc"/>
      </symbol>
      <symbol id="sm-8a4">
         <name>_exit</name>
         <value>0x3d82</value>
         <object_component_ref idref="oc-1f8"/>
      </symbol>
      <symbol id="sm-8a5">
         <name>_abort</name>
         <value>0x3e8c</value>
         <object_component_ref idref="oc-1fc"/>
      </symbol>
      <symbol id="sm-8a6">
         <name>__cleanup_ptr</name>
         <value>0x5d0c</value>
         <object_component_ref idref="oc-1f9"/>
      </symbol>
      <symbol id="sm-8a7">
         <name>__dtors_ptr</name>
         <value>0x5d10</value>
         <object_component_ref idref="oc-1f9"/>
      </symbol>
      <symbol id="sm-8b1">
         <name>_auto_init</name>
         <value>0xb6d8</value>
         <object_component_ref idref="oc-1ff"/>
      </symbol>
      <symbol id="sm-8b9">
         <name>_memcpy</name>
         <value>0x3d43</value>
         <object_component_ref idref="oc-203"/>
      </symbol>
      <symbol id="sm-8c3">
         <name>_memset</name>
         <value>0x3e40</value>
         <object_component_ref idref="oc-207"/>
      </symbol>
      <symbol id="sm-8cd">
         <name>iRTA_F_or</name>
         <value>0x1f82</value>
         <object_component_ref idref="oc-20b"/>
      </symbol>
      <symbol id="sm-8ce">
         <name>RTA_F_or</name>
         <value>0x1f6b</value>
         <object_component_ref idref="oc-20b"/>
      </symbol>
      <symbol id="sm-8cf">
         <name>RTA_F_andn</name>
         <value>0x1f55</value>
         <object_component_ref idref="oc-20b"/>
      </symbol>
   </symbol_table>
</link_info>
