******************************************************************************
              TMS320C55x Linker PC v4.4.1                      
******************************************************************************
>> Linked Thu Mar 12 00:57:46 2020

OUTPUT FILE NAME:   <biosproj2_96.out>
ENTRY POINT SYMBOL: "_c_int00"  address: 0000b749


MEMORY CONFIGURATION

         name            origin    length      used     unused   attr    fill
                        (bytes)   (bytes)    (bytes)   (bytes)
----------------------  --------  ---------  --------  --------  ----  --------
  DARAM                 000000c0   0000fe40  0000c59a  000038a6  RWIX
  VECT                  0000ff00   00000100  00000100  00000000  RWIX


SECTION ALLOCATION MAP
(Addresses surrounded by []'s are displayed for convenience only!)

output                                                          attributes/
section   page  orgn(bytes) orgn(words) len(bytes) len(words)   input sections
--------  ----  ----------- ----------- ---------- ----------   --------------
.vers        0   [ 00000000 ]  00000000          *   0000003c   COPY SECTION
                 [ 00000000 ]  00000000          *   0000003c   hellocfg.obj (.vers)

.prd         0   [ 000000c0 ]  00000060          *   00000000   UNINITIALIZED

.bios        0     000000c0  [ 00000060 ] 000020e4          *   
                   000000c0  [ 00000060 ] 000003d4          *   bios.a55L : swi.o55L (.bios)
                   00000494  [ 0000024a ] 000003a3          *   lnkrtdx.a55L : rtdx.o55L (.bios)
                   00000837  [ 0000041b+] 0000035f          *   bios.a55L : hwi_disp_asm.o55L (.bios)
                   00000b96  [ 000005cb ] 00000002          *   bios5502.a55L : clk5502_wdog.o55L (.bios)
                   00000b98  [ 000005cc ] 0000018b          *   bios.a55L : sem_pend.o55L (.bios)
                   00000d23  [ 00000691+] 00000186          *             : prd.o55L (.bios)
                   00000ea9  [ 00000754 ] 00000003          *   --HOLE-- [fill = 20]
                   00000eac  [ 00000756 ] 00000185          *             : knl_run.o55L (.bios)
                   00001031  [ 00000818 ] 00000003          *   --HOLE-- [fill = 20]
                   00001034  [ 0000081a ] 00000144          *             : knl_tick.o55L (.bios)
                   00001178  [ 000008bc ] 00000130          *             : rta.o55L (.bios)
                   000012a8  [ 00000954 ] 00000119          *             : pip.o55L (.bios)
                   000013c1  [ 000009e0+] 0000010e          *             : knl_swit.o55L (.bios)
                   000014cf  [ 00000a67 ] 00000001          *   --HOLE-- [fill = 20]
                   000014d0  [ 00000a68 ] 0000010d          *             : mbx.o55L (.bios)
                   000015dd  [ 00000aee ] 00000003          *   --HOLE-- [fill = 20]
                   000015e0  [ 00000af0 ] 00000104          *             : sem_dopo.o55L (.bios)
                   000016e4  [ 00000b72 ] 000000f8          *             : tsk_exit.o55L (.bios)
                   000017dc  [ 00000bee ] 000000f6          *             : tsk_setu.o55L (.bios)
                   000018d2  [ 00000c69 ] 00000002          *   --HOLE-- [fill = 20]
                   000018d4  [ 00000c6a ] 000000bf          *             : tsk_stup.o55L (.bios)
                   00001993  [ 00000cc9+] 000000a2          *             : c55_c.o55L (.bios)
                   00001a35  [ 00000d1a+] 0000008d          *             : knl_chec.o55L (.bios)
                   00001ac2  [ 00000d61 ] 0000008d          *   bios5502.a55L : clk_isr.o55L (.bios)
                   00001b4f  [ 00000da7+] 00000082          *   bios.a55L : sem_post_asm.o55L (.bios)
                   00001bd1  [ 00000de8+] 0000006b          *   bios5502.a55L : clk5502_start.o55L (.bios)
                   00001c3c  [ 00000e1e ] 0000005f          *   bios.a55L : knl_exit.o55L (.bios)
                   00001c9b  [ 00000e4d ] 00000001          *   --HOLE-- [fill = 20]
                   00001c9c  [ 00000e4e ] 0000005b          *             : knl_ipos.o55L (.bios)
                   00001cf7  [ 00000e7b ] 00000001          *   --HOLE-- [fill = 20]
                   00001cf8  [ 00000e7c ] 00000058          *             : lck.o55L (.bios)
                   00001d50  [ 00000ea8 ] 00000051          *             : log.o55L (.bios)
                   00001da1  [ 00000ed0+] 0000004e          *             : sem_pend_counting.o55L (.bios)
                   00001def  [ 00000ef7 ] 00000001          *   --HOLE-- [fill = 20]
                   00001df0  [ 00000ef8 ] 00000048          *             : sem_post.o55L (.bios)
                   00001e38  [ 00000f1c ] 00000048          *             : sts.o55L (.bios)
                   00001e80  [ 00000f40 ] 00000048          *             : sys_exit.o55L (.bios)
                   00001ec8  [ 00000f64 ] 00000047          *             : idl_busy.o55L (.bios)
                   00001f0f  [ 00000f87+] 00000046          *             : idl_cal.o55L (.bios)
                   00001f55  [ 00000faa+] 00000043          *             : rta_andn.o55L (.bios)
                   00001f98  [ 00000fcc ] 00000040          *   bios5502.a55L : clk5502_meas.o55L (.bios)
                   00001fd8  [ 00000fec ] 00000036          *   bios.a55L : utl_putc.o55L (.bios)
                   0000200e  [ 00001007 ] 00000002          *   --HOLE-- [fill = 20]
                   00002010  [ 00001008 ] 00000034          *             : knl_post.o55L (.bios)
                   00002044  [ 00001022 ] 0000002c          *   bios5502.a55L : clk5502_startHtime.o55L (.bios)
                   00002070  [ 00001038 ] 00000025          *   bios.a55L : fxn.o55L (.bios)
                   00002095  [ 0000104a+] 00000024          *             : idl_stub.o55L (.bios)
                   000020b9  [ 0000105c ] 00000003          *   --HOLE-- [fill = 20]
                   000020bc  [ 0000105e ] 00000023          *             : utl_doab.o55L (.bios)
                   000020df  [ 0000106f ] 00000001          *   --HOLE-- [fill = 20]
                   000020e0  [ 00001070 ] 00000020          *             : utl_doer.o55L (.bios)
                   00002100  [ 00001080 ] 0000001f          *             : clk_itime.o55L (.bios)
                   0000211f  [ 0000108f ] 00000001          *   --HOLE-- [fill = 20]
                   00002120  [ 00001090 ] 0000001a          *             : hwi_xable.o55L (.bios)
                   0000213a  [ 0000109d ] 00000017          *             : clk_run.o55L (.bios)
                   00002151  [ 000010a8 ] 00000003          *   --HOLE-- [fill = 20]
                   00002154  [ 000010aa ] 00000017          *             : sys_abor.o55L (.bios)
                   0000216b  [ 000010b5+] 0000000f          *   bios5502.a55L : clk5502_htime.o55L (.bios)
                   0000217a  [ 000010bd ] 0000000c          *   bios.a55L : idl.o55L (.bios)
                   00002186  [ 000010c3 ] 00000002          *   --HOLE-- [fill = 20]
                   00002188  [ 000010c4 ] 00000008          *             : utl_halt.o55L (.bios)
                   00002190  [ 000010c8 ] 00000007          *             : sts_set.o55L (.bios)
                   00002197  [ 000010cb+] 00000006          *             : gbl_vers.o55L (.bios)
                   0000219d  [ 000010ce ] 00000003          *   --HOLE-- [fill = 20]
                   000021a0  [ 000010d0 ] 00000002          *             : fxn_c.o55L (.bios)
                   000021a2  [ 000010d1 ] 00000002          *   --HOLE-- [fill = 20]

.data        0   [ 000000c0 ]  00000060          *   00000000   UNINITIALIZED

.text        0     000021a4  [ 000010d2 ] 00001bfc          *   
                   000021a4  [ 000010d2 ] 00000559          *   aic3204.obj (.text)
                   000026fd  [ 0000137e+] 000003af          *   ezdsp5502_gpio.obj (.text)
                   00002aac  [ 00001556 ] 00000261          *   csl5502x.lib : mcbsp_rst.obj (.text:MCBSP_reset)
                   00002d0d  [ 00001686+] 00000242          *   audioProcessing.obj (.text)
                   00002f4f  [ 000017a7 ] 00000001          *   --HOLE-- [fill = 20]
                   00002f50  [ 000017a8 ] 0000018e          *   csl5502x.lib : i2c_write.obj (.text:I2C_write)
                   000030de  [ 0000186f ] 00000002          *   --HOLE-- [fill = 20]
                   000030e0  [ 00001870 ] 0000015d          *                : i2c_read.obj (.text:I2C_read)
                   0000323d  [ 0000191e+] 0000014e          *   ezdsp5502_i2cgpio.obj (.text)
                   0000338b  [ 000019c5+] 0000014c          *   rts55x.lib : mpyd.obj (.text)
                   000034d7  [ 00001a6b ] 00000001          *   --HOLE-- [fill = 20]
                   000034d8  [ 00001a6c ] 00000130          *   csl5502x.lib : mcbsp_cfg.obj (.text:MCBSP_config)
                   00003608  [ 00001b04 ] 000000ee          *                : mcbsp_open.obj (.text:MCBSP_open)
                   000036f6  [ 00001b7b ] 000000ab          *   ezdsp5502_mcbsp.obj (.text)
                   000037a1  [ 00001bd0+] 00000092          *   ezdsp5502_i2c.obj (.text)
                   00003833  [ 00001c19 ] 00000001          *   --HOLE-- [fill = 20]
                   00003834  [ 00001c1a ] 00000082          *   csl5502x.lib : mcbsp_start.obj (.text:MCBSP_start)
                   000038b6  [ 00001c5b ] 00000076          *   rts55x.lib : frcmpyd.obj (.text)
                   0000392c  [ 00001c96 ] 00000075          *              : sinit.obj (.text)
                   000039a1  [ 00001cd0+] 00000074          *   myfir.obj (.text)
                   00003a15  [ 00001d0a+] 0000006f          *   rts55x.lib : atexit.obj (.text)
                   00003a84  [ 00001d42 ] 0000006f          *              : fixdli.obj (.text)
                   00003af3  [ 00001d79 ] 00000001          *   --HOLE-- [fill = 20]
                   00003af4  [ 00001d7a ] 00000067          *   bios.a55L : c55_enable.o55L (.text)
                   00003b5b  [ 00001dad ] 00000001          *   --HOLE-- [fill = 20]
                   00003b5c  [ 00001dae ] 0000005c          *             : tsk_stup.o55L (.text)
                   00003bb8  [ 00001ddc ] 00000057          *   ezdsp5502.obj (.text)
                   00003c0f  [ 00001e07+] 0000003f          *   rts55x.lib : memcpy.obj (.text)
                   00003c4e  [ 00001e27 ] 0000003e          *              : exit.obj (.text)
                   00003c8c  [ 00001e46 ] 0000003c          *   main.obj (.text)
                   00003cc8  [ 00001e64 ] 00000037          *   nco.obj (.text)
                   00003cff  [ 00001e7f ] 00000001          *   --HOLE-- [fill = 20]
                   00003d00  [ 00001e80 ] 00000036          *   csl5502x.lib : mcbsp_cls.obj (.text:MCBSP_close)
                   00003d36  [ 00001e9b ] 00000012          *   rts55x.lib : _lock.obj (.text)
                   00003d48  [ 00001ea4 ] 00000011          *              : memset.obj (.text)
                   00003d59  [ 00001eac ] 00000003          *   --HOLE-- [fill = 20]
                   00003d5c  [ 00001eae ] 0000000f          *   csl5502x.lib : irq_gdisab.obj (.text:IRQ_globalDisable)
                   00003d6b  [ 00001eb5 ] 00000001          *   --HOLE-- [fill = 20]
                   00003d6c  [ 00001eb6 ] 0000000d          *                : _csl_init.obj (.text:_CSL_init)
                   00003d79  [ 00001ebc ] 00000003          *   --HOLE-- [fill = 20]
                   00003d7c  [ 00001ebe ] 0000000c          *                : csl.obj (.text:CSL_init)
                   00003d88  [ 00001ec4 ] 0000000c          *                : irq_grest.obj (.text:IRQ_globalRestore)
                   00003d94  [ 00001eca ] 00000007          *   rts55x.lib : exit.obj (.text:CIO_breakpoint)
                   00003d9b  [ 00001ecd ] 00000001          *   --HOLE-- [fill = 20]
                   00003d9c  [ 00001ece ] 00000002          *   csl5502x.lib : csl.obj (.text)
                   00003d9e  [ 00001ecf ] 00000002          *   --HOLE-- [fill = 20]

.cinit       0   [ 00003da0 ]  00001ed0          *   00000960   
                 [ 00003da0 ]  00001ed0          *   0000041d   hellocfg.obj (.cinit)
                 [ 000045da ]  000022ed          *   0000020d   nco.obj (.cinit)
                 [ 000049f4 ]  000024fa          *   000000af   bios.a55L : biosdata.o55L (.cinit)
                 [ 00004b52 ]  000025a9          *   000000a0             : knl.o55L (.cinit)
                 [ 00004c92 ]  00002649          *   00000069   csl5502x.lib : csl_mcbspdat.obj (.cinit)
                 [ 00004d64 ]  000026b2          *   00000031   bios.a55L : tsk.o55L (.cinit)
                 [ 00004dc6 ]  000026e3          *   00000030   audioProcessing.obj (.cinit)
                 [ 00004e26 ]  00002713          *   0000002e   bios.a55L : tsk_stup.o55L (.cinit)
                 [ 00004e82 ]  00002741          *   00000025   csl5502x.lib : csl_csldat.obj (.cinit)
                 [ 00004ecc ]  00002766          *   00000023                : csl_gpiodat.obj (.cinit)
                 [ 00004f12 ]  00002789          *   00000019   bios.a55L : rta.o55L (.cinit)
                 [ 00004f44 ]  000027a2          *   00000017   rtdxx.lib : buffer1.o55L (.cinit)
                 [ 00004f72 ]  000027b9          *   00000014   main.obj (.cinit)
                 [ 00004f9a ]  000027cd          *   0000000f   bios.a55L : utl_putc.o55L (.cinit)
                 [ 00004fb8 ]  000027dc          *   0000000b             : knl_tick.o55L (.cinit)
                 [ 00004fce ]  000027e7          *   0000000a             : obj_init.o55L (.cinit)
                 [ 00004fe2 ]  000027f1          *   0000000a             : sys.o55L (.cinit)
                 [ 00004ff6 ]  000027fb          *   0000000a   rts55x.lib : _lock.obj (.cinit)
                 [ 0000500a ]  00002805          *   0000000a              : exit.obj (.cinit)
                 [ 0000501e ]  0000280f          *   00000009   lnkrtdx.a55L : rtdx.o55L (.cinit)
                 [ 00005030 ]  00002818          *   00000008   rts55x.lib : atexit.obj (.cinit)
                 [ 00005040 ]  00002820          *   00000005   bios.a55L : idl_busy.o55L (.cinit)
                 [ 0000504a ]  00002825          *   00000005             : knl_swit.o55L (.cinit)
                 [ 00005054 ]  0000282a          *   00000005   rts55x.lib : sinit.obj (.cinit)
                 [ 0000505e ]  0000282f          *   00000001   --HOLE-- [fill = 0]

.bss         0   [ 00005060 ]  00002830          *   000006b4   UNINITIALIZED
                 [ 00005060 ]  00002830          *   00000289   audioProcessing.obj (.bss)
                 [ 00005572 ]  00002ab9          *   00000001   --HOLE--
                 [ 00005574 ]  00002aba          *   00000204   nco.obj (.bss)
                 [ 0000597c ]  00002cbe          *   000000c2   rts55x.lib : atexit.obj (.bss)
                 [ 00005b00 ]  00002d80          *   0000008a   bios.a55L : knl.o55L (.bss)
                 [ 00005c14 ]  00002e0a          *   00000030             : tsk.o55L (.bss)
                 [ 00005c74 ]  00002e3a          *   00000028             : tsk_stup.o55L (.bss)
                 [ 00005cc4 ]  00002e62          *   00000023             : obj_init.o55L (.bss)
                 [ 00005d0a ]  00002e85          *   00000001   --HOLE--
                 [ 00005d0c ]  00002e86          *   00000014             : sys.o55L (.bss)
                 [ 00005d34 ]  00002e9a          *   00000014   hellocfg.obj (.bss)
                 [ 00005d5c ]  00002eae          *   00000008   bios.a55L : knl_tick.o55L (.bss)
                 [ 00005d6c ]  00002eb6          *   00000008   ezdsp5502_gpio.obj (.bss)
                 [ 00005d7c ]  00002ebe          *   00000006   bios.a55L : utl_putc.o55L (.bss)
                 [ 00005d88 ]  00002ec4          *   00000006   rtdxx.lib : buffer1.o55L (.bss)
                 [ 00005d94 ]  00002eca          *   00000005   main.obj (.bss)
                 [ 00005d9e ]  00002ecf          *   00000001   --HOLE--
                 [ 00005da0 ]  00002ed0          *   00000004   bios.a55L : clk_data.o55L (.bss)
                 [ 00005da8 ]  00002ed4          *   00000004   rts55x.lib : _lock.obj (.bss)
                 [ 00005db0 ]  00002ed8          *   00000004              : exit.obj (.bss)
                 [ 00005db8 ]  00002edc          *   00000002   bios.a55L : clk_data2.o55L (.bss)
                 [ 00005dbc ]  00002ede          *   00000002             : mem_asm.o55L (.bss)
                 [ 00005dc0 ]  00002ee0          *   00000002   ezdsp5502_mcbsp.obj (.bss)
                 [ 00005dc4 ]  00002ee2          *   00000002   rts55x.lib : sinit.obj (.bss)

.sysstack 
*            0   [ 00005dc8 ]  00002ee4          *   00000100   UNINITIALIZED
                 [ 00005dc8 ]  00002ee4          *   00000100   --HOLE--

.stack       0   [ 00005fc8 ]  00002fe4          *   00000400   UNINITIALIZED
                 [ 00005fc8 ]  00002fe4          *   00000400   --HOLE--

.DARAM$heap 
*            0   [ 000067c8 ]  000033e4          *   00000500   UNINITIALIZED
                 [ 000067c8 ]  000033e4          *   00000500   --HOLE--

.TSK_idle$stk 
*            0   [ 000071c8 ]  000038e4          *   00000500   UNINITIALIZED
                 [ 000071c8 ]  000038e4          *   00000500   hellocfg.obj (.TSK_idle$stk)

.audioTSK$stk 
*            0   [ 00007bc8 ]  00003de4          *   00000500   UNINITIALIZED
                 [ 00007bc8 ]  00003de4          *   00000500   hellocfg.obj (.audioTSK$stk)

.buttonTSK$stk 
*            0   [ 000085c8 ]  000042e4          *   00000500   UNINITIALIZED
                 [ 000085c8 ]  000042e4          *   00000500   hellocfg.obj (.buttonTSK$stk)

.fftTSK$stk 
*            0   [ 00008fc8 ]  000047e4          *   00000500   UNINITIALIZED
                 [ 00008fc8 ]  000047e4          *   00000500   hellocfg.obj (.fftTSK$stk)

.rtdx_text 
*            0     000099c8  [ 00004ce4 ] 00000942          *   
                   000099c8  [ 00004ce4 ] 000001db          *   rtdxx.lib : buffer1.o55L (.rtdx_text:_RTDX_write_next)
                   00009ba3  [ 00004dd1+] 0000017c          *             : buffer1.o55L (.rtdx_text:_RTDX_Buffer_WriteCB)
                   00009d1f  [ 00004e8f+] 0000010f          *             : rtdx_mon.o55L (.rtdx_text:_RTDX_Init_RT_Monitor)
                   00009e2e  [ 00004f17 ] 000000ec          *             : rtdx_mon.o55L (.rtdx_text:_RTDX_Poll)
                   00009f1a  [ 00004f8d ] 000000b5          *             : buffer1.o55L (.rtdx_text:_claim)
                   00009fcf  [ 00004fe7+] 00000093          *             : rtdx_mon.o55L (.rtdx_text:_StartXFer)
                   0000a062  [ 00005031 ] 00000088          *             : rtdx_mon.o55L (.rtdx_text:_RTDX_Mon_Queue)
                   0000a0ea  [ 00005075 ] 00000065          *             : rtdx_mon.o55L (.rtdx_text:_RTDX_H2TPoll)
                   0000a14f  [ 000050a7+] 00000053          *             : buffer1.o55L (.rtdx_text:_RTDX_Buffer_Initialize)
                   0000a1a2  [ 000050d1 ] 0000004b          *             : buffer2.o55L (.rtdx_text:_RTDX_Buffer_ReadCB)
                   0000a1ed  [ 000050f6+] 0000003c          *             : rtdx_mon.o55L (.rtdx_text:_RTDX_Final_RT_Monitor)
                   0000a229  [ 00005114+] 0000003b          *             : buffer1.o55L (.rtdx_text:_RTDX_Buffer_Size)
                   0000a264  [ 00005132 ] 0000002a          *             : intr_tgt.o55L (.rtdx_text:_RTDX_Mask_IER)
                   0000a28e  [ 00005147 ] 00000022          *             : buffer2.o55L (.rtdx_text:_RTDX_Buffer_Read)
                   0000a2b0  [ 00005158 ] 0000001e          *             : intr_tgt.o55L (.rtdx_text:_RTDX_Set_IER)
                   0000a2ce  [ 00005167 ] 0000001c          *             : buffer1.o55L (.rtdx_text:_RTDX_Buffer_Write)
                   0000a2ea  [ 00005175 ] 00000017          *             : rtdx_mon.o55L (.rtdx_text:_Allow_EmuAccess)
                   0000a301  [ 00005180+] 00000004          *             : rtdx_mon.o55L (.rtdx_text:_Disallow_EmuAccess)
                   0000a305  [ 00005182+] 00000004          *             : rtdx_mon.o55L (.rtdx_text:_Wait)
                   0000a309  [ 00005184 ] 00000001          *   --HOLE-- [fill = 20]

.mem         0   [ 0000a30a ]  00005185          *   00000001   UNINITIALIZED
                 [ 0000a30a ]  00005185          *   00000001   hellocfg.obj (.mem)

.pip         0   [ 0000a30c ]  00005186          *   00000064   UNINITIALIZED
                 [ 0000a30c ]  00005186          *   00000064   hellocfg.obj (.pip)

.log         0   [ 0000a3d4 ]  000051ea          *   00000014   UNINITIALIZED
                 [ 0000a3d4 ]  000051ea          *   00000014   hellocfg.obj (.log)

.LOG_system$buf 
*            0   [ 0000a400 ]  00005200          *   00000200   UNINITIALIZED
                 [ 0000a400 ]  00005200          *   00000200   hellocfg.obj (.LOG_system$buf)

.trace$buf 
*            0   [ 0000a800 ]  00005400          *   00000400   UNINITIALIZED
                 [ 0000a800 ]  00005400          *   00000400   hellocfg.obj (.trace$buf)

.trace       0   [ 0000b000 ]  00005800          *   00000200   
                 [ 0000b000 ]  00005800          *   00000200   --HOLE-- [fill = 00]

.sysinit     0     0000b400  [ 00005a00 ] 000003bc          *   
                   0000b400  [ 00005a00 ] 0000013d          *   hellocfg.obj (.sysinit)
                   0000b53d  [ 00005a9e ] 00000003          *   --HOLE-- [fill = 20]
                   0000b540  [ 00005aa0 ] 00000111          *   bios.a55L : mem_init.o55L (.sysinit)
                   0000b651  [ 00005b28 ] 00000003          *   --HOLE-- [fill = 20]
                   0000b654  [ 00005b2a ] 00000084          *             : tsk_init.o55L (.sysinit)
                   0000b6d8  [ 00005b6c ] 00000071          *             : autoinit.o55L (.sysinit)
                   0000b749  [ 00005ba4+] 0000006f          *             : boot.o55L (.sysinit)
                   0000b7b8  [ 00005bdc ] 00000002          *             : obj_init.o55L (.sysinit)
                   0000b7ba  [ 00005bdd ] 00000002          *   --HOLE-- [fill = 20]

.rtdx_data 
*            0   [ 0000b7bc ]  00005bde          *   00000128   UNINITIALIZED
                 [ 0000b7bc ]  00005bde          *   00000102   hellocfg.obj (.rtdx_data)
                 [ 0000b9c0 ]  00005ce0          *   00000012   rtdxx.lib : rtdx_mon.o55L (.rtdx_data)
                 [ 0000b9e4 ]  00005cf2          *   00000010             : buffer1.o55L (.rtdx_data)
                 [ 0000ba04 ]  00005d02          *   00000004   bios.a55L : rtdx_data.o55L (.rtdx_data)

.const       0   [ 0000ba0c ]  00005d06          *   0000011b   
                 [ 0000ba0c ]  00005d06          *   00000051   audioProcessing.obj (.const:_myLPF)
                 [ 0000baae ]  00005d57          *   00000001   --HOLE-- [fill = 0]
                 [ 0000bab0 ]  00005d58          *   0000004f   bios.a55L : tsk_stup.o55L (.const)
                 [ 0000bb4e ]  00005da7          *   00000001   --HOLE-- [fill = 0]
                 [ 0000bb50 ]  00005da8          *   00000023             : utl_doab.o55L (.const)
                 [ 0000bb96 ]  00005dcb          *   00000001   --HOLE-- [fill = 0]
                 [ 0000bb98 ]  00005dcc          *   00000022             : utl_doer.o55L (.const)
                 [ 0000bbdc ]  00005dee          *   0000001b   ezdsp5502_mcbsp.obj (.const:_$P$T0$1)
                 [ 0000bc12 ]  00005e09          *   0000000a   ezdsp5502_i2c.obj (.const:_$P$T0$1)
                 [ 0000bc26 ]  00005e13          *   00000001   --HOLE-- [fill = 0]
                 [ 0000bc28 ]  00005e14          *   00000006   rtdxx.lib : rtdx_mon.o55L (.const)
                 [ 0000bc34 ]  00005e1a          *   00000004             : buffer1.o55L (.const)
                 [ 0000bc3c ]  00005e1e          *   00000002   nco.obj (.const)
                 [ 0000bc40 ]  00005e20          *   00000001   bios.a55L : tsk.o55L (.const)

.printf      0   [ 0000bc42 ]  00005e21          *   000000af   COPY SECTION
                 [ 0000bc42 ]  00005e21          *   000000af   hellocfg.obj (.printf)

.sysdata     0   [ 0000bc44 ]  00005e22          *   000000ce   UNINITIALIZED
                 [ 0000bc44 ]  00005e22          *   000000b0   bios.a55L : biosdata.o55L (.sysdata)
                 [ 0000bda4 ]  00005ed2          *   00000016             : rta.o55L (.sysdata)
                 [ 0000bdd0 ]  00005ee8          *   00000006   lnkrtdx.a55L : rtdx.o55L (.sysdata)
                 [ 0000bddc ]  00005eee          *   00000002   bios.a55L : idl_busy.o55L (.sysdata)

.audioMBX$que 
*            0   [ 0000bde0 ]  00005ef0          *   000000c8   UNINITIALIZED
                 [ 0000bde0 ]  00005ef0          *   000000c8   --HOLE--

.hwi_disp_sec 
*            0   [ 0000bf70 ]  00005fb8          *   000000c0   UNINITIALIZED
                 [ 0000bf70 ]  00005fb8          *   000000c0   bios.a55L : hwi_disp_asm.o55L (.hwi_disp_sec)

.tsk         0   [ 0000c0f0 ]  00006078          *   000000b0   UNINITIALIZED
                 [ 0000c0f0 ]  00006078          *   000000b0   hellocfg.obj (.tsk)

.hst0        0   [ 0000c250 ]  00006128          *   00000040   UNINITIALIZED
                 [ 0000c250 ]  00006128          *   00000040   hellocfg.obj (.hst0)

.gblinit     0   [ 0000c2d0 ]  00006168          *   00000039   
                 [ 0000c2d0 ]  00006168          *   00000039   hellocfg.obj (.gblinit)

.sts         0   [ 0000c344 ]  000061a2          *   00000038   UNINITIALIZED
                 [ 0000c344 ]  000061a2          *   00000038   hellocfg.obj (.sts)

.mbx         0   [ 0000c3b4 ]  000061da          *   00000034   UNINITIALIZED
                 [ 0000c3b4 ]  000061da          *   00000034   hellocfg.obj (.mbx)

.swi         0   [ 0000c41c ]  0000620e          *   00000028   UNINITIALIZED
                 [ 0000c41c ]  0000620e          *   00000028   hellocfg.obj (.swi)

.hst         0   [ 0000c46c ]  00006236          *   0000001a   UNINITIALIZED
                 [ 0000c46c ]  00006236          *   0000001a   hellocfg.obj (.hst)

.idl         0   [ 0000c4a0 ]  00006250          *   0000000a   UNINITIALIZED
                 [ 0000c4a0 ]  00006250          *   0000000a   hellocfg.obj (.idl)

.idlcal      0   [ 0000c4b4 ]  0000625a          *   0000000a   UNINITIALIZED
                 [ 0000c4b4 ]  0000625a          *   0000000a   hellocfg.obj (.idlcal)

.args        0   [ 0000c4c8 ]  00006264          *   00000008   
                 [ 0000c4c8 ]  00006264          *   00000008   --HOLE-- [fill = 0]

.hst1        0   [ 0000c4d8 ]  0000626c          *   00000008   UNINITIALIZED
                 [ 0000c4d8 ]  0000626c          *   00000008   hellocfg.obj (.hst1)

.sys         0   [ 0000c4e8 ]  00006274          *   00000008   UNINITIALIZED
                 [ 0000c4e8 ]  00006274          *   00000008   hellocfg.obj (.sys)

.pinit       0   [ 0000c4f8 ]  0000627c          *   00000006   
                 [ 0000c4f8 ]  0000627c          *   00000002   rtdxx.lib : buffer1.o55L (.pinit)
                 [ 0000c4fc ]  0000627e          *   00000002             : rtdx_mon.o55L (.pinit)
                 [ 0000c500 ]  00006280          *   00000002   --HOLE-- [fill = 0]

.clk         0   [ 0000c504 ]  00006282          *   00000004   UNINITIALIZED
                 [ 0000c504 ]  00006282          *   00000004   hellocfg.obj (.clk)

.trcdata     0   [ 0000c50c ]  00006286          *   00000003   
                 [ 0000c50c ]  00006286          *   00000003   bios.a55L : trc.o55L (.trcdata)

.csldata     0   [ 0000c514 ]  0000628a          *   000000a8   UNINITIALIZED
                 [ 0000c514 ]  0000628a          *   00000066   csl5502x.lib : csl_mcbspdat.obj (.csldata:MCBSP_data)
                 [ 0000c5e0 ]  000062f0          *   00000022                : csl_csldat.obj (.csldata:SYS_data)
                 [ 0000c624 ]  00006312          *   00000020                : csl_gpiodat.obj (.csldata:GPIO_data)

.hwi_vec     0     0000ff00  [ 00007f80 ] 00000100          *   
                   0000ff00  [ 00007f80 ] 00000100          *   hellocfg.obj (.hwi_vec)


GLOBAL SYMBOLS: SORTED ALPHABETICALLY BY Name 

abs. value/
byte addr   word addr   name
---------   ---------   ----
00000002                $TI_capability$C5500$CallingConvention
00000002                $TI_capability$C5500$MemoryModel
00000001                $TI_capability_requires_rev2
            00002830    .bss
            00000060    .data
000021a4                .text
00000014                BIOSDATA_O_CLK_D_COUNTSPMS
0000000e                BIOSDATA_O_CLK_D_DIRTY
00000016                BIOSDATA_O_CLK_D_IDLETIME
00000018                BIOSDATA_O_CLK_D_ISRHOOK
00000010                BIOSDATA_O_CLK_D_PRD
0000001a                BIOSDATA_O_CLK_D_TABBEG
00000012                BIOSDATA_O_CLK_D_TDDR
0000001c                BIOSDATA_O_CLK_D_TIMEFXN
00000006                BIOSDATA_O_CLK_HTIMEDIV
00000008                BIOSDATA_O_CLK_HTIMEMULT
0000000a                BIOSDATA_O_CLK_LTIMEDIV
0000000c                BIOSDATA_O_CLK_LTIMEMULT
0000001e                BIOSDATA_O_CLK_R_TIMH
0000001f                BIOSDATA_O_CLK_R_TIML
00000020                BIOSDATA_O_HST_D_CHANMASK
000000a0                BIOSDATA_O_HST_D_TABBEGADDR
000000a2                BIOSDATA_O_HST_D_TABENDADDR
00000088                BIOSDATA_O_HWI_D_SPSAVE
0000008a                BIOSDATA_O_HWI_D_SSPSAVE
0000008c                BIOSDATA_O_HWI_D_STKBOTADDR
00000090                BIOSDATA_O_HWI_D_STKTOPADDR
0000008e                BIOSDATA_O_HWI_D_SYSTKBOTADDR
00000092                BIOSDATA_O_HWI_D_SYSTKTOPADDR
00000022                BIOSDATA_O_IDL_D_CALBEG
00000024                BIOSDATA_O_IDL_D_CALIBRATE
00000026                BIOSDATA_O_IDL_D_TABBEG
00000028                BIOSDATA_O_LOG_D_SYSTEM
00000098                BIOSDATA_O_MEM_D_FREELIST
0000009a                BIOSDATA_O_MEM_D_LOCKADDR
00000096                BIOSDATA_O_MEM_D_MEMTAB
00000095                BIOSDATA_O_MEM_D_NUMSEGMENTS
0000009c                BIOSDATA_O_MEM_D_UNLOCKADDR
0000002a                BIOSDATA_O_PIP_D_TABBEG
0000002c                BIOSDATA_O_PIP_D_TABLEN
0000002e                BIOSDATA_O_PRD_D_CUR
00000030                BIOSDATA_O_PRD_D_ELAPSED
00000031                BIOSDATA_O_PRD_D_PREVTIM
00000032                BIOSDATA_O_PRD_D_SCALAR
00000034                BIOSDATA_O_PRD_D_SWIHANDLE
00000036                BIOSDATA_O_PRD_D_TABBEG
00000038                BIOSDATA_O_PRD_D_TABLEN
0000003a                BIOSDATA_O_PRD_D_THOOK
0000003c                BIOSDATA_O_PRD_D_TICKH
0000003d                BIOSDATA_O_PRD_D_TICKL
000000a8                BIOSDATA_O_RTDX_D_BUFREAD
000000aa                BIOSDATA_O_RTDX_D_BUFWRITE
00000046                BIOSDATA_O_SWI_D_CURFXN
00000042                BIOSDATA_O_SWI_D_CURMASK
00000045                BIOSDATA_O_SWI_D_CURMBOX
00000043                BIOSDATA_O_SWI_D_CURSET
00000040                BIOSDATA_O_SWI_D_EXECADDR
00000044                BIOSDATA_O_SWI_D_LOCK
00000048                BIOSDATA_O_SWI_D_RDYBEG
0000004a                BIOSDATA_O_SWI_D_RDYTAB
0000003e                BIOSDATA_O_SWI_D_RUNADDR
0000009e                BIOSDATA_O_SYS
000000a4                BIOSDATA_O_TSK_D_IDLSTKADDR
000000a6                BIOSDATA_O_TSK_D_IDLSYSTKADDR
0000b400                BIOS_init
0000b4f1                BIOS_start
00000000                BUF$
00000001                BUF_ENABLED
00003d95                C$$EXIT
            00005e22    C55_BIOSDATAOBJ
00000001                CLK$
00006282                CLK_A_TABBEG
0000c504                CLK_A_TABBEGb
00000001                CLK_CALDIV
00000004                CLK_CALMULT
00000001                CLK_CLKDIV
000124f8                CLK_COUNTSPMS
00000001                CLK_COUNTSPMSHIGH
            00005e38    CLK_D_idletime
            00005e3a    CLK_D_isrhook
            00005e3c    CLK_D_tabbeg
            00005e3e    CLK_D_timefxn
00000001                CLK_ENABLEHTIME
00002145                CLK_F_dispRun
0000216b                CLK_F_gethtime
00001ac2                CLK_F_isr
00002100                CLK_F_itime
0000213a                CLK_HOOKFXN
00000001                CLK_HTIMEDIV
00000004                CLK_HTIMEMULT
000124f8                CLK_HTIMEPERLTIME
00000010                CLK_IMR0TINTMASK
00000000                CLK_IMR1TINTMASK
00000004                CLK_INTBIT
00000004                CLK_INTID
00000001                CLK_LTIMEDIV
000493e0                CLK_LTIMEMULT
000003e8                CLK_MICROSECS
            00006284    CLK_NULL
000124f7                CLK_PRD
00000001                CLK_PRDHIGH
00001000                CLK_REGS
            00005e40    CLK_R_timh
            00005e41    CLK_R_timl
00000020                CLK_TCR
00000000                CLK_TDDR
00000000                CLK_TDDRHIGH
0000216b                CLK_TIMEFXN
00000001                CLK_TIMERIFR
00000000                CLK_TIMERIMR
00000010                CLK_TIMERIMRMASK
00000000                CLK_TIMERNUM
00000001                CLK_USETIMER
            00002ea0    DARAM
000033e4                DARAM$B
000067c8                DARAM$Bb
00000a00                DARAM$L
00000000                DEV$
00000000                DGN$
00000000                DHL$
00000000                DHL_gChannelsAvailable
00000000                DIO$
00000000                DIO_NUMSWIBASE
00000000                DIO_NUMTSKBASE
00000000                DIO_STATIC
00000000                DPI$
00002070                FXN_F_nop
00002072                FXN_F_run
00002093                FXN_F_selfLoop
0000208f                FXN_F_zero
00000001                GBL$
00005205                GBL_A_VERSION
000021a0                GBL_BIOS_BOOTFXN
00f80000                GBL_CACHEICRTAG1
00f81000                GBL_CACHEICRTAG2
00000002                GBL_CACHETYPE
00000001                GBL_CALLCSLCFGINIT
00004e20                GBL_CLKIN
00000001                GBL_CLKMD
0000157e                GBL_CLKTYPE
00000001                GBL_DCRPOSTEDWRITE
0000157e                GBL_DSPSUBTYPE
00000037                GBL_DSPTYPE
00000000                GBL_ENABLEICACHE
00000001                GBL_ENABLEINST
00000042                GBL_FOOTPRINT
000493e0                GBL_FREQ
00000001                GBL_LARGEMODEL
00000001                GBL_MODIFYCLKMD
00000000                GBL_NULL
00008000                GBL_PLLDIV0
00008003                GBL_PLLDIV1
0000000f                GBL_PLLM
00000000                GBL_PROCID
00000000                GBL_ROM
00000000                GBL_SUPPORTCSL
0000dbef                GBL_TRCMASKVALUE
00000000                GBL_USERINIT
000021a0                GBL_USERINITFXN
00000001                GBL_boot
            00006288    GBL_initdone
            00002fe4    GBL_stackbeg
            000033e3    GBL_stackend
            00002ee4    GBL_sysstackbeg
            00002fe3    GBL_sysstackend
00000000                GIO$
000021a0                GIO_CREATEFXN
000021a0                GIO_DELETEFXN
000021a0                GIO_PENDFXN
000021a0                GIO_POSTFXN
00000000                HOOK$
00000000                HOOK_KNLID
00000001                HST$
00006236                HST_A_TABBEG
0000c46c                HST_A_TABBEGb
00006250                HST_A_TABEND
0000c4a0                HST_A_TABENDb
00000000                HST_BIOSLINK
00000000                HST_DSM
            00002ea0    HST_DSMBUFSEG
00000400                HST_DSMMEMSIZE
            00005e42    HST_D_chanmask
            00005ec2    HST_D_tabbegaddr
            00005ec4    HST_D_tabendaddr
000000ff                HST_MAXFRAMEALLOWED
00000040                HST_MAXFRAMESET
00000000                HST_NONE
00000001                HST_RTDX
00000001                HWI$
0000ff00                HWI_A_VECS
00000018                HWI_BERR
00000019                HWI_DLOG
            00005eb6    HWI_D_inhwi
            00005eaa    HWI_D_spsave
            00005eac    HWI_D_sspsave
            00005eae    HWI_D_stkbotaddr
            00005eb2    HWI_D_stktopaddr
            00005eb0    HWI_D_systkbotaddr
            00005eb4    HWI_D_systktopaddr
00000837                HWI_F_dispatch
0000000a                HWI_INT10
0000000b                HWI_INT11
0000000c                HWI_INT12
0000000d                HWI_INT13
0000000e                HWI_INT14
0000000f                HWI_INT15
00000010                HWI_INT16
00000011                HWI_INT17
00000012                HWI_INT18
00000013                HWI_INT19
00000002                HWI_INT2
00000014                HWI_INT20
00000015                HWI_INT21
00000016                HWI_INT22
00000017                HWI_INT23
00000003                HWI_INT3
00000004                HWI_INT4
00000005                HWI_INT5
00000006                HWI_INT6
00000007                HWI_INT7
00000008                HWI_INT8
00000009                HWI_INT9
00000001                HWI_NMI
00000000                HWI_RESET
0000001a                HWI_RTOS
0000001b                HWI_SINT27
0000001c                HWI_SINT28
0000001d                HWI_SINT29
0000001e                HWI_SINT30
0000001f                HWI_SINT31
00000004                HWI_TINT
00000000                HWI_ZEROTAB
00000001                IDL$
            00006256    IDL0
            00006260    IDL0$
0000625a                IDL_A_CALBEG
0000c4b4                IDL_A_CALBEGb
00006250                IDL_A_TABBEG
0000c4a0                IDL_A_TABBEGb
00000000                IDL_CALIBRERROR
00002095                IDL_CALIBRFXN
            00005eee    IDL_D_busyObj
            00005e44    IDL_D_calbeg
            00005e46    IDL_D_calibrate
            00005e48    IDL_D_tabbeg
            00006258    IDL_END
            00006262    IDL_END$
00001ec8                IDL_F_busy
0000217a                IDL_F_loop
00000001                IDL_USECLKIDLTIME
            000061d4    IDL_busyObj
            00005ecb    IDL_busyObj$avgfmt
00000001                IDL_busyObj$filter
00000001                IDL_busyObj$iA
00000000                IDL_busyObj$iB
00000001                IDL_busyObj$iC
            00005ec5    IDL_busyObj$maxfmt
00000000                IDL_busyObj$operation
            000061d2    IDL_busyObj$stsobj
            00005ec8    IDL_busyObj$sumfmt
00000002                IDL_busyObj$unittype
            00006254    IDL_cpuLoad
            0000625e    IDL_cpuLoad$
00000001                ISRC$
0000140f                KNL_glue
            0000620e    KNL_swi
00000001                KNL_swi$dorta
00000002                KNL_swi$ord
00000000                KNL_swi$pri
            000061a4    KNL_swi$sts
            00005e39    KNL_swi$sts$avgfmt
00000002                KNL_swi$sts$filter
00000001                KNL_swi$sts$filtmaxmult
00000001                KNL_swi$sts$filtsummult
            00005e29    KNL_swi$sts$maxfmt
            000061a2    KNL_swi$sts$stsobj
            00005e31    KNL_swi$sts$sumfmt
00000000                KNL_swi$sts$unittype
00000000                KNL_swi$swi
0000144e                KNL_tick_stub
00000001                LCK$
            00005ee8    LNKCTRL
            00005ee9    LNK_D_dataReadyMask
            00005ee8    LNK_D_fromHostMask
            00005eeb    LNK_D_readDone
            00005eec    LNK_D_readFail
            00005eea    LNK_D_readPend
            00005eed    LNK_D_writeFail
00000496                LNK_F_checkChanEnabled
000004ef                LNK_F_dataPump
000004bd                LNK_F_getChanPtr
000004a4                LNK_F_getNextChan
00000494                LNK_F_init
00000812                LNK_F_readCallBack
            00006250    LNK_dataPump
            0000625a    LNK_dataPump$
0000065a                LNK_newin
0000073e                LNK_newout
000004ef                LNK_rcloop
00000543                LNK_rdrtry
0000054d                LNK_rrloop
000005cd                LNK_wrloop
000005c3                LNK_wrrtry
00000001                LOG$
000051ea                LOG_A_TABBEG
0000a3d4                LOG_A_TABBEGb
000051fe                LOG_A_TABEND
0000a3fc                LOG_A_TABENDb
00000002                LOG_A_TABLEN
            00005e4a    LOG_D_system
00000001                LOG_ENABLED
00001d50                LOG_F_event
            000051ea    LOG_system
            00005200    LOG_system$buf
00000000                LOG_system$datatype
00000000                LOG_system$log
00000200                LOG_system$size
00000001                MBX$
00000001                MEM$
            00002ea0    MEM_MALLOCSEG
00000000                MEM_NULL
            00002ea0    MEM_SEGZERO
00000001                MEM_gNumHeap
00000000                MSGQ$
00000000                MSGQ_USEMSGQ
00000000                OBJ$
00000000                PIP$
00005186                PIP_A_TABBEG
0000a30c                PIP_A_TABBEGb
000051ea                PIP_A_TABEND
0000a3d4                PIP_A_TABENDb
00000002                PIP_A_TABLEN
            00005e4c    PIP_D_tabbeg
            00005e4e    PIP_D_tablen
000012fe                PIP_F_give
000012fc                PIP_F_probe
00001370                PIP_F_start
000012a8                PIP_F_take
00000064                PIP_OBJSIZE
00000000                PIP_gNextId
00000002                PIP_gNumEmbed
00000000                POOL$
00000000                POOL_USEPOOL
00000001                PRD$
00000060                PRD_A_TABBEG
000000c0                PRD_A_TABBEGb
00000060                PRD_A_TABEND
000000c0                PRD_A_TABENDb
00000000                PRD_A_TABLEN
            00005e50    PRD_D_cur
            00005e52    PRD_D_elapsed
            00005e53    PRD_D_prevtim
            00005e54    PRD_D_scalar
            00005e56    PRD_D_swihandle
            00005e58    PRD_D_tabbeg
            00005e5a    PRD_D_tablen
            00005e5c    PRD_D_thook
            00005e5e    PRD_D_tickh
            00005e5f    PRD_D_tickl
00000d23                PRD_F_swi
00000e48                PRD_F_tick
00004000                PRD_SCALAR
00000000                PRD_SWIHANDLE
0000144e                PRD_THOOKFXN
            00006282    PRD_clock
00000001                PWRM$
00000000                PWRM_PWRM_ADAPTCLK
000021a0                PWRM_PWRM_BOOTHOOKFXN
00000023                PWRM_PWRM_CAPSMASK
0000003f                PWRM_PWRM_DS_IDLEMASK
00000000                PWRM_PWRM_ENABLE
00000005                PWRM_PWRM_IDLEMASK
00000000                PWRM_PWRM_IER0
00000000                PWRM_PWRM_IER1
00000640                PWRM_PWRM_INITMILVOLTS
0000000f                PWRM_PWRM_INITSP
00000000                PWRM_PWRM_SCALING
00000001                QUE$
            00005ed2    RTA_D_fromHost
            00005ed6    RTA_D_logval
            00005ee0    RTA_D_stsval
            00005ed4    RTA_D_toHost
00001f55                RTA_F_andn
00001201                RTA_F_dispatch
00001178                RTA_F_getlog
000011a4                RTA_F_getsts
00001f6b                RTA_F_or
000011d3                RTA_F_readblk
000011e6                RTA_F_resetmem
000011e2                RTA_F_writeword
            00006252    RTA_dispatcher
            0000625c    RTA_dispatcher$
            00006238    RTA_fromHost
            0000626c    RTA_fromHost$buf
00000008                RTA_fromHost$framesize
00000000                RTA_fromHost$hst
00000001                RTA_fromHost$id
00000000                RTA_fromHost$mode
            00005186    RTA_fromHost$pipe
            00002ea2    RTA_fromHost$pipe$dtab
            00005188    RTA_fromHost$pipe$rd
            0000518a    RTA_fromHost$pipe$rdaddr
            0000518e    RTA_fromHost$pipe$rdcurdesc
            0000518c    RTA_fromHost$pipe$rdsize
            0000519e    RTA_fromHost$pipe$rdstshdl
            000051a0    RTA_fromHost$pipe$wr
            000051a2    RTA_fromHost$pipe$wraddr
            000051a6    RTA_fromHost$pipe$wrcurdesc
            000051a4    RTA_fromHost$pipe$wrsize
            000051b6    RTA_fromHost$pipe$wrstshdl
            0000623c    RTA_fromHost$rtdx
            00006244    RTA_toHost
            00006128    RTA_toHost$buf
00000040                RTA_toHost$framesize
00000000                RTA_toHost$hst
00000000                RTA_toHost$id
00000001                RTA_toHost$mode
            000051b8    RTA_toHost$pipe
            00002ea8    RTA_toHost$pipe$dtab
            000051ba    RTA_toHost$pipe$rd
            000051bc    RTA_toHost$pipe$rdaddr
            000051c0    RTA_toHost$pipe$rdcurdesc
            000051be    RTA_toHost$pipe$rdsize
            000051d0    RTA_toHost$pipe$rdstshdl
            000051d2    RTA_toHost$pipe$wr
            000051d4    RTA_toHost$pipe$wraddr
            000051d8    RTA_toHost$pipe$wrcurdesc
            000051d6    RTA_toHost$pipe$wrsize
            000051e8    RTA_toHost$pipe$wrstshdl
            00006248    RTA_toHost$rtdx
00000001                RTDX$
00000102                RTDX_BUFMEMSIZE
            00002ea0    RTDX_DATAMEMSEG
            00005eca    RTDX_D_BufRead
            00005ecc    RTDX_D_BufWrite
00000000                RTDX_MODE
00000001                RTDX_USERTDX
00000000                RTDX_USERTEXECUTION
00000000                SEM$
00000000                SIO$
00000001                STS$
000061a2                STS_A_TABBEG
0000c344                STS_A_TABBEGb
000061da                STS_A_TABEND
0000c3b4                STS_A_TABENDb
00001e5a                STS_F_add
00001e38                STS_F_delta
00001e72                STS_F_reset
00000001                SWI$
0000620e                SWI_A_TABBEG
0000c41c                SWI_A_TABBEGb
00006236                SWI_A_TABEND
0000c46c                SWI_A_TABENDb
00000002                SWI_A_TABLEN
            00006222    SWI_Audio
00000001                SWI_Audio$dorta
00000004                SWI_Audio$ord
00000001                SWI_Audio$pri
            000061ac    SWI_Audio$sts
            00005e53    SWI_Audio$sts$avgfmt
00000002                SWI_Audio$sts$filter
00000001                SWI_Audio$sts$filtmaxmult
00000001                SWI_Audio$sts$filtsummult
            00005e43    SWI_Audio$sts$maxfmt
            000061aa    SWI_Audio$sts$stsobj
            00005e4b    SWI_Audio$sts$sumfmt
00000000                SWI_Audio$sts$unittype
00000000                SWI_Audio$swi
            00005e68    SWI_D_curfxn
            00005e64    SWI_D_curmask
            00005e67    SWI_D_curmbox
            00005e65    SWI_D_curset
            00005e62    SWI_D_execaddr
            00005ea8    SWI_D_inswi
            00005e66    SWI_D_lock
            00005e6a    SWI_D_rdybeg
            00005e6c    SWI_D_rdytab
            00005e60    SWI_D_runaddr
00000000                SWI_EHOOKFXN
00000206                SWI_EXECFXN
000000c0                SWI_F_enable
00000206                SWI_F_exec
0000017e                SWI_F_exec_sync
000000f3                SWI_F_post
000002f2                SWI_F_run
00000000                SWI_IHOOKFXN
000002f2                SWI_RUNFXN
00000001                SYS$
            00006274    SYS$config
000020bc                SYS_ABORTFXN
000020e0                SYS_ERRORFXN
00002188                SYS_EXITFXN
00001fd8                SYS_PUTCFXN
00004000                TRC_GBLTARG
            00006287    TRC_R_mask
            00006286    TRC_cinit
00000001                TSK$
            00005ec6    TSK_D_idlstkaddr
            00005ec8    TSK_D_idlsystkaddr
00000000                TSK_NUM_HOOKS
00000001                TSK_PRIORITY
00000000                TSK_READYFXN
00000000                TSK_STACKSEG
00000400                TSK_STACKSIZE
00000000                TSK_SWITCHFXN
00000100                TSK_SYSTACKSIZE
000021a0                TSK_VCREATEFXN
000021a0                TSK_VDELETEFXN
000021a0                TSK_VEXITFXN
            0000607e    TSK_idle
00000001                TSK_idle$ord
00000000                TSK_idle$pri
            000038e4    TSK_idle$stack
            00003cc6    TSK_idle$stkptr
            000061b4    TSK_idle$sts
            00005e6d    TSK_idle$sts$avgfmt
00000002                TSK_idle$sts$filter
00000001                TSK_idle$sts$filtmaxmult
00000001                TSK_idle$sts$filtsummult
            00005e5d    TSK_idle$sts$maxfmt
            000061b2    TSK_idle$sts$stsobj
            00005e65    TSK_idle$sts$sumfmt
00000000                TSK_idle$sts$unittype
            00003ce4    TSK_idle$sysstack
            00003dc6    TSK_idle$sysstkptr
00000000                TSK_idle$tsk
            00006096    TSK_idle$tskobj
00000000                UDEV$
ffffffff                VECT
000026ba                _AIC3204_rget
000021ae                _AIC3204_rset
0000b400                _BIOS_init
0000b4f1                _BIOS_start
00001a0b                _C55_clearIFR0
00001a20                _C55_clearIFR1
00001993                _C55_disableIMR0
000019b6                _C55_disableIMR1
00003b28                _C55_disableInt
000019d9                _C55_enableIMR0
000019f2                _C55_enableIMR1
00003af4                _C55_enableInt
000124f8                _CLK_COUNTSPMS
            00002ed0    _CLK_DFLTMICROSECS
            00005e36    _CLK_D_countspms
            00005e30    _CLK_D_dirty
            00002ed2    _CLK_D_microseconds
            00005e32    _CLK_D_prd
            00005e34    _CLK_D_tddr
000124f7                _CLK_PRD
00000001                _CLK_PRDHIGH
00001000                _CLK_REGS
00000020                _CLK_TCR
00000000                _CLK_TDDR
00000000                _CLK_TDDRHIGH
00000000                _CLK_TIMERNUM
00000001                _CLK_USETIMER
00002145                _CLK_dispRun
0000216b                _CLK_getfhtime
0000216b                _CLK_getshtime
            00005e28    _CLK_htimeDiv
            00005e2a    _CLK_htimeMult
            00002edc    _CLK_htimePerLtime
00001ac2                _CLK_isr
            00005e3a    _CLK_isrhook
00002100                _CLK_itime
            00005e2c    _CLK_ltimeDiv
            00005e2e    _CLK_ltimeMult
00001f98                _CLK_measure
0000213a                _CLK_run
00001bd1                _CLK_start
00002044                _CLK_start_htimer
00001c30                _CLK_stop
00002069                _CLK_stop_htimer
            00005e40    _CLK_time
00000b96                _CLK_wdogdisable
00003d9c                _CSL5502_LIB_
            00006312    _CSL_GpioData
            0000628a    _CSL_McbspData
            000062f0    _CSL_SysData
00003d7c                _CSL_init
000021d0                _ConfigureAic3204
            00002ea0    _DARAM
000033e4                _DARAM_base
000067c8                _DARAM_baseb
00000a00                _DARAM_length
00002a25                _EZDSP5502_GPIO_getInput
00002851                _EZDSP5502_GPIO_init
000027a7                _EZDSP5502_GPIO_setDirection
000026fd                _EZDSP5502_GPIO_setOutput
0000332d                _EZDSP5502_I2CGPIO_configLine
0000323d                _EZDSP5502_I2CGPIO_read
00003302                _EZDSP5502_I2CGPIO_readLine
00003282                _EZDSP5502_I2CGPIO_write
000032a4                _EZDSP5502_I2CGPIO_writeLine
000037d9                _EZDSP5502_I2C_init
000037c1                _EZDSP5502_I2C_read
000037b7                _EZDSP5502_I2C_reset
000037a1                _EZDSP5502_I2C_write
00003744                _EZDSP5502_MCBSP_close
00003756                _EZDSP5502_MCBSP_init
0000371d                _EZDSP5502_MCBSP_read
000036f6                _EZDSP5502_MCBSP_write
00003bef                _EZDSP5502_init
00003bb8                _EZDSP5502_wait
00003be3                _EZDSP5502_waitusec
000021a0                _FXN_F_nop
            00005e24    _GBL_clkIn
            00005e26    _GBL_freq
00002197                _GBL_getVersion
            00005e22    _GBL_procId
00006236                _HST_A_TABBEG
00006250                _HST_A_TABEND
            00005e21    _HST_HOST_CHANNEL_DRIVER
00000018                _HWI_BERR
00000019                _HWI_DLOG
            00005eb6    _HWI_D_inhwi
            00005eaa    _HWI_D_spsave
            00005eac    _HWI_D_sspsave
00000ab6                _HWI_F_DispIsr0
00000837                _HWI_F_dispatch
00002ec6                _HWI_I2S_Rx
00002e56                _HWI_I2S_Tx
0000000a                _HWI_INT10
0000000b                _HWI_INT11
0000000c                _HWI_INT12
0000000d                _HWI_INT13
0000000e                _HWI_INT14
0000000f                _HWI_INT15
00000010                _HWI_INT16
00000011                _HWI_INT17
00000012                _HWI_INT18
00000013                _HWI_INT19
00000002                _HWI_INT2
00000014                _HWI_INT20
00000015                _HWI_INT21
00000016                _HWI_INT22
00000017                _HWI_INT23
00000003                _HWI_INT3
00000004                _HWI_INT4
00000005                _HWI_INT5
00000006                _HWI_INT6
00000007                _HWI_INT7
00000008                _HWI_INT8
00000009                _HWI_INT9
00000001                _HWI_NMI
00000000                _HWI_RESET
0000001a                _HWI_RTOS
0000001b                _HWI_SINT27
0000001c                _HWI_SINT28
0000001d                _HWI_SINT29
0000001e                _HWI_SINT30
0000001f                _HWI_SINT31
            000033e4    _HWI_STKBOTTOM
            00002fe4    _HWI_STKTOP
            00002fe4    _HWI_SYSSTKBOTTOM
            00002ee4    _HWI_SYSSTKTOP
00000004                _HWI_TINT
            00005eaa    _HWI_data
00002120                _HWI_disable
            00005fb8    _HWI_dispatchTab
00002130                _HWI_enable
00002134                _HWI_restore
000030e0                _I2C_read
00002f50                _I2C_write
            00006256    _IDL0
00001ec8                _IDL_busy
            000061d4    _IDL_busyObj
00001f0f                _IDL_calibrate
            00006254    _IDL_cpuLoad
00001ef4                _IDL_init
0000217a                _IDL_loop
00002095                _IDL_stub
00003d5c                _IRQ_globalDisable
00003d88                _IRQ_globalRestore
            00002dd4    _KNL_alarm
00001a35                _KNL_check
            00002dfc    _KNL_curqueue
            00002df4    _KNL_curtask
            00002df8    _KNL_curtime
            00002ddc    _KNL_dummy
00001c3c                _KNL_enter
00001c7c                _KNL_exit
00001a90                _KNL_idle
            00002e08    _KNL_idlefxn
            00002dd8    _KNL_inactive
00001c9c                _KNL_ipost
00001aad                _KNL_max
            00002dfe    _KNL_maxqueue
00002010                _KNL_post
            00002df6    _KNL_prevtask
            00002dda    _KNL_priority
            00002d82    _KNL_queues
00000eac                _KNL_run
0000146e                _KNL_saveIsrFrame
            00002d81    _KNL_set
            00002dd6    _KNL_setpri
            0000620e    _KNL_swi
            00002dfa    _KNL_swiptr
000013c1                _KNL_switch
            00002e02    _KNL_tcreatefxn
            00002e04    _KNL_tdeletefxn
00001168                _KNL_tick
            00002e06    _KNL_treadyfxn
            00002e00    _KNL_tswitchfxn
            00002d80    _KNL_wFlag
            00002dd2    _KNL_wList
00001d18                _LCK_pend
00001cf8                _LCK_post
00000812                _LNK_F_readCallBack
            00006250    _LNK_dataPump
000051ea                _LOG_A_TABBEG
000051fe                _LOG_A_TABEND
00000002                _LOG_A_TABLEN
            00005e4a    _LOG_D_system
00001d50                _LOG_event
            000051ea    _LOG_system
000014d0                _MBX_pend
00001558                _MBX_post
00003d00                _MCBSP_close
000034d8                _MCBSP_config
00003608                _MCBSP_open
00002aac                _MCBSP_reset
00003834                _MCBSP_start
            00002ede    _MEM
            00005eb7    _MEM_D_NUMSEGMENTS
            00005eba    _MEM_D_freelist
            00005ebc    _MEM_D_lockaddr
            00005eb8    _MEM_D_memtab
            00005ebe    _MEM_D_unlockaddr
0000b540                _MEM_init
            00002e9a    _MEM_memtab
0000b7b8                _OBJ_init
            00002e7e    _OBJ_segtab
            00002e62    _OBJ_table
00005186                _PIP_A_TABBEG
000051ea                _PIP_A_TABEND
            00005e5f    _PRD_D_tick
            00006282    _PRD_clock
00001178                _RTA_F_getlog
            00006252    _RTA_dispatcher
            00006238    _RTA_fromHost
            00006244    _RTA_toHost
            00005bde    _RTDX_Buffer
            00005d04    _RTDX_Buffer_End
0000a14f                _RTDX_Buffer_Initialize
0000a28e                _RTDX_Buffer_Read
0000a1a2                _RTDX_Buffer_ReadCB
0000a229                _RTDX_Buffer_Size
            00005d02    _RTDX_Buffer_Start
0000a2ce                _RTDX_Buffer_Write
00009ba3                _RTDX_Buffer_WriteCB
0000a1ed                _RTDX_Final_RT_Monitor
0000a0ea                _RTDX_H2TPoll
00009d1f                _RTDX_Init_RT_Monitor
00000003                _RTDX_JTAGONLY
00000001                _RTDX_LMM
0000a264                _RTDX_Mask_IER
0000a062                _RTDX_Mon_Queue
00009e2e                _RTDX_Poll
0000a2b0                _RTDX_Set_IER
00000000                _RTDX_interrupt_mask
            00005cf8    _RTDX_writing
            00002ea0    _SEG0
00001da1                _SEM_pend
00000b98                _SEM_pendEnterKnl
00001b4f                _SEM_post
00001b4f                _SEM_postBinary
00001df0                _SEM_postEnterKnl
000061a2                _STS_A_TABBEG
000061da                _STS_A_TABEND
00001e5a                _STS_add
00001e38                _STS_delta
00001e72                _STS_reset
00002190                _STS_set
            00006222    _SWI_Audio
00002e54                _SWI_AudioProc
            00005e68    _SWI_D_curfxn
            00005e64    _SWI_D_curmask
            00005ea8    _SWI_D_inswi
            00005e66    _SWI_D_lock
            00005e6a    _SWI_D_rdybeg
            00005e60    _SWI_data
000000c0                _SWI_enable
000000f3                _SWI_post
            00005ec0    _SYS
            00005800    _SYS_PUTCBEG
            000059ff    _SYS_PUTCEND
00002154                _SYS_abort
00001e80                _SYS_exit
            00002e86    _SYS_exitStack
            00002e96    _SYS_exitStackPtr
            00002e98    _SYS_exitStackTop
            00006287    _TRC_R_mask
            00002e28    _TSK
            00002e0c    _TSK_ATTRS
00002d8d                _TSK_audio
00002d4b                _TSK_button
            00002e1a    _TSK_config
000016e4                _TSK_exit
00002d49                _TSK_fft
            0000607e    _TSK_idle
0000b654                _TSK_init
            00002e0a    _TSK_nTasks
            00002e0b    _TSK_pid
000017dc                _TSK_setup
00001930                _TSK_startup
            00002e2a    _TSK_timerSem
000020bc                _UTL_doAbort
000020e0                _UTL_doError
00001fd8                _UTL_doPutc
00002188                _UTL_halt
ffffffff                _VECT
00003d6c                __CSL_init
            00005ed0    __HOOK_NUMHOOKS
            00005ece    __HOOK_knlId
            00002e4e    __MEM_mutex
000015e0                __SEM_dopost
            000033e4    __STACK_END
00000800                __STACK_SIZE
00000200                __SYSSTACK_SIZE
            00002e3a    __TSK_mutex
00003982                ___add_dtor
            00002cbe    ___atexit_func_id__
ffffffff                ___binit__
            00002830    ___bss__
ffffffff                ___c_args__
            00001ed0    ___cinit__
            00000060    ___data__
            00000060    ___edata__
            00002ee4    ___end__
00003da0                ___etext__
            0000627c    ___pinit__
000021a4                ___text__
            00002ed8    __cleanup_ptr
            00002eda    __dtors_ptr
00003a84                __fixdli
000038b6                __frcmpyd
            00002ed4    __lock
0000338b                __mpyd
00003d46                __nop
00003d3e                __register_lock
00003d36                __register_unlock
            00002fe4    __stack
            00002ee4    __sysstack
            00002ed6    __unlock
00003d94                _abort
000021a4                _aic3204_init
            00002ee0    _aicMcbsp
00003a15                _atexit
            000061e0    _audioMBX
00002d0d                _audioProcessingInit
            000060aa    _audioTSK
0000b6d8                _auto_init
            00002ecd    _btn_press1
            00002ece    _btn_press2
            000060d6    _buttonTSK
0000b749                _c_int00
0000392c                _call_dtors
            00002ecb    _counter
            00002ecc    _counterTwo
            0000286c    _dataIn
            00002830    _delayLine
            00002ee2    _dtors
00003c4e                _exit
            00006102    _fftTSK
            00002930    _fillReadTop
            0000292f    _fillTop
            00002eb6    _hGPIO_group0
            00002eb8    _hGPIO_group1
            00002eba    _hGPIO_group2
            00002ebc    _hGPIO_group3
            0000286d    _inBuffer
            0000292d    _inCount
            00002cbc    _index
            00002931    _leftBuffer
            00002ab1    _leftCount
            00002ab3    _leftCountOut
            000029f1    _leftOut
            00002aba    _lut
00003c8e                _main
00003c0f                _memcpy
00003d48                _memset
00003c8c                _myIDLThread
            00005d06    _myLPF
000039a1                _myfir
            000028cd    _outBuffer
            0000292e    _outCount
            00002cba    _pa
            00002991    _rightBuffer
            00002ab2    _rightCount
            00002ab4    _rightCountOut
            00002a51    _rightOut
            00002ec8    _rtdxNullChanCnt
            00002ec9    _rtdxNullFuncCnt
            00005cf2    _rtdx_buffer_state
            00005ce0    _rtdx_mon_state
00003cc8                _signalGenerator
            00002ab5    _softCount
            00002ab8    _softIndex
            00002eca    _switchInterrupt
            000051f4    _trace
            00002ab6    _useLeft
            00002ab7    _useLeftOut
            000061e0    audioMBX
            000061e8    audioMBX$data
            000061f8    audioMBX$free
            00005ef0    audioMBX$queElems
            000060aa    audioTSK
00000002                audioTSK$ord
0000000f                audioTSK$pri
            00003de4    audioTSK$stack
            000041c6    audioTSK$stkptr
            000061bc    audioTSK$sts
            00005e87    audioTSK$sts$avgfmt
00000002                audioTSK$sts$filter
00000001                audioTSK$sts$filtmaxmult
00000001                audioTSK$sts$filtsummult
            00005e77    audioTSK$sts$maxfmt
            000061ba    audioTSK$sts$stsobj
            00005e7f    audioTSK$sts$sumfmt
00000000                audioTSK$sts$unittype
            000041e4    audioTSK$sysstack
            000042c6    audioTSK$sysstkptr
00000000                audioTSK$tsk
            000060c2    audioTSK$tskobj
ffffffff                binit
            000060d6    buttonTSK
00000003                buttonTSK$ord
0000000e                buttonTSK$pri
            000042e4    buttonTSK$stack
            000046c6    buttonTSK$stkptr
            000061c4    buttonTSK$sts
            00005ea1    buttonTSK$sts$avgfmt
00000002                buttonTSK$sts$filter
00000001                buttonTSK$sts$filtmaxmult
00000001                buttonTSK$sts$filtsummult
            00005e91    buttonTSK$sts$maxfmt
            000061c2    buttonTSK$sts$stsobj
            00005e99    buttonTSK$sts$sumfmt
00000000                buttonTSK$sts$unittype
            000046e4    buttonTSK$sysstack
            000047c6    buttonTSK$sysstkptr
00000000                buttonTSK$tsk
            000060ee    buttonTSK$tskobj
            00001ed0    cinit
            00000060    edata
            00002ee4    end
00003da0                etext
            00006102    fftTSK
00000005                fftTSK$ord
0000000d                fftTSK$pri
            000047e4    fftTSK$stack
            00004bc6    fftTSK$stkptr
            000061cc    fftTSK$sts
            00005ebb    fftTSK$sts$avgfmt
00000002                fftTSK$sts$filter
00000001                fftTSK$sts$filtmaxmult
00000001                fftTSK$sts$filtsummult
            00005eab    fftTSK$sts$maxfmt
            000061ca    fftTSK$sts$stsobj
            00005eb3    fftTSK$sts$sumfmt
00000000                fftTSK$sts$unittype
            00004be4    fftTSK$sysstack
            00004cc6    fftTSK$sysstkptr
00000000                fftTSK$tsk
            0000611a    fftTSK$tskobj
            00006168    gblinit
0000ff00                hwi0
0000ff08                hwi1
0000ff50                hwi10
0000ff58                hwi11
0000ff60                hwi12
0000ff68                hwi13
0000ff70                hwi14
0000ff78                hwi15
0000ff80                hwi16
0000ff88                hwi17
0000ff90                hwi18
0000ff98                hwi19
0000ff10                hwi2
0000ffa0                hwi20
0000ffa8                hwi21
0000ffb0                hwi22
0000ffb8                hwi23
0000ffc0                hwi24
0000ffc8                hwi25
0000ffd0                hwi26
0000ffd8                hwi27
0000ffe0                hwi28
0000ffe8                hwi29
0000ff18                hwi3
0000fff0                hwi30
0000fff8                hwi31
0000ff20                hwi4
0000ff28                hwi5
0000ff30                hwi6
0000ff38                hwi7
0000ff40                hwi8
0000ff48                hwi9
00001f82                iRTA_F_or
000003f8                logPost
            0000627c    pinit
0000044a                stsPost
            000051f4    trace
            00005400    trace$buf
00000001                trace$datatype
00000000                trace$log
00000400                trace$size


GLOBAL SYMBOLS: SORTED BY Symbol Address 

abs. value/
byte addr   word addr   name
---------   ---------   ----
00000000                BUF$
00000000                CLK_IMR1TINTMASK
00000000                CLK_TDDR
00000000                CLK_TDDRHIGH
00000000                CLK_TIMERIMR
00000000                CLK_TIMERNUM
00000000                DEV$
00000000                DGN$
00000000                DHL$
00000000                DHL_gChannelsAvailable
00000000                DIO$
00000000                DIO_NUMSWIBASE
00000000                DIO_NUMTSKBASE
00000000                DIO_STATIC
00000000                DPI$
00000000                GBL_ENABLEICACHE
00000000                GBL_NULL
00000000                GBL_PROCID
00000000                GBL_ROM
00000000                GBL_SUPPORTCSL
00000000                GBL_USERINIT
00000000                GIO$
00000000                HOOK$
00000000                HOOK_KNLID
00000000                HST_BIOSLINK
00000000                HST_DSM
00000000                HST_NONE
00000000                HWI_RESET
00000000                HWI_ZEROTAB
00000000                IDL_CALIBRERROR
00000000                IDL_busyObj$iB
00000000                IDL_busyObj$operation
00000000                KNL_swi$pri
00000000                KNL_swi$sts$unittype
00000000                KNL_swi$swi
00000000                LOG_system$datatype
00000000                LOG_system$log
00000000                MEM_NULL
00000000                MSGQ$
00000000                MSGQ_USEMSGQ
00000000                OBJ$
00000000                PIP$
00000000                PIP_gNextId
00000000                POOL$
00000000                POOL_USEPOOL
00000000                PRD_A_TABLEN
00000000                PRD_SWIHANDLE
00000000                PWRM_PWRM_ADAPTCLK
00000000                PWRM_PWRM_ENABLE
00000000                PWRM_PWRM_IER0
00000000                PWRM_PWRM_IER1
00000000                PWRM_PWRM_SCALING
00000000                RTA_fromHost$hst
00000000                RTA_fromHost$mode
00000000                RTA_toHost$hst
00000000                RTA_toHost$id
00000000                RTDX_MODE
00000000                RTDX_USERTEXECUTION
00000000                SEM$
00000000                SIO$
00000000                SWI_Audio$sts$unittype
00000000                SWI_Audio$swi
00000000                SWI_EHOOKFXN
00000000                SWI_IHOOKFXN
00000000                TSK_NUM_HOOKS
00000000                TSK_READYFXN
00000000                TSK_STACKSEG
00000000                TSK_SWITCHFXN
00000000                TSK_idle$pri
00000000                TSK_idle$sts$unittype
00000000                TSK_idle$tsk
00000000                UDEV$
00000000                _CLK_TDDR
00000000                _CLK_TDDRHIGH
00000000                _CLK_TIMERNUM
00000000                _HWI_RESET
00000000                _RTDX_interrupt_mask
00000000                audioTSK$sts$unittype
00000000                audioTSK$tsk
00000000                buttonTSK$sts$unittype
00000000                buttonTSK$tsk
00000000                fftTSK$sts$unittype
00000000                fftTSK$tsk
00000000                trace$log
00000001                $TI_capability_requires_rev2
00000001                BUF_ENABLED
00000001                CLK$
00000001                CLK_CALDIV
00000001                CLK_CLKDIV
00000001                CLK_COUNTSPMSHIGH
00000001                CLK_ENABLEHTIME
00000001                CLK_HTIMEDIV
00000001                CLK_LTIMEDIV
00000001                CLK_PRDHIGH
00000001                CLK_TIMERIFR
00000001                CLK_USETIMER
00000001                GBL$
00000001                GBL_CALLCSLCFGINIT
00000001                GBL_CLKMD
00000001                GBL_DCRPOSTEDWRITE
00000001                GBL_ENABLEINST
00000001                GBL_LARGEMODEL
00000001                GBL_MODIFYCLKMD
00000001                GBL_boot
00000001                HST$
00000001                HST_RTDX
00000001                HWI$
00000001                HWI_NMI
00000001                IDL$
00000001                IDL_USECLKIDLTIME
00000001                IDL_busyObj$filter
00000001                IDL_busyObj$iA
00000001                IDL_busyObj$iC
00000001                ISRC$
00000001                KNL_swi$dorta
00000001                KNL_swi$sts$filtmaxmult
00000001                KNL_swi$sts$filtsummult
00000001                LCK$
00000001                LOG$
00000001                LOG_ENABLED
00000001                MBX$
00000001                MEM$
00000001                MEM_gNumHeap
00000001                PRD$
00000001                PWRM$
00000001                QUE$
00000001                RTA_fromHost$id
00000001                RTA_toHost$mode
00000001                RTDX$
00000001                RTDX_USERTDX
00000001                STS$
00000001                SWI$
00000001                SWI_Audio$dorta
00000001                SWI_Audio$pri
00000001                SWI_Audio$sts$filtmaxmult
00000001                SWI_Audio$sts$filtsummult
00000001                SYS$
00000001                TSK$
00000001                TSK_PRIORITY
00000001                TSK_idle$ord
00000001                TSK_idle$sts$filtmaxmult
00000001                TSK_idle$sts$filtsummult
00000001                _CLK_PRDHIGH
00000001                _CLK_USETIMER
00000001                _HWI_NMI
00000001                _RTDX_LMM
00000001                audioTSK$sts$filtmaxmult
00000001                audioTSK$sts$filtsummult
00000001                buttonTSK$sts$filtmaxmult
00000001                buttonTSK$sts$filtsummult
00000001                fftTSK$sts$filtmaxmult
00000001                fftTSK$sts$filtsummult
00000001                trace$datatype
00000002                $TI_capability$C5500$CallingConvention
00000002                $TI_capability$C5500$MemoryModel
00000002                GBL_CACHETYPE
00000002                HWI_INT2
00000002                IDL_busyObj$unittype
00000002                KNL_swi$ord
00000002                KNL_swi$sts$filter
00000002                LOG_A_TABLEN
00000002                PIP_A_TABLEN
00000002                PIP_gNumEmbed
00000002                SWI_A_TABLEN
00000002                SWI_Audio$sts$filter
00000002                TSK_idle$sts$filter
00000002                _HWI_INT2
00000002                _LOG_A_TABLEN
00000002                audioTSK$ord
00000002                audioTSK$sts$filter
00000002                buttonTSK$sts$filter
00000002                fftTSK$sts$filter
00000003                HWI_INT3
00000003                _HWI_INT3
00000003                _RTDX_JTAGONLY
00000003                buttonTSK$ord
00000004                CLK_CALMULT
00000004                CLK_HTIMEMULT
00000004                CLK_INTBIT
00000004                CLK_INTID
00000004                HWI_INT4
00000004                HWI_TINT
00000004                SWI_Audio$ord
00000004                _HWI_INT4
00000004                _HWI_TINT
00000005                HWI_INT5
00000005                PWRM_PWRM_IDLEMASK
00000005                _HWI_INT5
00000005                fftTSK$ord
00000006                BIOSDATA_O_CLK_HTIMEDIV
00000006                HWI_INT6
00000006                _HWI_INT6
00000007                HWI_INT7
00000007                _HWI_INT7
00000008                BIOSDATA_O_CLK_HTIMEMULT
00000008                HWI_INT8
00000008                RTA_fromHost$framesize
00000008                _HWI_INT8
00000009                HWI_INT9
00000009                _HWI_INT9
0000000a                BIOSDATA_O_CLK_LTIMEDIV
0000000a                HWI_INT10
0000000a                _HWI_INT10
0000000b                HWI_INT11
0000000b                _HWI_INT11
0000000c                BIOSDATA_O_CLK_LTIMEMULT
0000000c                HWI_INT12
0000000c                _HWI_INT12
0000000d                HWI_INT13
0000000d                _HWI_INT13
0000000d                fftTSK$pri
0000000e                BIOSDATA_O_CLK_D_DIRTY
0000000e                HWI_INT14
0000000e                _HWI_INT14
0000000e                buttonTSK$pri
0000000f                GBL_PLLM
0000000f                HWI_INT15
0000000f                PWRM_PWRM_INITSP
0000000f                _HWI_INT15
0000000f                audioTSK$pri
00000010                BIOSDATA_O_CLK_D_PRD
00000010                CLK_IMR0TINTMASK
00000010                CLK_TIMERIMRMASK
00000010                HWI_INT16
00000010                _HWI_INT16
00000011                HWI_INT17
00000011                _HWI_INT17
00000012                BIOSDATA_O_CLK_D_TDDR
00000012                HWI_INT18
00000012                _HWI_INT18
00000013                HWI_INT19
00000013                _HWI_INT19
00000014                BIOSDATA_O_CLK_D_COUNTSPMS
00000014                HWI_INT20
00000014                _HWI_INT20
00000015                HWI_INT21
00000015                _HWI_INT21
00000016                BIOSDATA_O_CLK_D_IDLETIME
00000016                HWI_INT22
00000016                _HWI_INT22
00000017                HWI_INT23
00000017                _HWI_INT23
00000018                BIOSDATA_O_CLK_D_ISRHOOK
00000018                HWI_BERR
00000018                _HWI_BERR
00000019                HWI_DLOG
00000019                _HWI_DLOG
0000001a                BIOSDATA_O_CLK_D_TABBEG
0000001a                HWI_RTOS
0000001a                _HWI_RTOS
0000001b                HWI_SINT27
0000001b                _HWI_SINT27
0000001c                BIOSDATA_O_CLK_D_TIMEFXN
0000001c                HWI_SINT28
0000001c                _HWI_SINT28
0000001d                HWI_SINT29
0000001d                _HWI_SINT29
0000001e                BIOSDATA_O_CLK_R_TIMH
0000001e                HWI_SINT30
0000001e                _HWI_SINT30
0000001f                BIOSDATA_O_CLK_R_TIML
0000001f                HWI_SINT31
0000001f                _HWI_SINT31
00000020                BIOSDATA_O_HST_D_CHANMASK
00000020                CLK_TCR
00000020                _CLK_TCR
00000022                BIOSDATA_O_IDL_D_CALBEG
00000023                PWRM_PWRM_CAPSMASK
00000024                BIOSDATA_O_IDL_D_CALIBRATE
00000026                BIOSDATA_O_IDL_D_TABBEG
00000028                BIOSDATA_O_LOG_D_SYSTEM
0000002a                BIOSDATA_O_PIP_D_TABBEG
0000002c                BIOSDATA_O_PIP_D_TABLEN
0000002e                BIOSDATA_O_PRD_D_CUR
00000030                BIOSDATA_O_PRD_D_ELAPSED
00000031                BIOSDATA_O_PRD_D_PREVTIM
00000032                BIOSDATA_O_PRD_D_SCALAR
00000034                BIOSDATA_O_PRD_D_SWIHANDLE
00000036                BIOSDATA_O_PRD_D_TABBEG
00000037                GBL_DSPTYPE
00000038                BIOSDATA_O_PRD_D_TABLEN
0000003a                BIOSDATA_O_PRD_D_THOOK
0000003c                BIOSDATA_O_PRD_D_TICKH
0000003d                BIOSDATA_O_PRD_D_TICKL
0000003e                BIOSDATA_O_SWI_D_RUNADDR
0000003f                PWRM_PWRM_DS_IDLEMASK
00000040                BIOSDATA_O_SWI_D_EXECADDR
00000040                HST_MAXFRAMESET
00000040                RTA_toHost$framesize
00000042                BIOSDATA_O_SWI_D_CURMASK
00000042                GBL_FOOTPRINT
00000043                BIOSDATA_O_SWI_D_CURSET
00000044                BIOSDATA_O_SWI_D_LOCK
00000045                BIOSDATA_O_SWI_D_CURMBOX
00000046                BIOSDATA_O_SWI_D_CURFXN
00000048                BIOSDATA_O_SWI_D_RDYBEG
0000004a                BIOSDATA_O_SWI_D_RDYTAB
00000060                PRD_A_TABBEG
00000060                PRD_A_TABEND
00000064                PIP_OBJSIZE
00000088                BIOSDATA_O_HWI_D_SPSAVE
0000008a                BIOSDATA_O_HWI_D_SSPSAVE
0000008c                BIOSDATA_O_HWI_D_STKBOTADDR
0000008e                BIOSDATA_O_HWI_D_SYSTKBOTADDR
00000090                BIOSDATA_O_HWI_D_STKTOPADDR
00000092                BIOSDATA_O_HWI_D_SYSTKTOPADDR
00000095                BIOSDATA_O_MEM_D_NUMSEGMENTS
00000096                BIOSDATA_O_MEM_D_MEMTAB
00000098                BIOSDATA_O_MEM_D_FREELIST
0000009a                BIOSDATA_O_MEM_D_LOCKADDR
0000009c                BIOSDATA_O_MEM_D_UNLOCKADDR
0000009e                BIOSDATA_O_SYS
000000a0                BIOSDATA_O_HST_D_TABBEGADDR
000000a2                BIOSDATA_O_HST_D_TABENDADDR
000000a4                BIOSDATA_O_TSK_D_IDLSTKADDR
000000a6                BIOSDATA_O_TSK_D_IDLSYSTKADDR
000000a8                BIOSDATA_O_RTDX_D_BUFREAD
000000aa                BIOSDATA_O_RTDX_D_BUFWRITE
            00000060    .data
000000c0                PRD_A_TABBEGb
000000c0                PRD_A_TABENDb
000000c0                SWI_F_enable
000000c0                _SWI_enable
            00000060    ___data__
            00000060    ___edata__
            00000060    edata
000000f3                SWI_F_post
000000f3                _SWI_post
000000ff                HST_MAXFRAMEALLOWED
00000100                TSK_SYSTACKSIZE
00000102                RTDX_BUFMEMSIZE
0000017e                SWI_F_exec_sync
[...]
000021a0                TSK_VCREATEFXN
000021a0                TSK_VDELETEFXN
000021a0                TSK_VEXITFXN
000021a0                _FXN_F_nop
000021a4                .text
000021a4                ___text__
000021a4                _aic3204_init
000021ae                _AIC3204_rset
000021d0                _ConfigureAic3204
000026ba                _AIC3204_rget
000026fd                _EZDSP5502_GPIO_setOutput
000027a7                _EZDSP5502_GPIO_setDirection
00002851                _EZDSP5502_GPIO_init
00002a25                _EZDSP5502_GPIO_getInput
00002aac                _MCBSP_reset
00002d0d                _audioProcessingInit
00002d49                _TSK_fft
00002d4b                _TSK_button
00002d8d                _TSK_audio
00002e54                _SWI_AudioProc
00002e56                _HWI_I2S_Tx
00002ec6                _HWI_I2S_Rx
00002f50                _I2C_write
000030e0                _I2C_read
0000323d                _EZDSP5502_I2CGPIO_read
00003282                _EZDSP5502_I2CGPIO_write
000032a4                _EZDSP5502_I2CGPIO_writeLine
00003302                _EZDSP5502_I2CGPIO_readLine
0000332d                _EZDSP5502_I2CGPIO_configLine
0000338b                __mpyd
000033e4                DARAM$B
000033e4                _DARAM_base
000034d8                _MCBSP_config
00003608                _MCBSP_open
000036f6                _EZDSP5502_MCBSP_write
0000371d                _EZDSP5502_MCBSP_read
00003744                _EZDSP5502_MCBSP_close
00003756                _EZDSP5502_MCBSP_init
000037a1                _EZDSP5502_I2C_write
000037b7                _EZDSP5502_I2C_reset
000037c1                _EZDSP5502_I2C_read
000037d9                _EZDSP5502_I2C_init
00003834                _MCBSP_start
000038b6                __frcmpyd
0000392c                _call_dtors
00003982                ___add_dtor
000039a1                _myfir
00003a15                _atexit
00003a84                __fixdli
00003af4                _C55_enableInt
00003b28                _C55_disableInt
00003bb8                _EZDSP5502_wait
00003be3                _EZDSP5502_waitusec
00003bef                _EZDSP5502_init
00003c0f                _memcpy
00003c4e                _exit
00003c8c                _myIDLThread
00003c8e                _main
00003cc8                _signalGenerator
00003d00                _MCBSP_close
00003d36                __register_unlock
00003d3e                __register_lock
00003d46                __nop
00003d48                _memset
00003d5c                _IRQ_globalDisable
00003d6c                __CSL_init
00003d7c                _CSL_init
00003d88                _IRQ_globalRestore
00003d94                _abort
00003d95                C$$EXIT
00003d9c                _CSL5502_LIB_
            00001ed0    ___cinit__
00003da0                ___etext__
            00001ed0    cinit
00003da0                etext
00004000                PRD_SCALAR
00004000                TRC_GBLTARG
00004e20                GBL_CLKIN
            00002830    .bss
            00002830    ___bss__
            00002830    _delayLine
            0000286c    _dataIn
            0000286d    _inBuffer
00005186                PIP_A_TABBEG
00005186                _PIP_A_TABBEG
            000028cd    _outBuffer
000051ea                LOG_A_TABBEG
000051ea                PIP_A_TABEND
000051ea                _LOG_A_TABBEG
000051ea                _PIP_A_TABEND
000051fe                LOG_A_TABEND
000051fe                _LOG_A_TABEND
00005205                GBL_A_VERSION
            0000292d    _inCount
            0000292e    _outCount
            0000292f    _fillTop
            00002930    _fillReadTop
            00002931    _leftBuffer
            00002991    _rightBuffer
            000029f1    _leftOut
            00002a51    _rightOut
            00002ab1    _leftCount
            00002ab2    _rightCount
            00002ab3    _leftCountOut
            00002ab4    _rightCountOut
            00002ab5    _softCount
            00002ab6    _useLeft
            00002ab7    _useLeftOut
            00002ab8    _softIndex
            00002aba    _lut
            00002cba    _pa
            00002cbc    _index
            00002cbe    ___atexit_func_id__
            00002d80    _KNL_wFlag
            00002d81    _KNL_set
            00002d82    _KNL_queues
            00002dd2    _KNL_wList
            00002dd4    _KNL_alarm
            00002dd6    _KNL_setpri
            00002dd8    _KNL_inactive
            00002dda    _KNL_priority
            00002ddc    _KNL_dummy
            00002df4    _KNL_curtask
            00002df6    _KNL_prevtask
            00002df8    _KNL_curtime
            00002dfa    _KNL_swiptr
            00002dfc    _KNL_curqueue
            00002dfe    _KNL_maxqueue
            00002e00    _KNL_tswitchfxn
            00002e02    _KNL_tcreatefxn
            00002e04    _KNL_tdeletefxn
            00002e06    _KNL_treadyfxn
            00002e08    _KNL_idlefxn
            00002e0a    _TSK_nTasks
            00002e0b    _TSK_pid
            00002e0c    _TSK_ATTRS
            00002e1a    _TSK_config
            00002e28    _TSK
            00002e2a    _TSK_timerSem
            00002e3a    __TSK_mutex
            00002e4e    __MEM_mutex
            00002e62    _OBJ_table
            00002e7e    _OBJ_segtab
            00002e86    _SYS_exitStack
            00002e96    _SYS_exitStackPtr
            00002e98    _SYS_exitStackTop
            00002e9a    _MEM_memtab
            00002ea0    DARAM
            00002ea0    HST_DSMBUFSEG
            00002ea0    MEM_MALLOCSEG
            00002ea0    MEM_SEGZERO
            00002ea0    RTDX_DATAMEMSEG
            00002ea0    _DARAM
            00002ea0    _SEG0
            00002ea2    RTA_fromHost$pipe$dtab
            00002ea8    RTA_toHost$pipe$dtab
            00002eb6    _hGPIO_group0
            00002eb8    _hGPIO_group1
            00002eba    _hGPIO_group2
            00002ebc    _hGPIO_group3
            00002ec8    _rtdxNullChanCnt
            00002ec9    _rtdxNullFuncCnt
            00002eca    _switchInterrupt
            00002ecb    _counter
            00002ecc    _counterTwo
            00002ecd    _btn_press1
            00002ece    _btn_press2
            00002ed0    _CLK_DFLTMICROSECS
            00002ed2    _CLK_D_microseconds
            00002ed4    __lock
            00002ed6    __unlock
            00002ed8    __cleanup_ptr
            00002eda    __dtors_ptr
            00002edc    _CLK_htimePerLtime
            00002ede    _MEM
            00002ee0    _aicMcbsp
            00002ee2    _dtors
            00002ee4    GBL_sysstackbeg
            00002ee4    _HWI_SYSSTKTOP
            00002ee4    ___end__
            00002ee4    __sysstack
            00002ee4    end
            00002fe3    GBL_sysstackend
            00002fe4    GBL_stackbeg
            00002fe4    _HWI_STKTOP
            00002fe4    _HWI_SYSSTKBOTTOM
            00002fe4    __stack
000061a2                STS_A_TABBEG
000061a2                _STS_A_TABBEG
000061da                STS_A_TABEND
000061da                _STS_A_TABEND
0000620e                SWI_A_TABBEG
00006236                HST_A_TABBEG
00006236                SWI_A_TABEND
00006236                _HST_A_TABBEG
00006250                HST_A_TABEND
00006250                IDL_A_TABBEG
00006250                _HST_A_TABEND
0000625a                IDL_A_CALBEG
00006282                CLK_A_TABBEG
            000033e3    GBL_stackend
000067c8                DARAM$Bb
000067c8                _DARAM_baseb
            000033e4    _HWI_STKBOTTOM
            000033e4    __STACK_END
            000038e4    TSK_idle$stack
            00003cc6    TSK_idle$stkptr
            00003ce4    TSK_idle$sysstack
            00003dc6    TSK_idle$sysstkptr
            00003de4    audioTSK$stack
00008000                GBL_PLLDIV0
00008003                GBL_PLLDIV1
            000041c6    audioTSK$stkptr
            000041e4    audioTSK$sysstack
            000042c6    audioTSK$sysstkptr
            000042e4    buttonTSK$stack
            000046c6    buttonTSK$stkptr
            000046e4    buttonTSK$sysstack
            000047c6    buttonTSK$sysstkptr
            000047e4    fftTSK$stack
            00004bc6    fftTSK$stkptr
            00004be4    fftTSK$sysstack
            00004cc6    fftTSK$sysstkptr
00009ba3                _RTDX_Buffer_WriteCB
00009d1f                _RTDX_Init_RT_Monitor
00009e2e                _RTDX_Poll
0000a062                _RTDX_Mon_Queue
0000a0ea                _RTDX_H2TPoll
0000a14f                _RTDX_Buffer_Initialize
0000a1a2                _RTDX_Buffer_ReadCB
0000a1ed                _RTDX_Final_RT_Monitor
0000a229                _RTDX_Buffer_Size
0000a264                _RTDX_Mask_IER
0000a28e                _RTDX_Buffer_Read
0000a2b0                _RTDX_Set_IER
0000a2ce                _RTDX_Buffer_Write
0000a30c                PIP_A_TABBEGb
            00005186    RTA_fromHost$pipe
            00005188    RTA_fromHost$pipe$rd
            0000518a    RTA_fromHost$pipe$rdaddr
            0000518c    RTA_fromHost$pipe$rdsize
            0000518e    RTA_fromHost$pipe$rdcurdesc
            0000519e    RTA_fromHost$pipe$rdstshdl
            000051a0    RTA_fromHost$pipe$wr
            000051a2    RTA_fromHost$pipe$wraddr
            000051a4    RTA_fromHost$pipe$wrsize
            000051a6    RTA_fromHost$pipe$wrcurdesc
            000051b6    RTA_fromHost$pipe$wrstshdl
            000051b8    RTA_toHost$pipe
            000051ba    RTA_toHost$pipe$rd
            000051bc    RTA_toHost$pipe$rdaddr
            000051be    RTA_toHost$pipe$rdsize
            000051c0    RTA_toHost$pipe$rdcurdesc
            000051d0    RTA_toHost$pipe$rdstshdl
            000051d2    RTA_toHost$pipe$wr
            000051d4    RTA_toHost$pipe$wraddr
            000051d6    RTA_toHost$pipe$wrsize
            000051d8    RTA_toHost$pipe$wrcurdesc
            000051e8    RTA_toHost$pipe$wrstshdl
0000a3d4                LOG_A_TABBEGb
            000051ea    LOG_system
0000a3d4                PIP_A_TABENDb
            000051ea    _LOG_system
            000051f4    _trace
            000051f4    trace
0000a3fc                LOG_A_TABENDb
            00005200    LOG_system$buf
            00005400    trace$buf
            00005800    _SYS_PUTCBEG
            000059ff    _SYS_PUTCEND
0000b400                BIOS_init
0000b400                _BIOS_init
0000b4f1                BIOS_start
0000b4f1                _BIOS_start
0000b540                _MEM_init
0000b654                _TSK_init
0000b6d8                _auto_init
0000b749                _c_int00
0000b7b8                _OBJ_init
            00005bde    _RTDX_Buffer
            00005ce0    _rtdx_mon_state
            00005cf2    _rtdx_buffer_state
            00005cf8    _RTDX_writing
            00005d02    _RTDX_Buffer_Start
            00005d04    _RTDX_Buffer_End
            00005d06    _myLPF
            00005e21    _HST_HOST_CHANNEL_DRIVER
            00005e22    C55_BIOSDATAOBJ
            00005e22    _GBL_procId
            00005e24    _GBL_clkIn
            00005e26    _GBL_freq
            00005e28    _CLK_htimeDiv
            00005e29    KNL_swi$sts$maxfmt
            00005e2a    _CLK_htimeMult
            00005e2c    _CLK_ltimeDiv
            00005e2e    _CLK_ltimeMult
            00005e30    _CLK_D_dirty
            00005e31    KNL_swi$sts$sumfmt
            00005e32    _CLK_D_prd
            00005e34    _CLK_D_tddr
            00005e36    _CLK_D_countspms
            00005e38    CLK_D_idletime
            00005e39    KNL_swi$sts$avgfmt
            00005e3a    CLK_D_isrhook
            00005e3a    _CLK_isrhook
            00005e3c    CLK_D_tabbeg
            00005e3e    CLK_D_timefxn
            00005e40    CLK_R_timh
            00005e40    _CLK_time
            00005e41    CLK_R_timl
            00005e42    HST_D_chanmask
            00005e43    SWI_Audio$sts$maxfmt
            00005e44    IDL_D_calbeg
            00005e46    IDL_D_calibrate
            00005e48    IDL_D_tabbeg
            00005e4a    LOG_D_system
            00005e4a    _LOG_D_system
            00005e4b    SWI_Audio$sts$sumfmt
            00005e4c    PIP_D_tabbeg
            00005e4e    PIP_D_tablen
            00005e50    PRD_D_cur
            00005e52    PRD_D_elapsed
            00005e53    PRD_D_prevtim
            00005e53    SWI_Audio$sts$avgfmt
            00005e54    PRD_D_scalar
            00005e56    PRD_D_swihandle
            00005e58    PRD_D_tabbeg
            00005e5a    PRD_D_tablen
            00005e5c    PRD_D_thook
            00005e5d    TSK_idle$sts$maxfmt
            00005e5e    PRD_D_tickh
            00005e5f    PRD_D_tickl
            00005e5f    _PRD_D_tick
            00005e60    SWI_D_runaddr
            00005e60    _SWI_data
            00005e62    SWI_D_execaddr
            00005e64    SWI_D_curmask
            00005e64    _SWI_D_curmask
            00005e65    SWI_D_curset
            00005e65    TSK_idle$sts$sumfmt
            00005e66    SWI_D_lock
            00005e66    _SWI_D_lock
            00005e67    SWI_D_curmbox
            00005e68    SWI_D_curfxn
            00005e68    _SWI_D_curfxn
            00005e6a    SWI_D_rdybeg
            00005e6a    _SWI_D_rdybeg
            00005e6c    SWI_D_rdytab
            00005e6d    TSK_idle$sts$avgfmt
            00005e77    audioTSK$sts$maxfmt
            00005e7f    audioTSK$sts$sumfmt
            00005e87    audioTSK$sts$avgfmt
            00005e91    buttonTSK$sts$maxfmt
            00005e99    buttonTSK$sts$sumfmt
            00005ea1    buttonTSK$sts$avgfmt
            00005ea8    SWI_D_inswi
            00005ea8    _SWI_D_inswi
            00005eaa    HWI_D_spsave
            00005eaa    _HWI_D_spsave
            00005eaa    _HWI_data
            00005eab    fftTSK$sts$maxfmt
            00005eac    HWI_D_sspsave
            00005eac    _HWI_D_sspsave
            00005eae    HWI_D_stkbotaddr
            00005eb0    HWI_D_systkbotaddr
            00005eb2    HWI_D_stktopaddr
            00005eb3    fftTSK$sts$sumfmt
            00005eb4    HWI_D_systktopaddr
            00005eb6    HWI_D_inhwi
            00005eb6    _HWI_D_inhwi
            00005eb7    _MEM_D_NUMSEGMENTS
            00005eb8    _MEM_D_memtab
            00005eba    _MEM_D_freelist
            00005ebb    fftTSK$sts$avgfmt
            00005ebc    _MEM_D_lockaddr
            00005ebe    _MEM_D_unlockaddr
            00005ec0    _SYS
            00005ec2    HST_D_tabbegaddr
            00005ec4    HST_D_tabendaddr
            00005ec5    IDL_busyObj$maxfmt
            00005ec6    TSK_D_idlstkaddr
            00005ec8    IDL_busyObj$sumfmt
            00005ec8    TSK_D_idlsystkaddr
            00005eca    RTDX_D_BufRead
            00005ecb    IDL_busyObj$avgfmt
            00005ecc    RTDX_D_BufWrite
            00005ece    __HOOK_knlId
            00005ed0    __HOOK_NUMHOOKS
            00005ed2    RTA_D_fromHost
            00005ed4    RTA_D_toHost
            00005ed6    RTA_D_logval
            00005ee0    RTA_D_stsval
            00005ee8    LNKCTRL
            00005ee8    LNK_D_fromHostMask
            00005ee9    LNK_D_dataReadyMask
            00005eea    LNK_D_readPend
            00005eeb    LNK_D_readDone
            00005eec    LNK_D_readFail
            00005eed    LNK_D_writeFail
            00005eee    IDL_D_busyObj
            00005ef0    audioMBX$queElems
            00005fb8    _HWI_dispatchTab
            0000607e    TSK_idle
            0000607e    _TSK_idle
            00006096    TSK_idle$tskobj
            000060aa    _audioTSK
            000060aa    audioTSK
            000060c2    audioTSK$tskobj
            000060d6    _buttonTSK
            000060d6    buttonTSK
            000060ee    buttonTSK$tskobj
            00006102    _fftTSK
            00006102    fftTSK
            0000611a    fftTSK$tskobj
            00006128    RTA_toHost$buf
            00006168    gblinit
            000061a2    KNL_swi$sts$stsobj
0000c344                STS_A_TABBEGb
            000061a4    KNL_swi$sts
            000061aa    SWI_Audio$sts$stsobj
            000061ac    SWI_Audio$sts
            000061b2    TSK_idle$sts$stsobj
            000061b4    TSK_idle$sts
            000061ba    audioTSK$sts$stsobj
            000061bc    audioTSK$sts
            000061c2    buttonTSK$sts$stsobj
            000061c4    buttonTSK$sts
            000061ca    fftTSK$sts$stsobj
            000061cc    fftTSK$sts
            000061d2    IDL_busyObj$stsobj
            000061d4    IDL_busyObj
            000061d4    _IDL_busyObj
0000c3b4                STS_A_TABENDb
            000061e0    _audioMBX
            000061e0    audioMBX
            000061e8    audioMBX$data
            000061f8    audioMBX$free
            0000620e    KNL_swi
0000c41c                SWI_A_TABBEGb
            0000620e    _KNL_swi
            00006222    SWI_Audio
            00006222    _SWI_Audio
0000c46c                HST_A_TABBEGb
0000c46c                SWI_A_TABENDb
            00006238    RTA_fromHost
            00006238    _RTA_fromHost
            0000623c    RTA_fromHost$rtdx
            00006244    RTA_toHost
            00006244    _RTA_toHost
            00006248    RTA_toHost$rtdx
0000c4a0                HST_A_TABENDb
0000c4a0                IDL_A_TABBEGb
            00006250    LNK_dataPump
            00006250    _LNK_dataPump
            00006252    RTA_dispatcher
            00006252    _RTA_dispatcher
            00006254    IDL_cpuLoad
            00006254    _IDL_cpuLoad
            00006256    IDL0
            00006256    _IDL0
            00006258    IDL_END
0000c4b4                IDL_A_CALBEGb
            0000625a    LNK_dataPump$
            0000625c    RTA_dispatcher$
            0000625e    IDL_cpuLoad$
            00006260    IDL0$
            00006262    IDL_END$
            0000626c    RTA_fromHost$buf
            00006274    SYS$config
            0000627c    ___pinit__
            0000627c    pinit
0000c504                CLK_A_TABBEGb
            00006282    PRD_clock
            00006282    _PRD_clock
            00006284    CLK_NULL
            00006286    TRC_cinit
            00006287    TRC_R_mask
            00006287    _TRC_R_mask
            00006288    GBL_initdone
            0000628a    _CSL_McbspData
            000062f0    _CSL_SysData
            00006312    _CSL_GpioData
0000dbef                GBL_TRCMASKVALUE
0000ff00                HWI_A_VECS
0000ff00                hwi0
0000ff08                hwi1
0000ff10                hwi2
0000ff18                hwi3
0000ff20                hwi4
0000ff28                hwi5
0000ff30                hwi6
0000ff38                hwi7
0000ff40                hwi8
0000ff48                hwi9
0000ff50                hwi10
0000ff58                hwi11
0000ff60                hwi12
0000ff68                hwi13
0000ff70                hwi14
0000ff78                hwi15
0000ff80                hwi16
0000ff88                hwi17
0000ff90                hwi18
0000ff98                hwi19
0000ffa0                hwi20
0000ffa8                hwi21
0000ffb0                hwi22
0000ffb8                hwi23
0000ffc0                hwi24
0000ffc8                hwi25
0000ffd0                hwi26
0000ffd8                hwi27
0000ffe0                hwi28
0000ffe8                hwi29
0000fff0                hwi30
0000fff8                hwi31
000124f7                CLK_PRD
000124f7                _CLK_PRD
000124f8                CLK_COUNTSPMS
000124f8                CLK_HTIMEPERLTIME
000124f8                _CLK_COUNTSPMS
000493e0                CLK_LTIMEMULT
000493e0                GBL_FREQ
00f80000                GBL_CACHEICRTAG1
00f81000                GBL_CACHEICRTAG2
ffffffff                VECT
ffffffff                _VECT
ffffffff                ___binit__
ffffffff                ___c_args__
ffffffff                binit

[1008 symbols]
