<?xml version="1.0"?>
<link_info>
   <banner>TMS320C55x Linker PC v4.4.1</banner>
   <copyright>Copyright (c) 1996-2012 Texas Instruments Incorporated</copyright>
   <link_time>0x5e69cf5a</link_time>
   <output_file>biosproj2_96.out</output_file>
   <entry_point>
      <name>_c_int00</name>
      <address>0xb749</address>
   </entry_point>
   <input_file_list>
      <input_file id="fl-2">
         <path>.\</path>
         <kind>object</kind>
         <file>aic3204.obj</file>
         <name>aic3204.obj</name>
      </input_file>
      <input_file id="fl-3">
         <path>.\</path>
         <kind>object</kind>
         <file>audioProcessing.obj</file>
         <name>audioProcessing.obj</name>
      </input_file>
      <input_file id="fl-4">
         <path>.\</path>
         <kind>object</kind>
         <file>ezdsp5502.obj</file>
         <name>ezdsp5502.obj</name>
      </input_file>
      <input_file id="fl-5">
         <path>.\</path>
         <kind>object</kind>
         <file>ezdsp5502_gpio.obj</file>
         <name>ezdsp5502_gpio.obj</name>
      </input_file>
      <input_file id="fl-6">
         <path>.\</path>
         <kind>object</kind>
         <file>ezdsp5502_i2c.obj</file>
         <name>ezdsp5502_i2c.obj</name>
      </input_file>
      <input_file id="fl-7">
         <path>.\</path>
         <kind>object</kind>
         <file>ezdsp5502_i2cgpio.obj</file>
         <name>ezdsp5502_i2cgpio.obj</name>
      </input_file>
      <input_file id="fl-8">
         <path>.\</path>
         <kind>object</kind>
         <file>ezdsp5502_mcbsp.obj</file>
         <name>ezdsp5502_mcbsp.obj</name>
      </input_file>
      <input_file id="fl-9">
         <path>.\</path>
         <kind>object</kind>
         <file>hellocfg.obj</file>
         <name>hellocfg.obj</name>
      </input_file>
      <input_file id="fl-a">
         <path>.\</path>
         <kind>object</kind>
         <file>hellocfg_c.obj</file>
         <name>hellocfg_c.obj</name>
      </input_file>
      <input_file id="fl-b">
         <path>.\</path>
         <kind>object</kind>
         <file>main.obj</file>
         <name>main.obj</name>
      </input_file>
      <input_file id="fl-c">
         <path>.\</path>
         <kind>object</kind>
         <file>myfir.obj</file>
         <name>myfir.obj</name>
      </input_file>
      <input_file id="fl-d">
         <path>.\</path>
         <kind>object</kind>
         <file>nco.obj</file>
         <name>nco.obj</name>
      </input_file>
      <input_file id="fl-2d">
         <path>C:\ti\bios_5_42_01_09\packages\ti\bios\lib\</path>
         <kind>archive</kind>
         <file>bios.a55L</file>
         <name>biosdata.o55L</name>
      </input_file>
      <input_file id="fl-2e">
         <path>C:\ti\bios_5_42_01_09\packages\ti\bios\lib\</path>
         <kind>archive</kind>
         <file>bios.a55L</file>
         <name>knl_swit.o55L</name>
      </input_file>
      <input_file id="fl-2f">
         <path>C:\ti\bios_5_42_01_09\packages\ti\bios\lib\</path>
         <kind>archive</kind>
         <file>bios.a55L</file>
         <name>swi.o55L</name>
      </input_file>
      <input_file id="fl-30">
         <path>C:\ti\bios_5_42_01_09\packages\ti\bios\lib\</path>
         <kind>archive</kind>
         <file>bios5502.a55L</file>
         <name>clk5502_htime.o55L</name>
      </input_file>
      <input_file id="fl-31">
         <path>C:\ti\bios_5_42_01_09\packages\ti\bios\lib\</path>
         <kind>archive</kind>
         <file>bios.a55L</file>
         <name>clk_run.o55L</name>
      </input_file>
      <input_file id="fl-32">
         <path>C:\ti\bios_5_42_01_09\packages\ti\bios\lib\</path>
         <kind>archive</kind>
         <file>bios.a55L</file>
         <name>fxn_c.o55L</name>
      </input_file>
      <input_file id="fl-33">
         <path>C:\ti\bios_5_42_01_09\packages\ti\bios\lib\</path>
         <kind>archive</kind>
         <file>bios.a55L</file>
         <name>idl_stub.o55L</name>
      </input_file>
      <input_file id="fl-34">
         <path>C:\ti\bios_5_42_01_09\packages\ti\bios\lib\</path>
         <kind>archive</kind>
         <file>bios.a55L</file>
         <name>utl_doab.o55L</name>
      </input_file>
      <input_file id="fl-35">
         <path>C:\ti\bios_5_42_01_09\packages\ti\bios\lib\</path>
         <kind>archive</kind>
         <file>bios.a55L</file>
         <name>utl_doer.o55L</name>
      </input_file>
      <input_file id="fl-36">
         <path>C:\ti\bios_5_42_01_09\packages\ti\bios\lib\</path>
         <kind>archive</kind>
         <file>bios.a55L</file>
         <name>utl_putc.o55L</name>
      </input_file>
      <input_file id="fl-37">
         <path>C:\ti\bios_5_42_01_09\packages\ti\bios\lib\</path>
         <kind>archive</kind>
         <file>bios.a55L</file>
         <name>utl_halt.o55L</name>
      </input_file>
      <input_file id="fl-38">
         <path>C:\ti\bios_5_42_01_09\packages\ti\bios\lib\</path>
         <kind>archive</kind>
         <file>bios5502.a55L</file>
         <name>clk_isr.o55L</name>
      </input_file>
      <input_file id="fl-39">
         <path>C:\ti\bios_5_42_01_09\packages\ti\bios\lib\</path>
         <kind>archive</kind>
         <file>bios.a55L</file>
         <name>clk_itime.o55L</name>
      </input_file>
      <input_file id="fl-3a">
         <path>C:\ti\bios_5_42_01_09\packages\ti\bios\lib\</path>
         <kind>archive</kind>
         <file>bios.a55L</file>
         <name>fxn.o55L</name>
      </input_file>
      <input_file id="fl-3b">
         <path>C:\ti\bios_5_42_01_09\packages\ti\bios\lib\</path>
         <kind>archive</kind>
         <file>bios.a55L</file>
         <name>boot.o55L</name>
      </input_file>
      <input_file id="fl-3c">
         <path>C:\ti\bios_5_42_01_09\packages\ti\bios\lib\</path>
         <kind>archive</kind>
         <file>bios.a55L</file>
         <name>trc.o55L</name>
      </input_file>
      <input_file id="fl-3d">
         <path>C:\ti\bios_5_42_01_09\packages\ti\bios\lib\</path>
         <kind>archive</kind>
         <file>bios.a55L</file>
         <name>hwi_disp_asm.o55L</name>
      </input_file>
      <input_file id="fl-3e">
         <path>C:\ti\bios_5_42_01_09\packages\ti\bios\lib\</path>
         <kind>archive</kind>
         <file>bios.a55L</file>
         <name>idl_busy.o55L</name>
      </input_file>
      <input_file id="fl-3f">
         <path>C:\ti\bios_5_42_01_09\packages\ti\bios\lib\</path>
         <kind>archive</kind>
         <file>bios.a55L</file>
         <name>idl.o55L</name>
      </input_file>
      <input_file id="fl-40">
         <path>C:\ti\bios_5_42_01_09\packages\ti\bios\lib\</path>
         <kind>archive</kind>
         <file>lnkrtdx.a55L</file>
         <name>rtdx.o55L</name>
      </input_file>
      <input_file id="fl-41">
         <path>C:\ti\bios_5_42_01_09\packages\ti\bios\lib\</path>
         <kind>archive</kind>
         <file>bios.a55L</file>
         <name>log.o55L</name>
      </input_file>
      <input_file id="fl-42">
         <path>C:\ti\bios_5_42_01_09\packages\ti\bios\lib\</path>
         <kind>archive</kind>
         <file>bios.a55L</file>
         <name>pip.o55L</name>
      </input_file>
      <input_file id="fl-43">
         <path>C:\ti\bios_5_42_01_09\packages\ti\bios\lib\</path>
         <kind>archive</kind>
         <file>bios.a55L</file>
         <name>prd.o55L</name>
      </input_file>
      <input_file id="fl-44">
         <path>C:\ti\bios_5_42_01_09\packages\ti\bios\lib\</path>
         <kind>archive</kind>
         <file>bios.a55L</file>
         <name>rta.o55L</name>
      </input_file>
      <input_file id="fl-45">
         <path>C:\ti\bios_5_42_01_09\packages\ti\bios\lib\</path>
         <kind>archive</kind>
         <file>bios.a55L</file>
         <name>sts.o55L</name>
      </input_file>
      <input_file id="fl-46">
         <path>C:\ti\bios_5_42_01_09\packages\ti\bios\lib\</path>
         <kind>archive</kind>
         <file>bios.a55L</file>
         <name>c55_enable.o55L</name>
      </input_file>
      <input_file id="fl-47">
         <path>C:\ti\bios_5_42_01_09\packages\ti\bios\lib\</path>
         <kind>archive</kind>
         <file>bios.a55L</file>
         <name>c55_c.o55L</name>
      </input_file>
      <input_file id="fl-48">
         <path>C:\ti\bios_5_42_01_09\packages\ti\bios\lib\</path>
         <kind>archive</kind>
         <file>bios.a55L</file>
         <name>clk_data.o55L</name>
      </input_file>
      <input_file id="fl-49">
         <path>C:\ti\bios_5_42_01_09\packages\ti\bios\lib\</path>
         <kind>archive</kind>
         <file>bios.a55L</file>
         <name>clk_data2.o55L</name>
      </input_file>
      <input_file id="fl-4a">
         <path>C:\ti\bios_5_42_01_09\packages\ti\bios\lib\</path>
         <kind>archive</kind>
         <file>bios5502.a55L</file>
         <name>clk5502_start.o55L</name>
      </input_file>
      <input_file id="fl-4b">
         <path>C:\ti\bios_5_42_01_09\packages\ti\bios\lib\</path>
         <kind>archive</kind>
         <file>bios5502.a55L</file>
         <name>clk5502_startHtime.o55L</name>
      </input_file>
      <input_file id="fl-4c">
         <path>C:\ti\bios_5_42_01_09\packages\ti\bios\lib\</path>
         <kind>archive</kind>
         <file>bios5502.a55L</file>
         <name>clk5502_wdog.o55L</name>
      </input_file>
      <input_file id="fl-4d">
         <path>C:\Users\alexa_000\Desktop\ECEN 498-DSP\ezdsp5502_v1\C55xxCSL\lib\</path>
         <kind>archive</kind>
         <file>csl5502x.lib</file>
         <name>csl.obj</name>
      </input_file>
      <input_file id="fl-4e">
         <path>C:\Users\alexa_000\Desktop\ECEN 498-DSP\ezdsp5502_v1\C55xxCSL\lib\</path>
         <kind>archive</kind>
         <file>csl5502x.lib</file>
         <name>csl_gpiodat.obj</name>
      </input_file>
      <input_file id="fl-4f">
         <path>C:\Users\alexa_000\Desktop\ECEN 498-DSP\ezdsp5502_v1\C55xxCSL\lib\</path>
         <kind>archive</kind>
         <file>csl5502x.lib</file>
         <name>csl_csldat.obj</name>
      </input_file>
      <input_file id="fl-50">
         <path>C:\ti\bios_5_42_01_09\packages\ti\bios\lib\</path>
         <kind>archive</kind>
         <file>bios.a55L</file>
         <name>gbl_vers.o55L</name>
      </input_file>
      <input_file id="fl-51">
         <path>C:\ti\bios_5_42_01_09\packages\ti\bios\lib\</path>
         <kind>archive</kind>
         <file>bios.a55L</file>
         <name>hwi_xable.o55L</name>
      </input_file>
      <input_file id="fl-52">
         <path>C:\Users\alexa_000\Desktop\ECEN 498-DSP\ezdsp5502_v1\C55xxCSL\lib\</path>
         <kind>archive</kind>
         <file>csl5502x.lib</file>
         <name>i2c_read.obj</name>
      </input_file>
      <input_file id="fl-53">
         <path>C:\Users\alexa_000\Desktop\ECEN 498-DSP\ezdsp5502_v1\C55xxCSL\lib\</path>
         <kind>archive</kind>
         <file>csl5502x.lib</file>
         <name>i2c_write.obj</name>
      </input_file>
      <input_file id="fl-54">
         <path>C:\ti\bios_5_42_01_09\packages\ti\bios\lib\</path>
         <kind>archive</kind>
         <file>bios.a55L</file>
         <name>idl_cal.o55L</name>
      </input_file>
      <input_file id="fl-55">
         <path>C:\ti\bios_5_42_01_09\packages\ti\bios\lib\</path>
         <kind>archive</kind>
         <file>bios5502.a55L</file>
         <name>clk5502_meas.o55L</name>
      </input_file>
      <input_file id="fl-56">
         <path>C:\Users\alexa_000\Desktop\ECEN 498-DSP\ezdsp5502_v1\C55xxCSL\lib\</path>
         <kind>archive</kind>
         <file>csl5502x.lib</file>
         <name>irq_gdisab.obj</name>
      </input_file>
      <input_file id="fl-57">
         <path>C:\Users\alexa_000\Desktop\ECEN 498-DSP\ezdsp5502_v1\C55xxCSL\lib\</path>
         <kind>archive</kind>
         <file>csl5502x.lib</file>
         <name>irq_grest.obj</name>
      </input_file>
      <input_file id="fl-58">
         <path>C:\ti\bios_5_42_01_09\packages\ti\bios\lib\</path>
         <kind>archive</kind>
         <file>bios.a55L</file>
         <name>knl_exit.o55L</name>
      </input_file>
      <input_file id="fl-59">
         <path>C:\ti\bios_5_42_01_09\packages\ti\bios\lib\</path>
         <kind>archive</kind>
         <file>bios.a55L</file>
         <name>knl_chec.o55L</name>
      </input_file>
      <input_file id="fl-5a">
         <path>C:\ti\bios_5_42_01_09\packages\ti\bios\lib\</path>
         <kind>archive</kind>
         <file>bios.a55L</file>
         <name>knl.o55L</name>
      </input_file>
      <input_file id="fl-5b">
         <path>C:\ti\bios_5_42_01_09\packages\ti\bios\lib\</path>
         <kind>archive</kind>
         <file>bios.a55L</file>
         <name>knl_run.o55L</name>
      </input_file>
      <input_file id="fl-5c">
         <path>C:\ti\bios_5_42_01_09\packages\ti\bios\lib\</path>
         <kind>archive</kind>
         <file>bios.a55L</file>
         <name>knl_tick.o55L</name>
      </input_file>
      <input_file id="fl-5d">
         <path>C:\ti\bios_5_42_01_09\packages\ti\bios\lib\</path>
         <kind>archive</kind>
         <file>bios.a55L</file>
         <name>knl_post.o55L</name>
      </input_file>
      <input_file id="fl-5e">
         <path>C:\ti\bios_5_42_01_09\packages\ti\bios\lib\</path>
         <kind>archive</kind>
         <file>bios.a55L</file>
         <name>knl_ipos.o55L</name>
      </input_file>
      <input_file id="fl-5f">
         <path>C:\ti\bios_5_42_01_09\packages\ti\bios\lib\</path>
         <kind>archive</kind>
         <file>bios.a55L</file>
         <name>mbx.o55L</name>
      </input_file>
      <input_file id="fl-60">
         <path>C:\Users\alexa_000\Desktop\ECEN 498-DSP\ezdsp5502_v1\C55xxCSL\lib\</path>
         <kind>archive</kind>
         <file>csl5502x.lib</file>
         <name>mcbsp_cls.obj</name>
      </input_file>
      <input_file id="fl-61">
         <path>C:\Users\alexa_000\Desktop\ECEN 498-DSP\ezdsp5502_v1\C55xxCSL\lib\</path>
         <kind>archive</kind>
         <file>csl5502x.lib</file>
         <name>mcbsp_cfg.obj</name>
      </input_file>
      <input_file id="fl-62">
         <path>C:\Users\alexa_000\Desktop\ECEN 498-DSP\ezdsp5502_v1\C55xxCSL\lib\</path>
         <kind>archive</kind>
         <file>csl5502x.lib</file>
         <name>mcbsp_open.obj</name>
      </input_file>
      <input_file id="fl-63">
         <path>C:\Users\alexa_000\Desktop\ECEN 498-DSP\ezdsp5502_v1\C55xxCSL\lib\</path>
         <kind>archive</kind>
         <file>csl5502x.lib</file>
         <name>csl_mcbspdat.obj</name>
      </input_file>
      <input_file id="fl-64">
         <path>C:\Users\alexa_000\Desktop\ECEN 498-DSP\ezdsp5502_v1\C55xxCSL\lib\</path>
         <kind>archive</kind>
         <file>csl5502x.lib</file>
         <name>mcbsp_rst.obj</name>
      </input_file>
      <input_file id="fl-65">
         <path>C:\Users\alexa_000\Desktop\ECEN 498-DSP\ezdsp5502_v1\C55xxCSL\lib\</path>
         <kind>archive</kind>
         <file>csl5502x.lib</file>
         <name>mcbsp_start.obj</name>
      </input_file>
      <input_file id="fl-66">
         <path>C:\ti\bios_5_42_01_09\packages\ti\bios\lib\</path>
         <kind>archive</kind>
         <file>bios.a55L</file>
         <name>mem_asm.o55L</name>
      </input_file>
      <input_file id="fl-67">
         <path>C:\ti\bios_5_42_01_09\packages\ti\bios\lib\</path>
         <kind>archive</kind>
         <file>bios.a55L</file>
         <name>mem_init.o55L</name>
      </input_file>
      <input_file id="fl-68">
         <path>C:\ti\bios_5_42_01_09\packages\ti\bios\lib\</path>
         <kind>archive</kind>
         <file>bios.a55L</file>
         <name>obj_init.o55L</name>
      </input_file>
      <input_file id="fl-69">
         <path>C:\ti\bios_5_42_01_09\packages\ti\bios\lib\</path>
         <kind>archive</kind>
         <file>bios.a55L</file>
         <name>rtdx_data.o55L</name>
      </input_file>
      <input_file id="fl-6a">
         <path>C:\ti\bios_5_42_01_09\packages\ti\rtdx\lib\c5500\</path>
         <kind>archive</kind>
         <file>rtdxx.lib</file>
         <name>buffer2.o55L</name>
      </input_file>
      <input_file id="fl-6b">
         <path>C:\ti\bios_5_42_01_09\packages\ti\rtdx\lib\c5500\</path>
         <kind>archive</kind>
         <file>rtdxx.lib</file>
         <name>buffer1.o55L</name>
      </input_file>
      <input_file id="fl-6c">
         <path>C:\ti\bios_5_42_01_09\packages\ti\rtdx\lib\c5500\</path>
         <kind>archive</kind>
         <file>rtdxx.lib</file>
         <name>rtdx_mon.o55L</name>
      </input_file>
      <input_file id="fl-6d">
         <path>C:\ti\bios_5_42_01_09\packages\ti\rtdx\lib\c5500\</path>
         <kind>archive</kind>
         <file>rtdxx.lib</file>
         <name>intr_tgt.o55L</name>
      </input_file>
      <input_file id="fl-6e">
         <path>C:\ti\bios_5_42_01_09\packages\ti\bios\lib\</path>
         <kind>archive</kind>
         <file>bios.a55L</file>
         <name>sem_pend_counting.o55L</name>
      </input_file>
      <input_file id="fl-6f">
         <path>C:\ti\bios_5_42_01_09\packages\ti\bios\lib\</path>
         <kind>archive</kind>
         <file>bios.a55L</file>
         <name>sem_pend.o55L</name>
      </input_file>
      <input_file id="fl-70">
         <path>C:\ti\bios_5_42_01_09\packages\ti\bios\lib\</path>
         <kind>archive</kind>
         <file>bios.a55L</file>
         <name>sem_post_asm.o55L</name>
      </input_file>
      <input_file id="fl-71">
         <path>C:\ti\bios_5_42_01_09\packages\ti\bios\lib\</path>
         <kind>archive</kind>
         <file>bios.a55L</file>
         <name>sem_post.o55L</name>
      </input_file>
      <input_file id="fl-72">
         <path>C:\ti\bios_5_42_01_09\packages\ti\bios\lib\</path>
         <kind>archive</kind>
         <file>bios.a55L</file>
         <name>sts_set.o55L</name>
      </input_file>
      <input_file id="fl-73">
         <path>C:\ti\bios_5_42_01_09\packages\ti\bios\lib\</path>
         <kind>archive</kind>
         <file>bios.a55L</file>
         <name>tsk.o55L</name>
      </input_file>
      <input_file id="fl-74">
         <path>C:\ti\bios_5_42_01_09\packages\ti\bios\lib\</path>
         <kind>archive</kind>
         <file>bios.a55L</file>
         <name>tsk_exit.o55L</name>
      </input_file>
      <input_file id="fl-75">
         <path>C:\ti\bios_5_42_01_09\packages\ti\bios\lib\</path>
         <kind>archive</kind>
         <file>bios.a55L</file>
         <name>sys_exit.o55L</name>
      </input_file>
      <input_file id="fl-76">
         <path>C:\ti\bios_5_42_01_09\packages\ti\bios\lib\</path>
         <kind>archive</kind>
         <file>bios.a55L</file>
         <name>sys.o55L</name>
      </input_file>
      <input_file id="fl-77">
         <path>C:\ti\bios_5_42_01_09\packages\ti\bios\lib\</path>
         <kind>archive</kind>
         <file>bios.a55L</file>
         <name>tsk_init.o55L</name>
      </input_file>
      <input_file id="fl-78">
         <path>C:\ti\bios_5_42_01_09\packages\ti\bios\lib\</path>
         <kind>archive</kind>
         <file>bios.a55L</file>
         <name>tsk_setu.o55L</name>
      </input_file>
      <input_file id="fl-79">
         <path>C:\ti\bios_5_42_01_09\packages\ti\bios\lib\</path>
         <kind>archive</kind>
         <file>bios.a55L</file>
         <name>tsk_stup.o55L</name>
      </input_file>
      <input_file id="fl-7a">
         <path>C:\ti\bios_5_42_01_09\packages\ti\bios\lib\</path>
         <kind>archive</kind>
         <file>bios.a55L</file>
         <name>lck.o55L</name>
      </input_file>
      <input_file id="fl-7b">
         <path>C:\ti\bios_5_42_01_09\packages\ti\bios\lib\</path>
         <kind>archive</kind>
         <file>bios.a55L</file>
         <name>sys_abor.o55L</name>
      </input_file>
      <input_file id="fl-7c">
         <path>C:\Users\alexa_000\Desktop\ECEN 498-DSP\ezdsp5502_v1\C55xxCSL\lib\</path>
         <kind>archive</kind>
         <file>csl5502x.lib</file>
         <name>_csl_init.obj</name>
      </input_file>
      <input_file id="fl-7d">
         <path>C:\ti\bios_5_42_01_09\packages\ti\bios\lib\</path>
         <kind>archive</kind>
         <file>bios.a55L</file>
         <name>sem_dopo.o55L</name>
      </input_file>
      <input_file id="fl-7e">
         <path>C:\ti\ccsv6\tools\compiler\c5500_4.4.1\lib\</path>
         <kind>archive</kind>
         <file>rts55x.lib</file>
         <name>fixdli.obj</name>
      </input_file>
      <input_file id="fl-7f">
         <path>C:\ti\ccsv6\tools\compiler\c5500_4.4.1\lib\</path>
         <kind>archive</kind>
         <file>rts55x.lib</file>
         <name>mpyd.obj</name>
      </input_file>
      <input_file id="fl-80">
         <path>C:\ti\ccsv6\tools\compiler\c5500_4.4.1\lib\</path>
         <kind>archive</kind>
         <file>rts55x.lib</file>
         <name>frcmpyd.obj</name>
      </input_file>
      <input_file id="fl-81">
         <path>C:\ti\ccsv6\tools\compiler\c5500_4.4.1\lib\</path>
         <kind>archive</kind>
         <file>rts55x.lib</file>
         <name>_lock.obj</name>
      </input_file>
      <input_file id="fl-82">
         <path>C:\ti\ccsv6\tools\compiler\c5500_4.4.1\lib\</path>
         <kind>archive</kind>
         <file>rts55x.lib</file>
         <name>atexit.obj</name>
      </input_file>
      <input_file id="fl-83">
         <path>C:\ti\ccsv6\tools\compiler\c5500_4.4.1\lib\</path>
         <kind>archive</kind>
         <file>rts55x.lib</file>
         <name>sinit.obj</name>
      </input_file>
      <input_file id="fl-84">
         <path>C:\ti\ccsv6\tools\compiler\c5500_4.4.1\lib\</path>
         <kind>archive</kind>
         <file>rts55x.lib</file>
         <name>exit.obj</name>
      </input_file>
      <input_file id="fl-85">
         <path>C:\ti\bios_5_42_01_09\packages\ti\bios\lib\</path>
         <kind>archive</kind>
         <file>bios.a55L</file>
         <name>autoinit.o55L</name>
      </input_file>
      <input_file id="fl-86">
         <path>C:\ti\ccsv6\tools\compiler\c5500_4.4.1\lib\</path>
         <kind>archive</kind>
         <file>rts55x.lib</file>
         <name>memcpy.obj</name>
      </input_file>
      <input_file id="fl-87">
         <path>C:\ti\ccsv6\tools\compiler\c5500_4.4.1\lib\</path>
         <kind>archive</kind>
         <file>rts55x.lib</file>
         <name>memset.obj</name>
      </input_file>
      <input_file id="fl-88">
         <path>C:\ti\bios_5_42_01_09\packages\ti\bios\lib\</path>
         <kind>archive</kind>
         <file>bios.a55L</file>
         <name>rta_andn.o55L</name>
      </input_file>
   </input_file_list>
   <object_component_list>
      <object_component id="oc-99">
         <name>.vers</name>
         <load_address>0x0</load_address>
         <run_address>0x0</run_address>
         <size>0x78</size>
         <input_file_ref idref="fl-9"/>
      </object_component>
      <object_component id="oc-85">
         <name>.clk</name>
         <uninitialized>true</uninitialized>
         <run_address>0xc504</run_address>
         <size>0x8</size>
         <input_file_ref idref="fl-9"/>
      </object_component>
      <object_component id="oc-8b">
         <name>.swi</name>
         <uninitialized>true</uninitialized>
         <run_address>0xc41c</run_address>
         <size>0x50</size>
         <input_file_ref idref="fl-9"/>
      </object_component>
      <object_component id="oc-8e">
         <name>.tsk</name>
         <uninitialized>true</uninitialized>
         <run_address>0xc0f0</run_address>
         <size>0x160</size>
         <input_file_ref idref="fl-9"/>
      </object_component>
      <object_component id="oc-93">
         <name>.idl</name>
         <uninitialized>true</uninitialized>
         <run_address>0xc4a0</run_address>
         <size>0x14</size>
         <input_file_ref idref="fl-9"/>
      </object_component>
      <object_component id="oc-92">
         <name>.idlcal</name>
         <uninitialized>true</uninitialized>
         <run_address>0xc4b4</run_address>
         <size>0x14</size>
         <input_file_ref idref="fl-9"/>
      </object_component>
      <object_component id="oc-4e">
         <name>.bss</name>
         <uninitialized>true</uninitialized>
         <run_address>0x5d34</run_address>
         <size>0x28</size>
         <input_file_ref idref="fl-9"/>
      </object_component>
      <object_component id="oc-5e">
         <name>.bss</name>
         <uninitialized>true</uninitialized>
         <run_address>0x5060</run_address>
         <size>0x512</size>
         <input_file_ref idref="fl-3"/>
      </object_component>
      <object_component id="oc-6a">
         <name>.bss</name>
         <uninitialized>true</uninitialized>
         <run_address>0x5d6c</run_address>
         <size>0x10</size>
         <input_file_ref idref="fl-5"/>
      </object_component>
      <object_component id="oc-7a">
         <name>.bss</name>
         <uninitialized>true</uninitialized>
         <run_address>0x5dc0</run_address>
         <size>0x4</size>
         <input_file_ref idref="fl-8"/>
      </object_component>
      <object_component id="oc-a0">
         <name>.bss</name>
         <uninitialized>true</uninitialized>
         <run_address>0x5d94</run_address>
         <size>0xa</size>
         <input_file_ref idref="fl-b"/>
      </object_component>
      <object_component id="oc-ac">
         <name>.bss</name>
         <uninitialized>true</uninitialized>
         <run_address>0x5574</run_address>
         <size>0x408</size>
         <input_file_ref idref="fl-d"/>
      </object_component>
      <object_component id="oc-d3">
         <name>.bss</name>
         <uninitialized>true</uninitialized>
         <run_address>0x5d7c</run_address>
         <size>0xc</size>
         <input_file_ref idref="fl-36"/>
      </object_component>
      <object_component id="oc-123">
         <name>.bss</name>
         <uninitialized>true</uninitialized>
         <run_address>0x5da0</run_address>
         <size>0x8</size>
         <input_file_ref idref="fl-48"/>
      </object_component>
      <object_component id="oc-127">
         <name>.bss</name>
         <uninitialized>true</uninitialized>
         <run_address>0x5db8</run_address>
         <size>0x4</size>
         <input_file_ref idref="fl-49"/>
      </object_component>
      <object_component id="oc-159">
         <name>.bss</name>
         <uninitialized>true</uninitialized>
         <run_address>0x5b00</run_address>
         <size>0x114</size>
         <input_file_ref idref="fl-5a"/>
      </object_component>
      <object_component id="oc-162">
         <name>.bss</name>
         <uninitialized>true</uninitialized>
         <run_address>0x5d5c</run_address>
         <size>0x10</size>
         <input_file_ref idref="fl-5c"/>
      </object_component>
      <object_component id="oc-17b">
         <name>.bss</name>
         <uninitialized>true</uninitialized>
         <run_address>0x5dbc</run_address>
         <size>0x4</size>
         <input_file_ref idref="fl-66"/>
      </object_component>
      <object_component id="oc-183">
         <name>.bss</name>
         <uninitialized>true</uninitialized>
         <run_address>0x5cc4</run_address>
         <size>0x46</size>
         <input_file_ref idref="fl-68"/>
      </object_component>
      <object_component id="oc-18d">
         <name>.bss</name>
         <uninitialized>true</uninitialized>
         <run_address>0x5d88</run_address>
         <size>0xc</size>
         <input_file_ref idref="fl-6b"/>
      </object_component>
      <object_component id="oc-1a9">
         <name>.bss</name>
         <uninitialized>true</uninitialized>
         <run_address>0x5c14</run_address>
         <size>0x60</size>
         <input_file_ref idref="fl-73"/>
      </object_component>
      <object_component id="oc-1b7">
         <name>.bss</name>
         <uninitialized>true</uninitialized>
         <run_address>0x5d0c</run_address>
         <size>0x28</size>
         <input_file_ref idref="fl-76"/>
      </object_component>
      <object_component id="oc-1c5">
         <name>.bss</name>
         <uninitialized>true</uninitialized>
         <run_address>0x5c74</run_address>
         <size>0x50</size>
         <input_file_ref idref="fl-79"/>
      </object_component>
      <object_component id="oc-1e6">
         <name>.bss</name>
         <uninitialized>true</uninitialized>
         <run_address>0x5da8</run_address>
         <size>0x8</size>
         <input_file_ref idref="fl-81"/>
      </object_component>
      <object_component id="oc-1ec">
         <name>.bss</name>
         <uninitialized>true</uninitialized>
         <run_address>0x597c</run_address>
         <size>0x184</size>
         <input_file_ref idref="fl-82"/>
      </object_component>
      <object_component id="oc-1f2">
         <name>.bss</name>
         <uninitialized>true</uninitialized>
         <run_address>0x5dc4</run_address>
         <size>0x4</size>
         <input_file_ref idref="fl-83"/>
      </object_component>
      <object_component id="oc-1f8">
         <name>.bss</name>
         <uninitialized>true</uninitialized>
         <run_address>0x5db0</run_address>
         <size>0x8</size>
         <input_file_ref idref="fl-84"/>
      </object_component>
      <object_component id="oc-f0">
         <name>.hwi_disp_sec</name>
         <uninitialized>true</uninitialized>
         <run_address>0xbf70</run_address>
         <size>0x180</size>
         <input_file_ref idref="fl-3d"/>
      </object_component>
      <object_component id="oc-b3">
         <name>.sysdata</name>
         <uninitialized>true</uninitialized>
         <run_address>0xbc44</run_address>
         <size>0x160</size>
         <input_file_ref idref="fl-2d"/>
      </object_component>
      <object_component id="oc-f5">
         <name>.sysdata</name>
         <uninitialized>true</uninitialized>
         <run_address>0xbddc</run_address>
         <size>0x4</size>
         <input_file_ref idref="fl-3e"/>
      </object_component>
      <object_component id="oc-ff">
         <name>.sysdata</name>
         <uninitialized>true</uninitialized>
         <run_address>0xbdd0</run_address>
         <size>0xc</size>
         <input_file_ref idref="fl-40"/>
      </object_component>
      <object_component id="oc-111">
         <name>.sysdata</name>
         <uninitialized>true</uninitialized>
         <run_address>0xbda4</run_address>
         <size>0x2c</size>
         <input_file_ref idref="fl-44"/>
      </object_component>
      <object_component id="oc-80">
         <name>.mem</name>
         <uninitialized>true</uninitialized>
         <run_address>0xa30a</run_address>
         <size>0x2</size>
         <input_file_ref idref="fl-9"/>
      </object_component>
      <object_component id="oc-50">
         <name>.bios</name>
         <load_address>0xc0</load_address>
         <run_address>0xc0</run_address>
         <size>0x3d4</size>
         <input_file_ref idref="fl-2f"/>
      </object_component>
      <object_component id="oc-101">
         <name>.bios</name>
         <load_address>0x494</load_address>
         <run_address>0x494</run_address>
         <size>0x3a3</size>
         <input_file_ref idref="fl-40"/>
      </object_component>
      <object_component id="oc-f1">
         <name>.bios</name>
         <load_address>0x837</load_address>
         <run_address>0x837</run_address>
         <size>0x35f</size>
         <input_file_ref idref="fl-3d"/>
      </object_component>
      <object_component id="oc-133">
         <name>.bios</name>
         <load_address>0xb96</load_address>
         <run_address>0xb96</run_address>
         <size>0x2</size>
         <input_file_ref idref="fl-4c"/>
      </object_component>
      <object_component id="oc-199">
         <name>.bios</name>
         <load_address>0xb98</load_address>
         <run_address>0xb98</run_address>
         <size>0x18b</size>
         <input_file_ref idref="fl-6f"/>
      </object_component>
      <object_component id="oc-10d">
         <name>.bios</name>
         <load_address>0xd23</load_address>
         <run_address>0xd23</run_address>
         <size>0x186</size>
         <input_file_ref idref="fl-43"/>
      </object_component>
      <object_component id="oc-15e">
         <name>.bios</name>
         <load_address>0xeac</load_address>
         <run_address>0xeac</run_address>
         <size>0x185</size>
         <input_file_ref idref="fl-5b"/>
      </object_component>
      <object_component id="oc-164">
         <name>.bios</name>
         <load_address>0x1034</load_address>
         <run_address>0x1034</run_address>
         <size>0x144</size>
         <input_file_ref idref="fl-5c"/>
      </object_component>
      <object_component id="oc-113">
         <name>.bios</name>
         <load_address>0x1178</load_address>
         <run_address>0x1178</run_address>
         <size>0x130</size>
         <input_file_ref idref="fl-44"/>
      </object_component>
      <object_component id="oc-109">
         <name>.bios</name>
         <load_address>0x12a8</load_address>
         <run_address>0x12a8</run_address>
         <size>0x119</size>
         <input_file_ref idref="fl-42"/>
      </object_component>
      <object_component id="oc-4c">
         <name>.bios</name>
         <load_address>0x13c1</load_address>
         <run_address>0x13c1</run_address>
         <size>0x10e</size>
         <input_file_ref idref="fl-2e"/>
      </object_component>
      <object_component id="oc-170">
         <name>.bios</name>
         <load_address>0x14d0</load_address>
         <run_address>0x14d0</run_address>
         <size>0x10d</size>
         <input_file_ref idref="fl-5f"/>
      </object_component>
      <object_component id="oc-1d5">
         <name>.bios</name>
         <load_address>0x15e0</load_address>
         <run_address>0x15e0</run_address>
         <size>0x104</size>
         <input_file_ref idref="fl-7d"/>
      </object_component>
      <object_component id="oc-1af">
         <name>.bios</name>
         <load_address>0x16e4</load_address>
         <run_address>0x16e4</run_address>
         <size>0xf8</size>
         <input_file_ref idref="fl-74"/>
      </object_component>
      <object_component id="oc-1c0">
         <name>.bios</name>
         <load_address>0x17dc</load_address>
         <run_address>0x17dc</run_address>
         <size>0xf6</size>
         <input_file_ref idref="fl-78"/>
      </object_component>
      <object_component id="oc-1c7">
         <name>.bios</name>
         <load_address>0x18d4</load_address>
         <run_address>0x18d4</run_address>
         <size>0xbf</size>
         <input_file_ref idref="fl-79"/>
      </object_component>
      <object_component id="oc-11f">
         <name>.bios</name>
         <load_address>0x1993</load_address>
         <run_address>0x1993</run_address>
         <size>0xa2</size>
         <input_file_ref idref="fl-47"/>
      </object_component>
      <object_component id="oc-155">
         <name>.bios</name>
         <load_address>0x1a35</load_address>
         <run_address>0x1a35</run_address>
         <size>0x8d</size>
         <input_file_ref idref="fl-59"/>
      </object_component>
      <object_component id="oc-db">
         <name>.bios</name>
         <load_address>0x1ac2</load_address>
         <run_address>0x1ac2</run_address>
         <size>0x8d</size>
         <input_file_ref idref="fl-38"/>
      </object_component>
      <object_component id="oc-19d">
         <name>.bios</name>
         <load_address>0x1b4f</load_address>
         <run_address>0x1b4f</run_address>
         <size>0x82</size>
         <input_file_ref idref="fl-70"/>
      </object_component>
      <object_component id="oc-12b">
         <name>.bios</name>
         <load_address>0x1bd1</load_address>
         <run_address>0x1bd1</run_address>
         <size>0x6b</size>
         <input_file_ref idref="fl-4a"/>
      </object_component>
      <object_component id="oc-151">
         <name>.bios</name>
         <load_address>0x1c3c</load_address>
         <run_address>0x1c3c</run_address>
         <size>0x5f</size>
         <input_file_ref idref="fl-58"/>
      </object_component>
      <object_component id="oc-16c">
         <name>.bios</name>
         <load_address>0x1c9c</load_address>
         <run_address>0x1c9c</run_address>
         <size>0x5b</size>
         <input_file_ref idref="fl-5e"/>
      </object_component>
      <object_component id="oc-1cc">
         <name>.bios</name>
         <load_address>0x1cf8</load_address>
         <run_address>0x1cf8</run_address>
         <size>0x58</size>
         <input_file_ref idref="fl-7a"/>
      </object_component>
      <object_component id="oc-105">
         <name>.bios</name>
         <load_address>0x1d50</load_address>
         <run_address>0x1d50</run_address>
         <size>0x51</size>
         <input_file_ref idref="fl-41"/>
      </object_component>
      <object_component id="oc-195">
         <name>.bios</name>
         <load_address>0x1da1</load_address>
         <run_address>0x1da1</run_address>
         <size>0x4e</size>
         <input_file_ref idref="fl-6e"/>
      </object_component>
      <object_component id="oc-1a1">
         <name>.bios</name>
         <load_address>0x1df0</load_address>
         <run_address>0x1df0</run_address>
         <size>0x48</size>
         <input_file_ref idref="fl-71"/>
      </object_component>
      <object_component id="oc-117">
         <name>.bios</name>
         <load_address>0x1e38</load_address>
         <run_address>0x1e38</run_address>
         <size>0x48</size>
         <input_file_ref idref="fl-45"/>
      </object_component>
      <object_component id="oc-1b3">
         <name>.bios</name>
         <load_address>0x1e80</load_address>
         <run_address>0x1e80</run_address>
         <size>0x48</size>
         <input_file_ref idref="fl-75"/>
      </object_component>
      <object_component id="oc-f7">
         <name>.bios</name>
         <load_address>0x1ec8</load_address>
         <run_address>0x1ec8</run_address>
         <size>0x47</size>
         <input_file_ref idref="fl-3e"/>
      </object_component>
      <object_component id="oc-147">
         <name>.bios</name>
         <load_address>0x1f0f</load_address>
         <run_address>0x1f0f</run_address>
         <size>0x46</size>
         <input_file_ref idref="fl-54"/>
      </object_component>
      <object_component id="oc-20a">
         <name>.bios</name>
         <load_address>0x1f55</load_address>
         <run_address>0x1f55</run_address>
         <size>0x43</size>
         <input_file_ref idref="fl-88"/>
      </object_component>
      <object_component id="oc-14b">
         <name>.bios</name>
         <load_address>0x1f98</load_address>
         <run_address>0x1f98</run_address>
         <size>0x40</size>
         <input_file_ref idref="fl-55"/>
      </object_component>
      <object_component id="oc-51">
         <name>.bios</name>
         <load_address>0x1fd8</load_address>
         <run_address>0x1fd8</run_address>
         <size>0x36</size>
         <input_file_ref idref="fl-36"/>
      </object_component>
      <object_component id="oc-168">
         <name>.bios</name>
         <load_address>0x2010</load_address>
         <run_address>0x2010</run_address>
         <size>0x34</size>
         <input_file_ref idref="fl-5d"/>
      </object_component>
      <object_component id="oc-12f">
         <name>.bios</name>
         <load_address>0x2044</load_address>
         <run_address>0x2044</run_address>
         <size>0x2c</size>
         <input_file_ref idref="fl-4b"/>
      </object_component>
      <object_component id="oc-e3">
         <name>.bios</name>
         <load_address>0x2070</load_address>
         <run_address>0x2070</run_address>
         <size>0x25</size>
         <input_file_ref idref="fl-3a"/>
      </object_component>
      <object_component id="oc-57">
         <name>.bios</name>
         <load_address>0x2095</load_address>
         <run_address>0x2095</run_address>
         <size>0x24</size>
         <input_file_ref idref="fl-33"/>
      </object_component>
      <object_component id="oc-4d">
         <name>.bios</name>
         <load_address>0x20bc</load_address>
         <run_address>0x20bc</run_address>
         <size>0x23</size>
         <input_file_ref idref="fl-34"/>
      </object_component>
      <object_component id="oc-55">
         <name>.bios</name>
         <load_address>0x20e0</load_address>
         <run_address>0x20e0</run_address>
         <size>0x20</size>
         <input_file_ref idref="fl-35"/>
      </object_component>
      <object_component id="oc-df">
         <name>.bios</name>
         <load_address>0x2100</load_address>
         <run_address>0x2100</run_address>
         <size>0x1f</size>
         <input_file_ref idref="fl-39"/>
      </object_component>
      <object_component id="oc-141">
         <name>.bios</name>
         <load_address>0x2120</load_address>
         <run_address>0x2120</run_address>
         <size>0x1a</size>
         <input_file_ref idref="fl-51"/>
      </object_component>
      <object_component id="oc-53">
         <name>.bios</name>
         <load_address>0x213a</load_address>
         <run_address>0x213a</run_address>
         <size>0x17</size>
         <input_file_ref idref="fl-31"/>
      </object_component>
      <object_component id="oc-1d0">
         <name>.bios</name>
         <load_address>0x2154</load_address>
         <run_address>0x2154</run_address>
         <size>0x17</size>
         <input_file_ref idref="fl-7b"/>
      </object_component>
      <object_component id="oc-52">
         <name>.bios</name>
         <load_address>0x216b</load_address>
         <run_address>0x216b</run_address>
         <size>0xf</size>
         <input_file_ref idref="fl-30"/>
      </object_component>
      <object_component id="oc-fb">
         <name>.bios</name>
         <load_address>0x217a</load_address>
         <run_address>0x217a</run_address>
         <size>0xc</size>
         <input_file_ref idref="fl-3f"/>
      </object_component>
      <object_component id="oc-54">
         <name>.bios</name>
         <load_address>0x2188</load_address>
         <run_address>0x2188</run_address>
         <size>0x8</size>
         <input_file_ref idref="fl-37"/>
      </object_component>
      <object_component id="oc-1a5">
         <name>.bios</name>
         <load_address>0x2190</load_address>
         <run_address>0x2190</run_address>
         <size>0x7</size>
         <input_file_ref idref="fl-72"/>
      </object_component>
      <object_component id="oc-13d">
         <name>.bios</name>
         <load_address>0x2197</load_address>
         <run_address>0x2197</run_address>
         <size>0x6</size>
         <input_file_ref idref="fl-50"/>
      </object_component>
      <object_component id="oc-56">
         <name>.bios</name>
         <load_address>0x21a0</load_address>
         <run_address>0x21a0</run_address>
         <size>0x2</size>
         <input_file_ref idref="fl-32"/>
      </object_component>
      <object_component id="oc-58">
         <name>.text</name>
         <load_address>0x21a4</load_address>
         <run_address>0x21a4</run_address>
         <size>0x559</size>
         <input_file_ref idref="fl-2"/>
      </object_component>
      <object_component id="oc-69">
         <name>.text</name>
         <load_address>0x26fd</load_address>
         <run_address>0x26fd</run_address>
         <size>0x3af</size>
         <input_file_ref idref="fl-5"/>
      </object_component>
      <object_component id="oc-179">
         <name>.text:MCBSP_reset</name>
         <load_address>0x2aac</load_address>
         <run_address>0x2aac</run_address>
         <size>0x261</size>
         <input_file_ref idref="fl-64"/>
      </object_component>
      <object_component id="oc-5d">
         <name>.text</name>
         <load_address>0x2d0d</load_address>
         <run_address>0x2d0d</run_address>
         <size>0x242</size>
         <input_file_ref idref="fl-3"/>
      </object_component>
      <object_component id="oc-146">
         <name>.text:I2C_write</name>
         <load_address>0x2f50</load_address>
         <run_address>0x2f50</run_address>
         <size>0x18e</size>
         <input_file_ref idref="fl-53"/>
      </object_component>
      <object_component id="oc-145">
         <name>.text:I2C_read</name>
         <load_address>0x30e0</load_address>
         <run_address>0x30e0</run_address>
         <size>0x15d</size>
         <input_file_ref idref="fl-52"/>
      </object_component>
      <object_component id="oc-74">
         <name>.text</name>
         <load_address>0x323d</load_address>
         <run_address>0x323d</run_address>
         <size>0x14e</size>
         <input_file_ref idref="fl-7"/>
      </object_component>
      <object_component id="oc-1dd">
         <name>.text</name>
         <load_address>0x338b</load_address>
         <run_address>0x338b</run_address>
         <size>0x14c</size>
         <input_file_ref idref="fl-7f"/>
      </object_component>
      <object_component id="oc-175">
         <name>.text:MCBSP_config</name>
         <load_address>0x34d8</load_address>
         <run_address>0x34d8</run_address>
         <size>0x130</size>
         <input_file_ref idref="fl-61"/>
      </object_component>
      <object_component id="oc-176">
         <name>.text:MCBSP_open</name>
         <load_address>0x3608</load_address>
         <run_address>0x3608</run_address>
         <size>0xee</size>
         <input_file_ref idref="fl-62"/>
      </object_component>
      <object_component id="oc-79">
         <name>.text</name>
         <load_address>0x36f6</load_address>
         <run_address>0x36f6</run_address>
         <size>0xab</size>
         <input_file_ref idref="fl-8"/>
      </object_component>
      <object_component id="oc-6f">
         <name>.text</name>
         <load_address>0x37a1</load_address>
         <run_address>0x37a1</run_address>
         <size>0x92</size>
         <input_file_ref idref="fl-6"/>
      </object_component>
      <object_component id="oc-17a">
         <name>.text:MCBSP_start</name>
         <load_address>0x3834</load_address>
         <run_address>0x3834</run_address>
         <size>0x82</size>
         <input_file_ref idref="fl-65"/>
      </object_component>
      <object_component id="oc-1e1">
         <name>.text</name>
         <load_address>0x38b6</load_address>
         <run_address>0x38b6</run_address>
         <size>0x76</size>
         <input_file_ref idref="fl-80"/>
      </object_component>
      <object_component id="oc-1f1">
         <name>.text</name>
         <load_address>0x392c</load_address>
         <run_address>0x392c</run_address>
         <size>0x75</size>
         <input_file_ref idref="fl-83"/>
      </object_component>
      <object_component id="oc-a6">
         <name>.text</name>
         <load_address>0x39a1</load_address>
         <run_address>0x39a1</run_address>
         <size>0x74</size>
         <input_file_ref idref="fl-c"/>
      </object_component>
      <object_component id="oc-1eb">
         <name>.text</name>
         <load_address>0x3a15</load_address>
         <run_address>0x3a15</run_address>
         <size>0x6f</size>
         <input_file_ref idref="fl-82"/>
      </object_component>
      <object_component id="oc-1d9">
         <name>.text</name>
         <load_address>0x3a84</load_address>
         <run_address>0x3a84</run_address>
         <size>0x6f</size>
         <input_file_ref idref="fl-7e"/>
      </object_component>
      <object_component id="oc-11b">
         <name>.text</name>
         <load_address>0x3af4</load_address>
         <run_address>0x3af4</run_address>
         <size>0x67</size>
         <input_file_ref idref="fl-46"/>
      </object_component>
      <object_component id="oc-1c4">
         <name>.text</name>
         <load_address>0x3b5c</load_address>
         <run_address>0x3b5c</run_address>
         <size>0x5c</size>
         <input_file_ref idref="fl-79"/>
      </object_component>
      <object_component id="oc-64">
         <name>.text</name>
         <load_address>0x3bb8</load_address>
         <run_address>0x3bb8</run_address>
         <size>0x57</size>
         <input_file_ref idref="fl-4"/>
      </object_component>
      <object_component id="oc-202">
         <name>.text</name>
         <load_address>0x3c0f</load_address>
         <run_address>0x3c0f</run_address>
         <size>0x3f</size>
         <input_file_ref idref="fl-86"/>
      </object_component>
      <object_component id="oc-1f7">
         <name>.text</name>
         <load_address>0x3c4e</load_address>
         <run_address>0x3c4e</run_address>
         <size>0x3e</size>
         <input_file_ref idref="fl-84"/>
      </object_component>
      <object_component id="oc-9f">
         <name>.text</name>
         <load_address>0x3c8c</load_address>
         <run_address>0x3c8c</run_address>
         <size>0x3c</size>
         <input_file_ref idref="fl-b"/>
      </object_component>
      <object_component id="oc-ab">
         <name>.text</name>
         <load_address>0x3cc8</load_address>
         <run_address>0x3cc8</run_address>
         <size>0x37</size>
         <input_file_ref idref="fl-d"/>
      </object_component>
      <object_component id="oc-174">
         <name>.text:MCBSP_close</name>
         <load_address>0x3d00</load_address>
         <run_address>0x3d00</run_address>
         <size>0x36</size>
         <input_file_ref idref="fl-60"/>
      </object_component>
      <object_component id="oc-1e5">
         <name>.text</name>
         <load_address>0x3d36</load_address>
         <run_address>0x3d36</run_address>
         <size>0x12</size>
         <input_file_ref idref="fl-81"/>
      </object_component>
      <object_component id="oc-206">
         <name>.text</name>
         <load_address>0x3d48</load_address>
         <run_address>0x3d48</run_address>
         <size>0x11</size>
         <input_file_ref idref="fl-87"/>
      </object_component>
      <object_component id="oc-14f">
         <name>.text:IRQ_globalDisable</name>
         <load_address>0x3d5c</load_address>
         <run_address>0x3d5c</run_address>
         <size>0xf</size>
         <input_file_ref idref="fl-56"/>
      </object_component>
      <object_component id="oc-1d4">
         <name>.text:_CSL_init</name>
         <load_address>0x3d6c</load_address>
         <run_address>0x3d6c</run_address>
         <size>0xd</size>
         <input_file_ref idref="fl-7c"/>
      </object_component>
      <object_component id="oc-138">
         <name>.text:CSL_init</name>
         <load_address>0x3d7c</load_address>
         <run_address>0x3d7c</run_address>
         <size>0xc</size>
         <input_file_ref idref="fl-4d"/>
      </object_component>
      <object_component id="oc-150">
         <name>.text:IRQ_globalRestore</name>
         <load_address>0x3d88</load_address>
         <run_address>0x3d88</run_address>
         <size>0xc</size>
         <input_file_ref idref="fl-57"/>
      </object_component>
      <object_component id="oc-1fb">
         <name>.text:CIO_breakpoint</name>
         <load_address>0x3d94</load_address>
         <run_address>0x3d94</run_address>
         <size>0x7</size>
         <input_file_ref idref="fl-84"/>
      </object_component>
      <object_component id="oc-137">
         <name>.text</name>
         <load_address>0x3d9c</load_address>
         <run_address>0x3d9c</run_address>
         <size>0x2</size>
         <input_file_ref idref="fl-4d"/>
      </object_component>
      <object_component id="oc-98">
         <name>.sysinit</name>
         <load_address>0xb400</load_address>
         <run_address>0xb400</run_address>
         <size>0x13d</size>
         <input_file_ref idref="fl-9"/>
      </object_component>
      <object_component id="oc-17f">
         <name>.sysinit</name>
         <load_address>0xb540</load_address>
         <run_address>0xb540</run_address>
         <size>0x111</size>
         <input_file_ref idref="fl-67"/>
      </object_component>
      <object_component id="oc-1bc">
         <name>.sysinit</name>
         <load_address>0xb654</load_address>
         <run_address>0xb654</run_address>
         <size>0x84</size>
         <input_file_ref idref="fl-77"/>
      </object_component>
      <object_component id="oc-1fe">
         <name>.sysinit</name>
         <load_address>0xb6d8</load_address>
         <run_address>0xb6d8</run_address>
         <size>0x71</size>
         <input_file_ref idref="fl-85"/>
      </object_component>
      <object_component id="oc-4f">
         <name>.sysinit</name>
         <load_address>0xb749</load_address>
         <run_address>0xb749</run_address>
         <size>0x6f</size>
         <input_file_ref idref="fl-3b"/>
      </object_component>
      <object_component id="oc-185">
         <name>.sysinit</name>
         <load_address>0xb7b8</load_address>
         <run_address>0xb7b8</run_address>
         <size>0x2</size>
         <input_file_ref idref="fl-68"/>
      </object_component>
      <object_component id="oc-ec">
         <name>.trcdata</name>
         <load_address>0xc50c</load_address>
         <run_address>0xc50c</run_address>
         <size>0x6</size>
         <input_file_ref idref="fl-3c"/>
      </object_component>
      <object_component id="oc-223">
         <name>.rtdx_text:_RTDX_write_next</name>
         <load_address>0x99c8</load_address>
         <run_address>0x99c8</run_address>
         <size>0x1db</size>
         <input_file_ref idref="fl-6b"/>
      </object_component>
      <object_component id="oc-21e">
         <name>.rtdx_text:_RTDX_Buffer_WriteCB</name>
         <load_address>0x9ba3</load_address>
         <run_address>0x9ba3</run_address>
         <size>0x17c</size>
         <input_file_ref idref="fl-6b"/>
      </object_component>
      <object_component id="oc-217">
         <name>.rtdx_text:_RTDX_Init_RT_Monitor</name>
         <load_address>0x9d1f</load_address>
         <run_address>0x9d1f</run_address>
         <size>0x10f</size>
         <input_file_ref idref="fl-6c"/>
      </object_component>
      <object_component id="oc-212">
         <name>.rtdx_text:_RTDX_Poll</name>
         <load_address>0x9e2e</load_address>
         <run_address>0x9e2e</run_address>
         <size>0xec</size>
         <input_file_ref idref="fl-6c"/>
      </object_component>
      <object_component id="oc-222">
         <name>.rtdx_text:_claim</name>
         <load_address>0x9f1a</load_address>
         <run_address>0x9f1a</run_address>
         <size>0xb5</size>
         <input_file_ref idref="fl-6b"/>
      </object_component>
      <object_component id="oc-21b">
         <name>.rtdx_text:_StartXFer</name>
         <load_address>0x9fcf</load_address>
         <run_address>0x9fcf</run_address>
         <size>0x93</size>
         <input_file_ref idref="fl-6c"/>
      </object_component>
      <object_component id="oc-224">
         <name>.rtdx_text:_RTDX_Mon_Queue</name>
         <load_address>0xa062</load_address>
         <run_address>0xa062</run_address>
         <size>0x88</size>
         <input_file_ref idref="fl-6c"/>
      </object_component>
      <object_component id="oc-213">
         <name>.rtdx_text:_RTDX_H2TPoll</name>
         <load_address>0xa0ea</load_address>
         <run_address>0xa0ea</run_address>
         <size>0x65</size>
         <input_file_ref idref="fl-6c"/>
      </object_component>
      <object_component id="oc-216">
         <name>.rtdx_text:_RTDX_Buffer_Initialize</name>
         <load_address>0xa14f</load_address>
         <run_address>0xa14f</run_address>
         <size>0x53</size>
         <input_file_ref idref="fl-6b"/>
      </object_component>
      <object_component id="oc-21d">
         <name>.rtdx_text:_RTDX_Buffer_ReadCB</name>
         <load_address>0xa1a2</load_address>
         <run_address>0xa1a2</run_address>
         <size>0x4b</size>
         <input_file_ref idref="fl-6a"/>
      </object_component>
      <object_component id="oc-220">
         <name>.rtdx_text:_RTDX_Final_RT_Monitor</name>
         <load_address>0xa1ed</load_address>
         <run_address>0xa1ed</run_address>
         <size>0x3c</size>
         <input_file_ref idref="fl-6c"/>
      </object_component>
      <object_component id="oc-221">
         <name>.rtdx_text:_RTDX_Buffer_Size</name>
         <load_address>0xa229</load_address>
         <run_address>0xa229</run_address>
         <size>0x3b</size>
         <input_file_ref idref="fl-6b"/>
      </object_component>
      <object_component id="oc-218">
         <name>.rtdx_text:_RTDX_Mask_IER</name>
         <load_address>0xa264</load_address>
         <run_address>0xa264</run_address>
         <size>0x2a</size>
         <input_file_ref idref="fl-6d"/>
      </object_component>
      <object_component id="oc-214">
         <name>.rtdx_text:_RTDX_Buffer_Read</name>
         <load_address>0xa28e</load_address>
         <run_address>0xa28e</run_address>
         <size>0x22</size>
         <input_file_ref idref="fl-6a"/>
      </object_component>
      <object_component id="oc-21c">
         <name>.rtdx_text:_RTDX_Set_IER</name>
         <load_address>0xa2b0</load_address>
         <run_address>0xa2b0</run_address>
         <size>0x1e</size>
         <input_file_ref idref="fl-6d"/>
      </object_component>
      <object_component id="oc-215">
         <name>.rtdx_text:_RTDX_Buffer_Write</name>
         <load_address>0xa2ce</load_address>
         <run_address>0xa2ce</run_address>
         <size>0x1c</size>
         <input_file_ref idref="fl-6b"/>
      </object_component>
      <object_component id="oc-219">
         <name>.rtdx_text:_Allow_EmuAccess</name>
         <load_address>0xa2ea</load_address>
         <run_address>0xa2ea</run_address>
         <size>0x17</size>
         <input_file_ref idref="fl-6c"/>
      </object_component>
      <object_component id="oc-21a">
         <name>.rtdx_text:_Disallow_EmuAccess</name>
         <load_address>0xa301</load_address>
         <run_address>0xa301</run_address>
         <size>0x4</size>
         <input_file_ref idref="fl-6c"/>
      </object_component>
      <object_component id="oc-21f">
         <name>.rtdx_text:_Wait</name>
         <load_address>0xa305</load_address>
         <run_address>0xa305</run_address>
         <size>0x4</size>
         <input_file_ref idref="fl-6c"/>
      </object_component>
      <object_component id="oc-97">
         <name>.mbx</name>
         <uninitialized>true</uninitialized>
         <run_address>0xc3b4</run_address>
         <size>0x68</size>
         <input_file_ref idref="fl-9"/>
      </object_component>
      <object_component id="oc-84">
         <name>.sys</name>
         <uninitialized>true</uninitialized>
         <run_address>0xc4e8</run_address>
         <size>0x10</size>
         <input_file_ref idref="fl-9"/>
      </object_component>
      <object_component id="oc-81">
         <name>.cinit</name>
         <load_address>0x3da0</load_address>
         <run_address>0x3da0</run_address>
         <size>0x83a</size>
         <input_file_ref idref="fl-9"/>
      </object_component>
      <object_component id="oc-ae">
         <name>.cinit</name>
         <load_address>0x45da</load_address>
         <run_address>0x45da</run_address>
         <size>0x41a</size>
         <input_file_ref idref="fl-d"/>
      </object_component>
      <object_component id="oc-b4">
         <name>.cinit</name>
         <load_address>0x49f4</load_address>
         <run_address>0x49f4</run_address>
         <size>0x15e</size>
         <input_file_ref idref="fl-2d"/>
      </object_component>
      <object_component id="oc-15a">
         <name>.cinit</name>
         <load_address>0x4b52</load_address>
         <run_address>0x4b52</run_address>
         <size>0x140</size>
         <input_file_ref idref="fl-5a"/>
      </object_component>
      <object_component id="oc-177">
         <name>.cinit</name>
         <load_address>0x4c92</load_address>
         <run_address>0x4c92</run_address>
         <size>0xd2</size>
         <input_file_ref idref="fl-63"/>
      </object_component>
      <object_component id="oc-1aa">
         <name>.cinit</name>
         <load_address>0x4d64</load_address>
         <run_address>0x4d64</run_address>
         <size>0x62</size>
         <input_file_ref idref="fl-73"/>
      </object_component>
      <object_component id="oc-60">
         <name>.cinit</name>
         <load_address>0x4dc6</load_address>
         <run_address>0x4dc6</run_address>
         <size>0x60</size>
         <input_file_ref idref="fl-3"/>
      </object_component>
      <object_component id="oc-1c6">
         <name>.cinit</name>
         <load_address>0x4e26</load_address>
         <run_address>0x4e26</run_address>
         <size>0x5c</size>
         <input_file_ref idref="fl-79"/>
      </object_component>
      <object_component id="oc-13b">
         <name>.cinit</name>
         <load_address>0x4e82</load_address>
         <run_address>0x4e82</run_address>
         <size>0x4a</size>
         <input_file_ref idref="fl-4f"/>
      </object_component>
      <object_component id="oc-139">
         <name>.cinit</name>
         <load_address>0x4ecc</load_address>
         <run_address>0x4ecc</run_address>
         <size>0x46</size>
         <input_file_ref idref="fl-4e"/>
      </object_component>
      <object_component id="oc-112">
         <name>.cinit</name>
         <load_address>0x4f12</load_address>
         <run_address>0x4f12</run_address>
         <size>0x32</size>
         <input_file_ref idref="fl-44"/>
      </object_component>
      <object_component id="oc-18e">
         <name>.cinit</name>
         <load_address>0x4f44</load_address>
         <run_address>0x4f44</run_address>
         <size>0x2e</size>
         <input_file_ref idref="fl-6b"/>
      </object_component>
      <object_component id="oc-a2">
         <name>.cinit</name>
         <load_address>0x4f72</load_address>
         <run_address>0x4f72</run_address>
         <size>0x28</size>
         <input_file_ref idref="fl-b"/>
      </object_component>
      <object_component id="oc-d4">
         <name>.cinit</name>
         <load_address>0x4f9a</load_address>
         <run_address>0x4f9a</run_address>
         <size>0x1e</size>
         <input_file_ref idref="fl-36"/>
      </object_component>
      <object_component id="oc-163">
         <name>.cinit</name>
         <load_address>0x4fb8</load_address>
         <run_address>0x4fb8</run_address>
         <size>0x16</size>
         <input_file_ref idref="fl-5c"/>
      </object_component>
      <object_component id="oc-184">
         <name>.cinit</name>
         <load_address>0x4fce</load_address>
         <run_address>0x4fce</run_address>
         <size>0x14</size>
         <input_file_ref idref="fl-68"/>
      </object_component>
      <object_component id="oc-1b8">
         <name>.cinit</name>
         <load_address>0x4fe2</load_address>
         <run_address>0x4fe2</run_address>
         <size>0x14</size>
         <input_file_ref idref="fl-76"/>
      </object_component>
      <object_component id="oc-1e8">
         <name>.cinit</name>
         <load_address>0x4ff6</load_address>
         <run_address>0x4ff6</run_address>
         <size>0x14</size>
         <input_file_ref idref="fl-81"/>
      </object_component>
      <object_component id="oc-1fa">
         <name>.cinit</name>
         <load_address>0x500a</load_address>
         <run_address>0x500a</run_address>
         <size>0x14</size>
         <input_file_ref idref="fl-84"/>
      </object_component>
      <object_component id="oc-100">
         <name>.cinit</name>
         <load_address>0x501e</load_address>
         <run_address>0x501e</run_address>
         <size>0x12</size>
         <input_file_ref idref="fl-40"/>
      </object_component>
      <object_component id="oc-1ee">
         <name>.cinit</name>
         <load_address>0x5030</load_address>
         <run_address>0x5030</run_address>
         <size>0x10</size>
         <input_file_ref idref="fl-82"/>
      </object_component>
      <object_component id="oc-f6">
         <name>.cinit</name>
         <load_address>0x5040</load_address>
         <run_address>0x5040</run_address>
         <size>0xa</size>
         <input_file_ref idref="fl-3e"/>
      </object_component>
      <object_component id="oc-b8">
         <name>.cinit</name>
         <load_address>0x504a</load_address>
         <run_address>0x504a</run_address>
         <size>0xa</size>
         <input_file_ref idref="fl-2e"/>
      </object_component>
      <object_component id="oc-1f4">
         <name>.cinit</name>
         <load_address>0x5054</load_address>
         <run_address>0x5054</run_address>
         <size>0xa</size>
         <input_file_ref idref="fl-83"/>
      </object_component>
      <object_component id="oc-191">
         <name>.pinit</name>
         <load_address>0xc4f8</load_address>
         <run_address>0xc4f8</run_address>
         <size>0x4</size>
         <input_file_ref idref="fl-6b"/>
      </object_component>
      <object_component id="oc-194">
         <name>.pinit</name>
         <load_address>0xc4fc</load_address>
         <run_address>0xc4fc</run_address>
         <size>0x4</size>
         <input_file_ref idref="fl-6c"/>
      </object_component>
      <object_component id="oc-7f">
         <name>.gblinit</name>
         <load_address>0xc2d0</load_address>
         <run_address>0xc2d0</run_address>
         <size>0x72</size>
         <input_file_ref idref="fl-9"/>
      </object_component>
      <object_component id="oc-82">
         <name>.rtdx_data</name>
         <uninitialized>true</uninitialized>
         <run_address>0xb7bc</run_address>
         <size>0x204</size>
         <input_file_ref idref="fl-9"/>
      </object_component>
      <object_component id="oc-189">
         <name>.rtdx_data</name>
         <uninitialized>true</uninitialized>
         <run_address>0xba04</run_address>
         <size>0x8</size>
         <input_file_ref idref="fl-69"/>
      </object_component>
      <object_component id="oc-18f">
         <name>.rtdx_data</name>
         <uninitialized>true</uninitialized>
         <run_address>0xb9e4</run_address>
         <size>0x20</size>
         <input_file_ref idref="fl-6b"/>
      </object_component>
      <object_component id="oc-192">
         <name>.rtdx_data</name>
         <uninitialized>true</uninitialized>
         <run_address>0xb9c0</run_address>
         <size>0x24</size>
         <input_file_ref idref="fl-6c"/>
      </object_component>
      <object_component id="oc-8d">
         <name>.TSK_idle$stk</name>
         <uninitialized>true</uninitialized>
         <run_address>0x71c8</run_address>
         <size>0xa00</size>
         <input_file_ref idref="fl-9"/>
      </object_component>
      <object_component id="oc-8f">
         <name>.audioTSK$stk</name>
         <uninitialized>true</uninitialized>
         <run_address>0x7bc8</run_address>
         <size>0xa00</size>
         <input_file_ref idref="fl-9"/>
      </object_component>
      <object_component id="oc-90">
         <name>.buttonTSK$stk</name>
         <uninitialized>true</uninitialized>
         <run_address>0x85c8</run_address>
         <size>0xa00</size>
         <input_file_ref idref="fl-9"/>
      </object_component>
      <object_component id="oc-91">
         <name>.fftTSK$stk</name>
         <uninitialized>true</uninitialized>
         <run_address>0x8fc8</run_address>
         <size>0xa00</size>
         <input_file_ref idref="fl-9"/>
      </object_component>
      <object_component id="oc-20f">
         <name>.const:_myLPF</name>
         <load_address>0xba0c</load_address>
         <run_address>0xba0c</run_address>
         <size>0xa2</size>
         <input_file_ref idref="fl-3"/>
      </object_component>
      <object_component id="oc-1c8">
         <name>.const</name>
         <load_address>0xbab0</load_address>
         <run_address>0xbab0</run_address>
         <size>0x9e</size>
         <input_file_ref idref="fl-79"/>
      </object_component>
      <object_component id="oc-cb">
         <name>.const</name>
         <load_address>0xbb50</load_address>
         <run_address>0xbb50</run_address>
         <size>0x46</size>
         <input_file_ref idref="fl-34"/>
      </object_component>
      <object_component id="oc-cf">
         <name>.const</name>
         <load_address>0xbb98</load_address>
         <run_address>0xbb98</run_address>
         <size>0x44</size>
         <input_file_ref idref="fl-35"/>
      </object_component>
      <object_component id="oc-211">
         <name>.const:_$P$T0$1</name>
         <load_address>0xbbdc</load_address>
         <run_address>0xbbdc</run_address>
         <size>0x36</size>
         <input_file_ref idref="fl-8"/>
      </object_component>
      <object_component id="oc-210">
         <name>.const:_$P$T0$1</name>
         <load_address>0xbc12</load_address>
         <run_address>0xbc12</run_address>
         <size>0x14</size>
         <input_file_ref idref="fl-6"/>
      </object_component>
      <object_component id="oc-193">
         <name>.const</name>
         <load_address>0xbc28</load_address>
         <run_address>0xbc28</run_address>
         <size>0xc</size>
         <input_file_ref idref="fl-6c"/>
      </object_component>
      <object_component id="oc-190">
         <name>.const</name>
         <load_address>0xbc34</load_address>
         <run_address>0xbc34</run_address>
         <size>0x8</size>
         <input_file_ref idref="fl-6b"/>
      </object_component>
      <object_component id="oc-af">
         <name>.const</name>
         <load_address>0xbc3c</load_address>
         <run_address>0xbc3c</run_address>
         <size>0x4</size>
         <input_file_ref idref="fl-d"/>
      </object_component>
      <object_component id="oc-1ab">
         <name>.const</name>
         <load_address>0xbc40</load_address>
         <run_address>0xbc40</run_address>
         <size>0x2</size>
         <input_file_ref idref="fl-73"/>
      </object_component>
      <object_component id="oc-83">
         <name>.printf</name>
         <load_address>0xbc42</load_address>
         <run_address>0xbc42</run_address>
         <size>0x15e</size>
         <input_file_ref idref="fl-9"/>
      </object_component>
      <object_component id="oc-94">
         <name>.LOG_system$buf</name>
         <uninitialized>true</uninitialized>
         <run_address>0xa400</run_address>
         <size>0x400</size>
         <input_file_ref idref="fl-9"/>
      </object_component>
      <object_component id="oc-96">
         <name>.trace$buf</name>
         <uninitialized>true</uninitialized>
         <run_address>0xa800</run_address>
         <size>0x800</size>
         <input_file_ref idref="fl-9"/>
      </object_component>
      <object_component id="oc-86">
         <name>.hst1</name>
         <uninitialized>true</uninitialized>
         <run_address>0xc4d8</run_address>
         <size>0x10</size>
         <input_file_ref idref="fl-9"/>
      </object_component>
      <object_component id="oc-89">
         <name>.hst0</name>
         <uninitialized>true</uninitialized>
         <run_address>0xc250</run_address>
         <size>0x80</size>
         <input_file_ref idref="fl-9"/>
      </object_component>
      <object_component id="oc-e8">
         <name>.args</name>
         <load_address>0xc4c8</load_address>
         <run_address>0xc4c8</run_address>
         <size>0x0</size>
         <input_file_ref idref="fl-3b"/>
      </object_component>
      <object_component id="oc-37">
         <name>audioMBX$queElems</name>
         <uninitialized>true</uninitialized>
         <run_address>0xbde0</run_address>
         <size>0x0</size>
      </object_component>
      <object_component id="oc-3a">
         <name>_SYS_PUTCBEG</name>
         <load_address>0xb000</load_address>
         <run_address>0xb000</run_address>
         <size>0x0</size>
      </object_component>
      <object_component id="oc-3c">
         <name>_SYS_PUTCEND</name>
         <load_address>0xb400</load_address>
         <run_address>0xb400</run_address>
         <size>0x0</size>
      </object_component>
      <object_component id="oc-87">
         <name>.hst</name>
         <uninitialized>true</uninitialized>
         <run_address>0xc46c</run_address>
         <size>0x34</size>
         <input_file_ref idref="fl-9"/>
      </object_component>
      <object_component id="oc-95">
         <name>.log</name>
         <uninitialized>true</uninitialized>
         <run_address>0xa3d4</run_address>
         <size>0x28</size>
         <input_file_ref idref="fl-9"/>
      </object_component>
      <object_component id="oc-88">
         <name>.pip</name>
         <uninitialized>true</uninitialized>
         <run_address>0xa30c</run_address>
         <size>0xc8</size>
         <input_file_ref idref="fl-9"/>
      </object_component>
      <object_component id="oc-8c">
         <name>.sts</name>
         <uninitialized>true</uninitialized>
         <run_address>0xc344</run_address>
         <size>0x70</size>
         <input_file_ref idref="fl-9"/>
      </object_component>
      <object_component id="oc-43">
         <name>GBL_sysstackbeg</name>
         <uninitialized>true</uninitialized>
         <run_address>0x5dc8</run_address>
         <size>0x0</size>
      </object_component>
      <object_component id="oc-20e">
         <name>.sysstack</name>
         <uninitialized>true</uninitialized>
         <run_address>0x5dc8</run_address>
         <size>0x0</size>
         <input_file_ref idref="fl-3b"/>
      </object_component>
      <object_component id="oc-267">
         <name>.sysstack</name>
         <uninitialized>true</uninitialized>
         <run_address>0x5dc8</run_address>
         <size>0x0</size>
      </object_component>
      <object_component id="oc-46">
         <name>GBL_stackbeg</name>
         <uninitialized>true</uninitialized>
         <run_address>0x5fc8</run_address>
         <size>0x0</size>
      </object_component>
      <object_component id="oc-e7">
         <name>.stack</name>
         <uninitialized>true</uninitialized>
         <run_address>0x5fc8</run_address>
         <size>0x0</size>
         <input_file_ref idref="fl-3b"/>
      </object_component>
      <object_component id="oc-266">
         <name>.stack</name>
         <uninitialized>true</uninitialized>
         <run_address>0x5fc8</run_address>
         <size>0x0</size>
      </object_component>
      <object_component id="oc-8a">
         <name>.hwi_vec</name>
         <load_address>0xff00</load_address>
         <run_address>0xff00</run_address>
         <size>0x100</size>
         <input_file_ref idref="fl-9"/>
      </object_component>
      <object_component id="oc-59">
         <name>.debug_info</name>
         <load_address>0x0</load_address>
         <run_address>0x0</run_address>
         <size>0x1631</size>
         <input_file_ref idref="fl-2"/>
      </object_component>
      <object_component id="oc-5f">
         <name>.debug_info</name>
         <load_address>0x1631</load_address>
         <run_address>0x1631</run_address>
         <size>0x11f9</size>
         <input_file_ref idref="fl-3"/>
      </object_component>
      <object_component id="oc-65">
         <name>.debug_info</name>
         <load_address>0x282a</load_address>
         <run_address>0x282a</run_address>
         <size>0x7a5</size>
         <input_file_ref idref="fl-4"/>
      </object_component>
      <object_component id="oc-6b">
         <name>.debug_info</name>
         <load_address>0x2fcf</load_address>
         <run_address>0x2fcf</run_address>
         <size>0x1118</size>
         <input_file_ref idref="fl-5"/>
      </object_component>
      <object_component id="oc-70">
         <name>.debug_info</name>
         <load_address>0x40e7</load_address>
         <run_address>0x40e7</run_address>
         <size>0x9c2</size>
         <input_file_ref idref="fl-6"/>
      </object_component>
      <object_component id="oc-75">
         <name>.debug_info</name>
         <load_address>0x4aa9</load_address>
         <run_address>0x4aa9</run_address>
         <size>0xbe0</size>
         <input_file_ref idref="fl-7"/>
      </object_component>
      <object_component id="oc-7b">
         <name>.debug_info</name>
         <load_address>0x5689</load_address>
         <run_address>0x5689</run_address>
         <size>0x1093</size>
         <input_file_ref idref="fl-8"/>
      </object_component>
      <object_component id="oc-9a">
         <name>.debug_info</name>
         <load_address>0x671c</load_address>
         <run_address>0x671c</run_address>
         <size>0x1f4</size>
         <input_file_ref idref="fl-9"/>
      </object_component>
      <object_component id="oc-9d">
         <name>.debug_info</name>
         <load_address>0x6910</load_address>
         <run_address>0x6910</run_address>
         <size>0x482</size>
         <input_file_ref idref="fl-a"/>
      </object_component>
      <object_component id="oc-a1">
         <name>.debug_info</name>
         <load_address>0x6d92</load_address>
         <run_address>0x6d92</run_address>
         <size>0x7f8</size>
         <input_file_ref idref="fl-b"/>
      </object_component>
      <object_component id="oc-a7">
         <name>.debug_info</name>
         <load_address>0x758a</load_address>
         <run_address>0x758a</run_address>
         <size>0x7c5</size>
         <input_file_ref idref="fl-c"/>
      </object_component>
      <object_component id="oc-ad">
         <name>.debug_info</name>
         <load_address>0x7d4f</load_address>
         <run_address>0x7d4f</run_address>
         <size>0x576</size>
         <input_file_ref idref="fl-d"/>
      </object_component>
      <object_component id="oc-b6">
         <name>.debug_info</name>
         <load_address>0x82c5</load_address>
         <run_address>0x82c5</run_address>
         <size>0x80</size>
         <input_file_ref idref="fl-2d"/>
      </object_component>
      <object_component id="oc-ba">
         <name>.debug_info</name>
         <load_address>0x8345</load_address>
         <run_address>0x8345</run_address>
         <size>0x194</size>
         <input_file_ref idref="fl-2e"/>
      </object_component>
      <object_component id="oc-bd">
         <name>.debug_info</name>
         <load_address>0x84d9</load_address>
         <run_address>0x84d9</run_address>
         <size>0x34b</size>
         <input_file_ref idref="fl-2f"/>
      </object_component>
      <object_component id="oc-c0">
         <name>.debug_info</name>
         <load_address>0x8824</load_address>
         <run_address>0x8824</run_address>
         <size>0xc9</size>
         <input_file_ref idref="fl-30"/>
      </object_component>
      <object_component id="oc-c3">
         <name>.debug_info</name>
         <load_address>0x88ed</load_address>
         <run_address>0x88ed</run_address>
         <size>0xf8</size>
         <input_file_ref idref="fl-31"/>
      </object_component>
      <object_component id="oc-c6">
         <name>.debug_info</name>
         <load_address>0x89e5</load_address>
         <run_address>0x89e5</run_address>
         <size>0x3ec</size>
         <input_file_ref idref="fl-32"/>
      </object_component>
      <object_component id="oc-c9">
         <name>.debug_info</name>
         <load_address>0x8dd1</load_address>
         <run_address>0x8dd1</run_address>
         <size>0xd4</size>
         <input_file_ref idref="fl-33"/>
      </object_component>
      <object_component id="oc-cd">
         <name>.debug_info</name>
         <load_address>0x8ea5</load_address>
         <run_address>0x8ea5</run_address>
         <size>0x5ff</size>
         <input_file_ref idref="fl-34"/>
      </object_component>
      <object_component id="oc-d1">
         <name>.debug_info</name>
         <load_address>0x94a4</load_address>
         <run_address>0x94a4</run_address>
         <size>0x5f6</size>
[...]
      </symbol>
      <symbol id="sm-652">
         <name>_CSL_GpioData</name>
         <value>0xc624</value>
         <object_component_ref idref="oc-13a"/>
      </symbol>
      <symbol id="sm-658">
         <name>_CSL_SysData</name>
         <value>0xc5e0</value>
         <object_component_ref idref="oc-13c"/>
      </symbol>
      <symbol id="sm-662">
         <name>GBL_A_VERSION</name>
         <value>0x5205</value>
      </symbol>
      <symbol id="sm-663">
         <name>_GBL_getVersion</name>
         <value>0x2197</value>
         <object_component_ref idref="oc-13d"/>
      </symbol>
      <symbol id="sm-66d">
         <name>_HWI_restore</name>
         <value>0x2134</value>
         <object_component_ref idref="oc-141"/>
      </symbol>
      <symbol id="sm-66e">
         <name>_HWI_enable</name>
         <value>0x2130</value>
         <object_component_ref idref="oc-141"/>
      </symbol>
      <symbol id="sm-66f">
         <name>_HWI_disable</name>
         <value>0x2120</value>
         <object_component_ref idref="oc-141"/>
      </symbol>
      <symbol id="sm-677">
         <name>_I2C_read</name>
         <value>0x30e0</value>
         <object_component_ref idref="oc-145"/>
      </symbol>
      <symbol id="sm-681">
         <name>_I2C_write</name>
         <value>0x2f50</value>
         <object_component_ref idref="oc-146"/>
      </symbol>
      <symbol id="sm-68b">
         <name>_IDL_calibrate</name>
         <value>0x1f0f</value>
         <object_component_ref idref="oc-147"/>
      </symbol>
      <symbol id="sm-695">
         <name>_CLK_measure</name>
         <value>0x1f98</value>
         <object_component_ref idref="oc-14b"/>
      </symbol>
      <symbol id="sm-699">
         <name>_IRQ_globalDisable</name>
         <value>0x3d5c</value>
         <object_component_ref idref="oc-14f"/>
      </symbol>
      <symbol id="sm-69d">
         <name>_IRQ_globalRestore</name>
         <value>0x3d88</value>
         <object_component_ref idref="oc-150"/>
      </symbol>
      <symbol id="sm-6a7">
         <name>_KNL_exit</name>
         <value>0x1c7c</value>
         <object_component_ref idref="oc-151"/>
      </symbol>
      <symbol id="sm-6a8">
         <name>_KNL_enter</name>
         <value>0x1c3c</value>
         <object_component_ref idref="oc-151"/>
      </symbol>
      <symbol id="sm-6b2">
         <name>_KNL_max</name>
         <value>0x1aad</value>
         <object_component_ref idref="oc-155"/>
      </symbol>
      <symbol id="sm-6b3">
         <name>_KNL_check</name>
         <value>0x1a35</value>
         <object_component_ref idref="oc-155"/>
      </symbol>
      <symbol id="sm-6b4">
         <name>_KNL_idle</name>
         <value>0x1a90</value>
         <object_component_ref idref="oc-155"/>
      </symbol>
      <symbol id="sm-6c0">
         <name>_KNL_maxqueue</name>
         <value>0x5bfc</value>
         <object_component_ref idref="oc-159"/>
      </symbol>
      <symbol id="sm-6c1">
         <name>_KNL_inactive</name>
         <value>0x5bb0</value>
         <object_component_ref idref="oc-159"/>
      </symbol>
      <symbol id="sm-6c2">
         <name>_KNL_tswitchfxn</name>
         <value>0x5c00</value>
         <object_component_ref idref="oc-159"/>
      </symbol>
      <symbol id="sm-6c3">
         <name>_KNL_setpri</name>
         <value>0x5bac</value>
         <object_component_ref idref="oc-159"/>
      </symbol>
      <symbol id="sm-6c4">
         <name>_KNL_swiptr</name>
         <value>0x5bf4</value>
         <object_component_ref idref="oc-159"/>
      </symbol>
      <symbol id="sm-6c5">
         <name>_KNL_dummy</name>
         <value>0x5bb8</value>
         <object_component_ref idref="oc-159"/>
      </symbol>
      <symbol id="sm-6c6">
         <name>_KNL_curtask</name>
         <value>0x5be8</value>
         <object_component_ref idref="oc-159"/>
      </symbol>
      <symbol id="sm-6c7">
         <name>_KNL_curqueue</name>
         <value>0x5bf8</value>
         <object_component_ref idref="oc-159"/>
      </symbol>
      <symbol id="sm-6c8">
         <name>_KNL_wList</name>
         <value>0x5ba4</value>
         <object_component_ref idref="oc-159"/>
      </symbol>
      <symbol id="sm-6c9">
         <name>_KNL_curtime</name>
         <value>0x5bf0</value>
         <object_component_ref idref="oc-159"/>
      </symbol>
      <symbol id="sm-6ca">
         <name>_KNL_set</name>
         <value>0x5b02</value>
         <object_component_ref idref="oc-159"/>
      </symbol>
      <symbol id="sm-6cb">
         <name>_KNL_alarm</name>
         <value>0x5ba8</value>
         <object_component_ref idref="oc-159"/>
      </symbol>
      <symbol id="sm-6cc">
         <name>_KNL_prevtask</name>
         <value>0x5bec</value>
         <object_component_ref idref="oc-159"/>
      </symbol>
      <symbol id="sm-6cd">
         <name>_KNL_queues</name>
         <value>0x5b04</value>
         <object_component_ref idref="oc-159"/>
      </symbol>
      <symbol id="sm-6ce">
         <name>_KNL_idlefxn</name>
         <value>0x5c10</value>
         <object_component_ref idref="oc-159"/>
      </symbol>
      <symbol id="sm-6cf">
         <name>_KNL_priority</name>
         <value>0x5bb4</value>
         <object_component_ref idref="oc-159"/>
      </symbol>
      <symbol id="sm-6d0">
         <name>_KNL_treadyfxn</name>
         <value>0x5c0c</value>
         <object_component_ref idref="oc-159"/>
      </symbol>
      <symbol id="sm-6d1">
         <name>_KNL_tcreatefxn</name>
         <value>0x5c04</value>
         <object_component_ref idref="oc-159"/>
      </symbol>
      <symbol id="sm-6d2">
         <name>_KNL_wFlag</name>
         <value>0x5b00</value>
         <object_component_ref idref="oc-159"/>
      </symbol>
      <symbol id="sm-6d3">
         <name>_KNL_tdeletefxn</name>
         <value>0x5c08</value>
         <object_component_ref idref="oc-159"/>
      </symbol>
      <symbol id="sm-6dd">
         <name>_KNL_run</name>
         <value>0xeac</value>
         <object_component_ref idref="oc-15e"/>
      </symbol>
      <symbol id="sm-6eb">
         <name>_KNL_tick</name>
         <value>0x1168</value>
         <object_component_ref idref="oc-164"/>
      </symbol>
      <symbol id="sm-6f5">
         <name>_KNL_post</name>
         <value>0x2010</value>
         <object_component_ref idref="oc-168"/>
      </symbol>
      <symbol id="sm-6ff">
         <name>_KNL_ipost</name>
         <value>0x1c9c</value>
         <object_component_ref idref="oc-16c"/>
      </symbol>
      <symbol id="sm-709">
         <name>_MBX_pend</name>
         <value>0x14d0</value>
         <object_component_ref idref="oc-170"/>
      </symbol>
      <symbol id="sm-70a">
         <name>_MBX_post</name>
         <value>0x1558</value>
         <object_component_ref idref="oc-170"/>
      </symbol>
      <symbol id="sm-70e">
         <name>_MCBSP_close</name>
         <value>0x3d00</value>
         <object_component_ref idref="oc-174"/>
      </symbol>
      <symbol id="sm-712">
         <name>_MCBSP_config</name>
         <value>0x34d8</value>
         <object_component_ref idref="oc-175"/>
      </symbol>
      <symbol id="sm-717">
         <name>_MCBSP_open</name>
         <value>0x3608</value>
         <object_component_ref idref="oc-176"/>
      </symbol>
      <symbol id="sm-71d">
         <name>_CSL_McbspData</name>
         <value>0xc514</value>
         <object_component_ref idref="oc-178"/>
      </symbol>
      <symbol id="sm-721">
         <name>_MCBSP_reset</name>
         <value>0x2aac</value>
         <object_component_ref idref="oc-179"/>
      </symbol>
      <symbol id="sm-725">
         <name>_MCBSP_start</name>
         <value>0x3834</value>
         <object_component_ref idref="oc-17a"/>
      </symbol>
      <symbol id="sm-72f">
         <name>_MEM</name>
         <value>0x5dbc</value>
         <object_component_ref idref="oc-17b"/>
      </symbol>
      <symbol id="sm-739">
         <name>_MEM_init</name>
         <value>0xb540</value>
         <object_component_ref idref="oc-17f"/>
      </symbol>
      <symbol id="sm-747">
         <name>_OBJ_table</name>
         <value>0x5cc4</value>
         <object_component_ref idref="oc-183"/>
      </symbol>
      <symbol id="sm-748">
         <name>_OBJ_init</name>
         <value>0xb7b8</value>
         <object_component_ref idref="oc-185"/>
      </symbol>
      <symbol id="sm-749">
         <name>_OBJ_segtab</name>
         <value>0x5cfc</value>
         <object_component_ref idref="oc-183"/>
      </symbol>
      <symbol id="sm-753">
         <name>_RTDX_Buffer_Start</name>
         <value>0xba04</value>
         <object_component_ref idref="oc-189"/>
      </symbol>
      <symbol id="sm-754">
         <name>_RTDX_Buffer_End</name>
         <value>0xba08</value>
         <object_component_ref idref="oc-189"/>
      </symbol>
      <symbol id="sm-75a">
         <name>_RTDX_Buffer_ReadCB</name>
         <value>0xa1a2</value>
         <object_component_ref idref="oc-21d"/>
      </symbol>
      <symbol id="sm-75b">
         <name>_RTDX_Buffer_Read</name>
         <value>0xa28e</value>
         <object_component_ref idref="oc-214"/>
      </symbol>
      <symbol id="sm-773">
         <name>_rtdx_buffer_state</name>
         <value>0xb9e4</value>
         <object_component_ref idref="oc-18f"/>
      </symbol>
      <symbol id="sm-774">
         <name>_RTDX_Buffer_WriteCB</name>
         <value>0x9ba3</value>
         <object_component_ref idref="oc-21e"/>
      </symbol>
      <symbol id="sm-775">
         <name>_rtdxNullChanCnt</name>
         <value>0x5d90</value>
         <object_component_ref idref="oc-18d"/>
      </symbol>
      <symbol id="sm-776">
         <name>_RTDX_writing</name>
         <value>0xb9f0</value>
         <object_component_ref idref="oc-18f"/>
      </symbol>
      <symbol id="sm-777">
         <name>_RTDX_Buffer_Initialize</name>
         <value>0xa14f</value>
         <object_component_ref idref="oc-216"/>
      </symbol>
      <symbol id="sm-778">
         <name>_RTDX_Buffer_Write</name>
         <value>0xa2ce</value>
         <object_component_ref idref="oc-215"/>
      </symbol>
      <symbol id="sm-779">
         <name>_rtdxNullFuncCnt</name>
         <value>0x5d92</value>
         <object_component_ref idref="oc-18d"/>
      </symbol>
      <symbol id="sm-77a">
         <name>_RTDX_Buffer_Size</name>
         <value>0xa229</value>
         <object_component_ref idref="oc-221"/>
      </symbol>
      <symbol id="sm-794">
         <name>_RTDX_LMM</name>
         <value>0x1</value>
      </symbol>
      <symbol id="sm-795">
         <name>_RTDX_Mon_Queue</name>
         <value>0xa062</value>
         <object_component_ref idref="oc-224"/>
      </symbol>
      <symbol id="sm-796">
         <name>_rtdx_mon_state</name>
         <value>0xb9c0</value>
         <object_component_ref idref="oc-192"/>
      </symbol>
      <symbol id="sm-797">
         <name>_RTDX_JTAGONLY</name>
         <value>0x3</value>
      </symbol>
      <symbol id="sm-798">
         <name>_RTDX_Final_RT_Monitor</name>
         <value>0xa1ed</value>
         <object_component_ref idref="oc-220"/>
      </symbol>
      <symbol id="sm-799">
         <name>_RTDX_Poll</name>
         <value>0x9e2e</value>
         <object_component_ref idref="oc-212"/>
      </symbol>
      <symbol id="sm-79a">
         <name>_RTDX_H2TPoll</name>
         <value>0xa0ea</value>
         <object_component_ref idref="oc-213"/>
      </symbol>
      <symbol id="sm-79b">
         <name>_RTDX_Init_RT_Monitor</name>
         <value>0x9d1f</value>
         <object_component_ref idref="oc-217"/>
      </symbol>
      <symbol id="sm-7a1">
         <name>_RTDX_Set_IER</name>
         <value>0xa2b0</value>
         <object_component_ref idref="oc-21c"/>
      </symbol>
      <symbol id="sm-7a2">
         <name>_RTDX_Mask_IER</name>
         <value>0xa264</value>
         <object_component_ref idref="oc-218"/>
      </symbol>
      <symbol id="sm-7ac">
         <name>_SEM_pend</name>
         <value>0x1da1</value>
         <object_component_ref idref="oc-195"/>
      </symbol>
      <symbol id="sm-7b6">
         <name>_SEM_pendEnterKnl</name>
         <value>0xb98</value>
         <object_component_ref idref="oc-199"/>
      </symbol>
      <symbol id="sm-7c0">
         <name>_SEM_postBinary</name>
         <value>0x1b4f</value>
         <object_component_ref idref="oc-19d"/>
      </symbol>
      <symbol id="sm-7c1">
         <name>_SEM_post</name>
         <value>0x1b4f</value>
         <object_component_ref idref="oc-19d"/>
      </symbol>
      <symbol id="sm-7cb">
         <name>_SEM_postEnterKnl</name>
         <value>0x1df0</value>
         <object_component_ref idref="oc-1a1"/>
      </symbol>
      <symbol id="sm-7d5">
         <name>_STS_set</name>
         <value>0x2190</value>
         <object_component_ref idref="oc-1a5"/>
      </symbol>
      <symbol id="sm-7e3">
         <name>_TSK_nTasks</name>
         <value>0x5c14</value>
         <object_component_ref idref="oc-1a9"/>
      </symbol>
      <symbol id="sm-7e4">
         <name>_TSK_config</name>
         <value>0x5c34</value>
         <object_component_ref idref="oc-1a9"/>
      </symbol>
      <symbol id="sm-7e5">
         <name>_TSK</name>
         <value>0x5c50</value>
         <object_component_ref idref="oc-1a9"/>
      </symbol>
      <symbol id="sm-7e6">
         <name>_TSK_timerSem</name>
         <value>0x5c54</value>
         <object_component_ref idref="oc-1a9"/>
      </symbol>
      <symbol id="sm-7e7">
         <name>_TSK_pid</name>
         <value>0x5c16</value>
         <object_component_ref idref="oc-1a9"/>
      </symbol>
      <symbol id="sm-7e8">
         <name>_TSK_ATTRS</name>
         <value>0x5c18</value>
         <object_component_ref idref="oc-1a9"/>
      </symbol>
      <symbol id="sm-7f2">
         <name>_TSK_exit</name>
         <value>0x16e4</value>
         <object_component_ref idref="oc-1af"/>
      </symbol>
      <symbol id="sm-7fc">
         <name>_SYS_exit</name>
         <value>0x1e80</value>
         <object_component_ref idref="oc-1b3"/>
      </symbol>
      <symbol id="sm-808">
         <name>_SYS_exitStack</name>
         <value>0x5d0c</value>
         <object_component_ref idref="oc-1b7"/>
      </symbol>
      <symbol id="sm-809">
         <name>_SYS_exitStackPtr</name>
         <value>0x5d2c</value>
         <object_component_ref idref="oc-1b7"/>
      </symbol>
      <symbol id="sm-80a">
         <name>_SYS_exitStackTop</name>
         <value>0x5d30</value>
         <object_component_ref idref="oc-1b7"/>
      </symbol>
      <symbol id="sm-814">
         <name>_TSK_init</name>
         <value>0xb654</value>
         <object_component_ref idref="oc-1bc"/>
      </symbol>
      <symbol id="sm-81e">
         <name>_TSK_setup</name>
         <value>0x17dc</value>
         <object_component_ref idref="oc-1c0"/>
      </symbol>
      <symbol id="sm-830">
         <name>__MEM_mutex</name>
         <value>0x5c9c</value>
         <object_component_ref idref="oc-1c5"/>
      </symbol>
      <symbol id="sm-831">
         <name>_TSK_startup</name>
         <value>0x1930</value>
         <object_component_ref idref="oc-1c7"/>
      </symbol>
      <symbol id="sm-832">
         <name>__TSK_mutex</name>
         <value>0x5c74</value>
         <object_component_ref idref="oc-1c5"/>
      </symbol>
      <symbol id="sm-83c">
         <name>_LCK_pend</name>
         <value>0x1d18</value>
         <object_component_ref idref="oc-1cc"/>
      </symbol>
      <symbol id="sm-83d">
         <name>_LCK_post</name>
         <value>0x1cf8</value>
         <object_component_ref idref="oc-1cc"/>
      </symbol>
      <symbol id="sm-847">
         <name>_SYS_abort</name>
         <value>0x2154</value>
         <object_component_ref idref="oc-1d0"/>
      </symbol>
      <symbol id="sm-84b">
         <name>__CSL_init</name>
         <value>0x3d6c</value>
         <object_component_ref idref="oc-1d4"/>
      </symbol>
      <symbol id="sm-855">
         <name>__SEM_dopost</name>
         <value>0x15e0</value>
         <object_component_ref idref="oc-1d5"/>
      </symbol>
      <symbol id="sm-85f">
         <name>__fixdli</name>
         <value>0x3a84</value>
         <object_component_ref idref="oc-1d9"/>
      </symbol>
      <symbol id="sm-869">
         <name>__mpyd</name>
         <value>0x338b</value>
         <object_component_ref idref="oc-1dd"/>
      </symbol>
      <symbol id="sm-873">
         <name>__frcmpyd</name>
         <value>0x38b6</value>
         <object_component_ref idref="oc-1e1"/>
      </symbol>
      <symbol id="sm-881">
         <name>__unlock</name>
         <value>0x5dac</value>
         <object_component_ref idref="oc-1e6"/>
      </symbol>
      <symbol id="sm-882">
         <name>__lock</name>
         <value>0x5da8</value>
         <object_component_ref idref="oc-1e6"/>
      </symbol>
      <symbol id="sm-883">
         <name>__register_lock</name>
         <value>0x3d3e</value>
         <object_component_ref idref="oc-1e5"/>
      </symbol>
      <symbol id="sm-884">
         <name>__nop</name>
         <value>0x3d46</value>
         <object_component_ref idref="oc-1e5"/>
      </symbol>
      <symbol id="sm-885">
         <name>__register_unlock</name>
         <value>0x3d36</value>
         <object_component_ref idref="oc-1e5"/>
      </symbol>
      <symbol id="sm-893">
         <name>_atexit</name>
         <value>0x3a15</value>
         <object_component_ref idref="oc-1eb"/>
      </symbol>
      <symbol id="sm-894">
         <name>___atexit_func_id__</name>
         <value>0x597c</value>
         <object_component_ref idref="oc-1ec"/>
      </symbol>
      <symbol id="sm-8a2">
         <name>_dtors</name>
         <value>0x5dc4</value>
         <object_component_ref idref="oc-1f2"/>
      </symbol>
      <symbol id="sm-8a3">
         <name>_call_dtors</name>
         <value>0x392c</value>
         <object_component_ref idref="oc-1f1"/>
      </symbol>
      <symbol id="sm-8a4">
         <name>___add_dtor</name>
         <value>0x3982</value>
         <object_component_ref idref="oc-1f1"/>
      </symbol>
      <symbol id="sm-8b4">
         <name>C$$EXIT</name>
         <value>0x3d95</value>
         <object_component_ref idref="oc-1fb"/>
      </symbol>
      <symbol id="sm-8b5">
         <name>_exit</name>
         <value>0x3c4e</value>
         <object_component_ref idref="oc-1f7"/>
      </symbol>
      <symbol id="sm-8b6">
         <name>_abort</name>
         <value>0x3d94</value>
         <object_component_ref idref="oc-1fb"/>
      </symbol>
      <symbol id="sm-8b7">
         <name>__cleanup_ptr</name>
         <value>0x5db0</value>
         <object_component_ref idref="oc-1f8"/>
      </symbol>
      <symbol id="sm-8b8">
         <name>__dtors_ptr</name>
         <value>0x5db4</value>
         <object_component_ref idref="oc-1f8"/>
      </symbol>
      <symbol id="sm-8c2">
         <name>_auto_init</name>
         <value>0xb6d8</value>
         <object_component_ref idref="oc-1fe"/>
      </symbol>
      <symbol id="sm-8ca">
         <name>_memcpy</name>
         <value>0x3c0f</value>
         <object_component_ref idref="oc-202"/>
      </symbol>
      <symbol id="sm-8d4">
         <name>_memset</name>
         <value>0x3d48</value>
         <object_component_ref idref="oc-206"/>
      </symbol>
      <symbol id="sm-8de">
         <name>iRTA_F_or</name>
         <value>0x1f82</value>
         <object_component_ref idref="oc-20a"/>
      </symbol>
      <symbol id="sm-8df">
         <name>RTA_F_or</name>
         <value>0x1f6b</value>
         <object_component_ref idref="oc-20a"/>
      </symbol>
      <symbol id="sm-8e0">
         <name>RTA_F_andn</name>
         <value>0x1f55</value>
         <object_component_ref idref="oc-20a"/>
      </symbol>
   </symbol_table>
</link_info>
